05:49:22 **** Clean-only build of configuration Debug for project SuperStar1 ****
rm -rf Drivers/STM32L0xx_HAL_Driver/Src/stm32l0xx_hal_tim.d startup/startup_stm32l010x6.o Drivers/STM32L0xx_HAL_Driver/Src/stm32l0xx_hal_tim_ex.d Drivers/STM32L0xx_HAL_Driver/Src/stm32l0xx_hal_tim.o Drivers/STM32L0xx_HAL_Driver/Src/stm32l0xx_hal_pwr.d Drivers/STM32L0xx_HAL_Driver/Src/stm32l0xx_hal_gpio.o Drivers/STM32L0xx_HAL_Driver/Src/stm32l0xx_hal_rcc_ex.o Drivers/STM32L0xx_HAL_Driver/Src/stm32l0xx_hal_rcc_ex.d Drivers/STM32L0xx_HAL_Driver/Src/stm32l0xx_hal_gpio.d Drivers/STM32L0xx_HAL_Driver/Src/stm32l0xx_hal_i2c.o Src/syscalls.d Src/adc.d Src/syscalls.o Src/gpio.o Src/system_stm32l0xx.d Drivers/STM32L0xx_HAL_Driver/Src/stm32l0xx_hal_pwr.o Drivers/STM32L0xx_HAL_Driver/Src/stm32l0xx_hal_flash.o Src/system_stm32l0xx.o Src/adc.o Drivers/STM32L0xx_HAL_Driver/Src/stm32l0xx_hal_i2c.d Drivers/STM32L0xx_HAL_Driver/Src/stm32l0xx_hal_flash.d Drivers/STM32L0xx_HAL_Driver/Src/stm32l0xx_hal_adc.o Drivers/STM32L0xx_HAL_Driver/Src/stm32l0xx_hal.d Drivers/STM32L0xx_HAL_Driver/Src/stm32l0xx_hal_adc.d Drivers/STM32L0xx_HAL_Driver/Src/stm32l0xx_hal.o Drivers/STM32L0xx_HAL_Driver/Src/stm32l0xx_hal_tim_ex.o Drivers/STM32L0xx_HAL_Driver/Src/stm32l0xx_hal_i2c_ex.o Drivers/STM32L0xx_HAL_Driver/Src/stm32l0xx_hal_i2c_ex.d SuperStar1 Src/stm32l0xx_it.o Src/stm32l0xx_it.d SuperStar1.elf Drivers/STM32L0xx_HAL_Driver/Src/stm32l0xx_hal_flash_ramfunc.d Drivers/STM32L0xx_HAL_Driver/Src/stm32l0xx_hal_pwr_ex.d Drivers/STM32L0xx_HAL_Driver/Src/stm32l0xx_hal_rcc.o Drivers/STM32L0xx_HAL_Driver/Src/stm32l0xx_hal_adc_ex.o Drivers/STM32L0xx_HAL_Driver/Src/stm32l0xx_hal_rcc.d Drivers/STM32L0xx_HAL_Driver/Src/stm32l0xx_hal_flash_ramfunc.o Src/gpio.d Drivers/STM32L0xx_HAL_Driver/Src/stm32l0xx_hal_pwr_ex.o Drivers/STM32L0xx_HAL_Driver/Src/stm32l0xx_hal_dma.d Src/stm32l0xx_hal_msp.o Src/main.d Src/main.o Drivers/STM32L0xx_HAL_Driver/Src/stm32l0xx_hal_dma.o Drivers/STM32L0xx_HAL_Driver/Src/stm32l0xx_hal_adc_ex.d Drivers/STM32L0xx_HAL_Driver/Src/stm32l0xx_hal_cortex.o Src/stm32l0xx_hal_msp.d Drivers/STM32L0xx_HAL_Driver/Src/stm32l0xx_hal_flash_ex.d Drivers/STM32L0xx_HAL_Driver/Src/stm32l0xx_hal_cortex.d Drivers/STM32L0xx_HAL_Driver/Src/stm32l0xx_hal_flash_ex.o 
05:50:10 **** Clean-only build of configuration Debug for project SuperStar1 ****
rm -rf Drivers/STM32L0xx_HAL_Driver/Src/stm32l0xx_hal_tim.d startup/startup_stm32l010x6.o Drivers/STM32L0xx_HAL_Driver/Src/stm32l0xx_hal_tim_ex.d Drivers/STM32L0xx_HAL_Driver/Src/stm32l0xx_hal_tim.o Drivers/STM32L0xx_HAL_Driver/Src/stm32l0xx_hal_pwr.d Drivers/STM32L0xx_HAL_Driver/Src/stm32l0xx_hal_gpio.o Drivers/STM32L0xx_HAL_Driver/Src/stm32l0xx_hal_rcc_ex.o Drivers/STM32L0xx_HAL_Driver/Src/stm32l0xx_hal_rcc_ex.d Drivers/STM32L0xx_HAL_Driver/Src/stm32l0xx_hal_gpio.d Drivers/STM32L0xx_HAL_Driver/Src/stm32l0xx_hal_i2c.o Src/syscalls.d Src/adc.d Src/syscalls.o Src/gpio.o Src/system_stm32l0xx.d Drivers/STM32L0xx_HAL_Driver/Src/stm32l0xx_hal_pwr.o Drivers/STM32L0xx_HAL_Driver/Src/stm32l0xx_hal_flash.o Src/system_stm32l0xx.o Src/adc.o Drivers/STM32L0xx_HAL_Driver/Src/stm32l0xx_hal_i2c.d Drivers/STM32L0xx_HAL_Driver/Src/stm32l0xx_hal_flash.d Drivers/STM32L0xx_HAL_Driver/Src/stm32l0xx_hal_adc.o Drivers/STM32L0xx_HAL_Driver/Src/stm32l0xx_hal.d Drivers/STM32L0xx_HAL_Driver/Src/stm32l0xx_hal_adc.d Drivers/STM32L0xx_HAL_Driver/Src/stm32l0xx_hal.o Drivers/STM32L0xx_HAL_Driver/Src/stm32l0xx_hal_tim_ex.o Drivers/STM32L0xx_HAL_Driver/Src/stm32l0xx_hal_i2c_ex.o Drivers/STM32L0xx_HAL_Driver/Src/stm32l0xx_hal_i2c_ex.d SuperStar1 Src/stm32l0xx_it.o Src/stm32l0xx_it.d SuperStar1.elf Drivers/STM32L0xx_HAL_Driver/Src/stm32l0xx_hal_flash_ramfunc.d Drivers/STM32L0xx_HAL_Driver/Src/stm32l0xx_hal_pwr_ex.d Drivers/STM32L0xx_HAL_Driver/Src/stm32l0xx_hal_rcc.o Drivers/STM32L0xx_HAL_Driver/Src/stm32l0xx_hal_adc_ex.o Drivers/STM32L0xx_HAL_Driver/Src/stm32l0xx_hal_rcc.d Drivers/STM32L0xx_HAL_Driver/Src/stm32l0xx_hal_flash_ramfunc.o Src/gpio.d Drivers/STM32L0xx_HAL_Driver/Src/stm32l0xx_hal_pwr_ex.o Drivers/STM32L0xx_HAL_Driver/Src/stm32l0xx_hal_dma.d Src/stm32l0xx_hal_msp.o Src/main.d Src/main.o Drivers/STM32L0xx_HAL_Driver/Src/stm32l0xx_hal_dma.o Drivers/STM32L0xx_HAL_Driver/Src/stm32l0xx_hal_adc_ex.d Drivers/STM32L0xx_HAL_Driver/Src/stm32l0xx_hal_cortex.o Src/stm32l0xx_hal_msp.d Drivers/STM32L0xx_HAL_Driver/Src/stm32l0xx_hal_flash_ex.d Drivers/STM32L0xx_HAL_Driver/Src/stm32l0xx_hal_cortex.d Drivers/STM32L0xx_HAL_Driver/Src/stm32l0xx_hal_flash_ex.o 
05:50:37 **** Rebuild of configuration Debug for project SuperStar1 ****
Info: Internal Builder is used for build
arm-atollic-eabi-gcc -c -mthumb -std=gnu11 -DUSE_HAL_DRIVER -DSTM32L010x6 -I../Inc -I../TrinksInc -I../Drivers/STM32L0xx_HAL_Driver/Inc -I../Drivers/STM32L0xx_HAL_Driver/Inc/Legacy -I../Drivers/CMSIS/Device/ST/STM32L0xx/Include -I../Drivers/CMSIS/Include -Os -ffunction-sections -fdata-sections -g -fstack-usage -Wall -specs=nano.specs -o Drivers\STM32L0xx_HAL_Driver\Src\stm32l0xx_hal_gpio.o ..\Drivers\STM32L0xx_HAL_Driver\Src\stm32l0xx_hal_gpio.c 
arm-atollic-eabi-gcc -c -mthumb -std=gnu11 -DUSE_HAL_DRIVER -DSTM32L010x6 -I../Inc -I../TrinksInc -I../Drivers/STM32L0xx_HAL_Driver/Inc -I../Drivers/STM32L0xx_HAL_Driver/Inc/Legacy -I../Drivers/CMSIS/Device/ST/STM32L0xx/Include -I../Drivers/CMSIS/Include -Os -ffunction-sections -fdata-sections -g -fstack-usage -Wall -specs=nano.specs -o Drivers\STM32L0xx_HAL_Driver\Src\stm32l0xx_hal_pwr_ex.o ..\Drivers\STM32L0xx_HAL_Driver\Src\stm32l0xx_hal_pwr_ex.c 
arm-atollic-eabi-gcc -c -mthumb -std=gnu11 -DUSE_HAL_DRIVER -DSTM32L010x6 -I../Inc -I../TrinksInc -I../Drivers/STM32L0xx_HAL_Driver/Inc -I../Drivers/STM32L0xx_HAL_Driver/Inc/Legacy -I../Drivers/CMSIS/Device/ST/STM32L0xx/Include -I../Drivers/CMSIS/Include -Os -ffunction-sections -fdata-sections -g -fstack-usage -Wall -specs=nano.specs -o Drivers\STM32L0xx_HAL_Driver\Src\stm32l0xx_hal_pwr.o ..\Drivers\STM32L0xx_HAL_Driver\Src\stm32l0xx_hal_pwr.c 
C:\Users\IMRHAB~1\AppData\Local\Temp\ccqzxDN0.s: Assembler messages:
C:\Users\IMRHAB~1\AppData\Local\Temp\ccqzxDN0.s:238: Error: selected processor does not support `wfi' in Thumb mode
C:\Users\IMRHAB~1\AppData\Local\Temp\ccqzxDN0.s:267: Error: selected processor does not support `sev' in Thumb mode
C:\Users\IMRHAB~1\AppData\Local\Temp\ccqzxDN0.s:278: Error: selected processor does not support `wfe' in Thumb mode
C:\Users\IMRHAB~1\AppData\Local\Temp\ccqzxDN0.s:288: Error: selected processor does not support `wfe' in Thumb mode
C:\Users\IMRHAB~1\AppData\Local\Temp\ccqzxDN0.s:353: Error: selected processor does not support `wfi' in Thumb mode
C:\Users\IMRHAB~1\AppData\Local\Temp\ccqzxDN0.s:378: Error: selected processor does not support `sev' in Thumb mode
C:\Users\IMRHAB~1\AppData\Local\Temp\ccqzxDN0.s:389: Error: selected processor does not support `wfe' in Thumb mode
C:\Users\IMRHAB~1\AppData\Local\Temp\ccqzxDN0.s:399: Error: selected processor does not support `wfe' in Thumb mode
C:\Users\IMRHAB~1\AppData\Local\Temp\ccqzxDN0.s:447: Error: selected processor does not support `wfi' in Thumb mode
06:15:11 **** Rebuild of configuration Debug for project SuperStar1 ****
Info: Internal Builder is used for build
arm-atollic-eabi-gcc -c -mthumb -mcpu=cortex-m0plus -std=gnu11 -DUSE_HAL_DRIVER -DSTM32L010x6 -I../Inc -I../TrinksInc -I../Drivers/STM32L0xx_HAL_Driver/Inc -I../Drivers/STM32L0xx_HAL_Driver/Inc/Legacy -I../Drivers/CMSIS/Device/ST/STM32L0xx/Include -I../Drivers/CMSIS/Include -Os -ffunction-sections -fdata-sections -g -fstack-usage -Wall -specs=nano.specs -o Src\adc.o ..\Src\adc.c 
arm-atollic-eabi-gcc -c -mthumb -mcpu=cortex-m0plus -g -Wa,--no-warn -x assembler-with-cpp -specs=nano.specs -o startup\startup_stm32l010x6.o ..\startup\startup_stm32l010x6.s 
arm-atollic-eabi-gcc -c -mthumb -mcpu=cortex-m0plus -std=gnu11 -DUSE_HAL_DRIVER -DSTM32L010x6 -I../Inc -I../TrinksInc -I../Drivers/STM32L0xx_HAL_Driver/Inc -I../Drivers/STM32L0xx_HAL_Driver/Inc/Legacy -I../Drivers/CMSIS/Device/ST/STM32L0xx/Include -I../Drivers/CMSIS/Include -Os -ffunction-sections -fdata-sections -g -fstack-usage -Wall -specs=nano.specs -o Drivers\STM32L0xx_HAL_Driver\Src\stm32l0xx_hal_adc_ex.o ..\Drivers\STM32L0xx_HAL_Driver\Src\stm32l0xx_hal_adc_ex.c 
arm-atollic-eabi-gcc -c -mthumb -mcpu=cortex-m0plus -std=gnu11 -DUSE_HAL_DRIVER -DSTM32L010x6 -I../Inc -I../TrinksInc -I../Drivers/STM32L0xx_HAL_Driver/Inc -I../Drivers/STM32L0xx_HAL_Driver/Inc/Legacy -I../Drivers/CMSIS/Device/ST/STM32L0xx/Include -I../Drivers/CMSIS/Include -Os -ffunction-sections -fdata-sections -g -fstack-usage -Wall -specs=nano.specs -o Drivers\STM32L0xx_HAL_Driver\Src\stm32l0xx_hal_adc.o ..\Drivers\STM32L0xx_HAL_Driver\Src\stm32l0xx_hal_adc.c 
arm-atollic-eabi-gcc -c -mthumb -mcpu=cortex-m0plus -std=gnu11 -DUSE_HAL_DRIVER -DSTM32L010x6 -I../Inc -I../TrinksInc -I../Drivers/STM32L0xx_HAL_Driver/Inc -I../Drivers/STM32L0xx_HAL_Driver/Inc/Legacy -I../Drivers/CMSIS/Device/ST/STM32L0xx/Include -I../Drivers/CMSIS/Include -Os -ffunction-sections -fdata-sections -g -fstack-usage -Wall -specs=nano.specs -o Src\main.o ..\Src\main.c 
arm-atollic-eabi-gcc -c -mthumb -mcpu=cortex-m0plus -std=gnu11 -DUSE_HAL_DRIVER -DSTM32L010x6 -I../Inc -I../TrinksInc -I../Drivers/STM32L0xx_HAL_Driver/Inc -I../Drivers/STM32L0xx_HAL_Driver/Inc/Legacy -I../Drivers/CMSIS/Device/ST/STM32L0xx/Include -I../Drivers/CMSIS/Include -Os -ffunction-sections -fdata-sections -g -fstack-usage -Wall -specs=nano.specs -o Drivers\STM32L0xx_HAL_Driver\Src\stm32l0xx_hal_dma.o ..\Drivers\STM32L0xx_HAL_Driver\Src\stm32l0xx_hal_dma.c 
arm-atollic-eabi-gcc -c -mthumb -mcpu=cortex-m0plus -std=gnu11 -DUSE_HAL_DRIVER -DSTM32L010x6 -I../Inc -I../TrinksInc -I../Drivers/STM32L0xx_HAL_Driver/Inc -I../Drivers/STM32L0xx_HAL_Driver/Inc/Legacy -I../Drivers/CMSIS/Device/ST/STM32L0xx/Include -I../Drivers/CMSIS/Include -Os -ffunction-sections -fdata-sections -g -fstack-usage -Wall -specs=nano.specs -o Drivers\STM32L0xx_HAL_Driver\Src\stm32l0xx_hal.o ..\Drivers\STM32L0xx_HAL_Driver\Src\stm32l0xx_hal.c 
arm-atollic-eabi-gcc -c -mthumb -mcpu=cortex-m0plus -std=gnu11 -DUSE_HAL_DRIVER -DSTM32L010x6 -I../Inc -I../TrinksInc -I../Drivers/STM32L0xx_HAL_Driver/Inc -I../Drivers/STM32L0xx_HAL_Driver/Inc/Legacy -I../Drivers/CMSIS/Device/ST/STM32L0xx/Include -I../Drivers/CMSIS/Include -Os -ffunction-sections -fdata-sections -g -fstack-usage -Wall -specs=nano.specs -o Drivers\STM32L0xx_HAL_Driver\Src\stm32l0xx_hal_i2c.o ..\Drivers\STM32L0xx_HAL_Driver\Src\stm32l0xx_hal_i2c.c 
arm-atollic-eabi-gcc -c -mthumb -mcpu=cortex-m0plus -std=gnu11 -DUSE_HAL_DRIVER -DSTM32L010x6 -I../Inc -I../TrinksInc -I../Drivers/STM32L0xx_HAL_Driver/Inc -I../Drivers/STM32L0xx_HAL_Driver/Inc/Legacy -I../Drivers/CMSIS/Device/ST/STM32L0xx/Include -I../Drivers/CMSIS/Include -Os -ffunction-sections -fdata-sections -g -fstack-usage -Wall -specs=nano.specs -o Drivers\STM32L0xx_HAL_Driver\Src\stm32l0xx_hal_rcc.o ..\Drivers\STM32L0xx_HAL_Driver\Src\stm32l0xx_hal_rcc.c 
arm-atollic-eabi-gcc -c -mthumb -mcpu=cortex-m0plus -std=gnu11 -DUSE_HAL_DRIVER -DSTM32L010x6 -I../Inc -I../TrinksInc -I../Drivers/STM32L0xx_HAL_Driver/Inc -I../Drivers/STM32L0xx_HAL_Driver/Inc/Legacy -I../Drivers/CMSIS/Device/ST/STM32L0xx/Include -I../Drivers/CMSIS/Include -Os -ffunction-sections -fdata-sections -g -fstack-usage -Wall -specs=nano.specs -o Drivers\STM32L0xx_HAL_Driver\Src\stm32l0xx_hal_flash_ex.o ..\Drivers\STM32L0xx_HAL_Driver\Src\stm32l0xx_hal_flash_ex.c 
arm-atollic-eabi-gcc -c -mthumb -mcpu=cortex-m0plus -std=gnu11 -DUSE_HAL_DRIVER -DSTM32L010x6 -I../Inc -I../TrinksInc -I../Drivers/STM32L0xx_HAL_Driver/Inc -I../Drivers/STM32L0xx_HAL_Driver/Inc/Legacy -I../Drivers/CMSIS/Device/ST/STM32L0xx/Include -I../Drivers/CMSIS/Include -Os -ffunction-sections -fdata-sections -g -fstack-usage -Wall -specs=nano.specs -o Drivers\STM32L0xx_HAL_Driver\Src\stm32l0xx_hal_flash.o ..\Drivers\STM32L0xx_HAL_Driver\Src\stm32l0xx_hal_flash.c 
arm-atollic-eabi-gcc -c -mthumb -mcpu=cortex-m0plus -std=gnu11 -DUSE_HAL_DRIVER -DSTM32L010x6 -I../Inc -I../TrinksInc -I../Drivers/STM32L0xx_HAL_Driver/Inc -I../Drivers/STM32L0xx_HAL_Driver/Inc/Legacy -I../Drivers/CMSIS/Device/ST/STM32L0xx/Include -I../Drivers/CMSIS/Include -Os -ffunction-sections -fdata-sections -g -fstack-usage -Wall -specs=nano.specs -o Drivers\STM32L0xx_HAL_Driver\Src\stm32l0xx_hal_tim_ex.o ..\Drivers\STM32L0xx_HAL_Driver\Src\stm32l0xx_hal_tim_ex.c 
arm-atollic-eabi-gcc -c -mthumb -mcpu=cortex-m0plus -std=gnu11 -DUSE_HAL_DRIVER -DSTM32L010x6 -I../Inc -I../TrinksInc -I../Drivers/STM32L0xx_HAL_Driver/Inc -I../Drivers/STM32L0xx_HAL_Driver/Inc/Legacy -I../Drivers/CMSIS/Device/ST/STM32L0xx/Include -I../Drivers/CMSIS/Include -Os -ffunction-sections -fdata-sections -g -fstack-usage -Wall -specs=nano.specs -o Src\stm32l0xx_hal_msp.o ..\Src\stm32l0xx_hal_msp.c 
arm-atollic-eabi-gcc -c -mthumb -mcpu=cortex-m0plus -std=gnu11 -DUSE_HAL_DRIVER -DSTM32L010x6 -I../Inc -I../TrinksInc -I../Drivers/STM32L0xx_HAL_Driver/Inc -I../Drivers/STM32L0xx_HAL_Driver/Inc/Legacy -I../Drivers/CMSIS/Device/ST/STM32L0xx/Include -I../Drivers/CMSIS/Include -Os -ffunction-sections -fdata-sections -g -fstack-usage -Wall -specs=nano.specs -o Drivers\STM32L0xx_HAL_Driver\Src\stm32l0xx_hal_cortex.o ..\Drivers\STM32L0xx_HAL_Driver\Src\stm32l0xx_hal_cortex.c 
arm-atollic-eabi-gcc -c -mthumb -mcpu=cortex-m0plus -std=gnu11 -DUSE_HAL_DRIVER -DSTM32L010x6 -I../Inc -I../TrinksInc -I../Drivers/STM32L0xx_HAL_Driver/Inc -I../Drivers/STM32L0xx_HAL_Driver/Inc/Legacy -I../Drivers/CMSIS/Device/ST/STM32L0xx/Include -I../Drivers/CMSIS/Include -Os -ffunction-sections -fdata-sections -g -fstack-usage -Wall -specs=nano.specs -o Drivers\STM32L0xx_HAL_Driver\Src\stm32l0xx_hal_gpio.o ..\Drivers\STM32L0xx_HAL_Driver\Src\stm32l0xx_hal_gpio.c 
arm-atollic-eabi-gcc -c -mthumb -mcpu=cortex-m0plus -std=gnu11 -DUSE_HAL_DRIVER -DSTM32L010x6 -I../Inc -I../TrinksInc -I../Drivers/STM32L0xx_HAL_Driver/Inc -I../Drivers/STM32L0xx_HAL_Driver/Inc/Legacy -I../Drivers/CMSIS/Device/ST/STM32L0xx/Include -I../Drivers/CMSIS/Include -Os -ffunction-sections -fdata-sections -g -fstack-usage -Wall -specs=nano.specs -o Drivers\STM32L0xx_HAL_Driver\Src\stm32l0xx_hal_i2c_ex.o ..\Drivers\STM32L0xx_HAL_Driver\Src\stm32l0xx_hal_i2c_ex.c 
arm-atollic-eabi-gcc -c -mthumb -mcpu=cortex-m0plus -std=gnu11 -DUSE_HAL_DRIVER -DSTM32L010x6 -I../Inc -I../TrinksInc -I../Drivers/STM32L0xx_HAL_Driver/Inc -I../Drivers/STM32L0xx_HAL_Driver/Inc/Legacy -I../Drivers/CMSIS/Device/ST/STM32L0xx/Include -I../Drivers/CMSIS/Include -Os -ffunction-sections -fdata-sections -g -fstack-usage -Wall -specs=nano.specs -o Drivers\STM32L0xx_HAL_Driver\Src\stm32l0xx_hal_rcc_ex.o ..\Drivers\STM32L0xx_HAL_Driver\Src\stm32l0xx_hal_rcc_ex.c 
arm-atollic-eabi-gcc -c -mthumb -mcpu=cortex-m0plus -std=gnu11 -DUSE_HAL_DRIVER -DSTM32L010x6 -I../Inc -I../TrinksInc -I../Drivers/STM32L0xx_HAL_Driver/Inc -I../Drivers/STM32L0xx_HAL_Driver/Inc/Legacy -I../Drivers/CMSIS/Device/ST/STM32L0xx/Include -I../Drivers/CMSIS/Include -Os -ffunction-sections -fdata-sections -g -fstack-usage -Wall -specs=nano.specs -o Drivers\STM32L0xx_HAL_Driver\Src\stm32l0xx_hal_tim.o ..\Drivers\STM32L0xx_HAL_Driver\Src\stm32l0xx_hal_tim.c 
arm-atollic-eabi-gcc -c -mthumb -mcpu=cortex-m0plus -std=gnu11 -DUSE_HAL_DRIVER -DSTM32L010x6 -I../Inc -I../TrinksInc -I../Drivers/STM32L0xx_HAL_Driver/Inc -I../Drivers/STM32L0xx_HAL_Driver/Inc/Legacy -I../Drivers/CMSIS/Device/ST/STM32L0xx/Include -I../Drivers/CMSIS/Include -Os -ffunction-sections -fdata-sections -g -fstack-usage -Wall -specs=nano.specs -o Drivers\STM32L0xx_HAL_Driver\Src\stm32l0xx_hal_pwr.o ..\Drivers\STM32L0xx_HAL_Driver\Src\stm32l0xx_hal_pwr.c 
arm-atollic-eabi-gcc -c -mthumb -mcpu=cortex-m0plus -std=gnu11 -DUSE_HAL_DRIVER -DSTM32L010x6 -I../Inc -I../TrinksInc -I../Drivers/STM32L0xx_HAL_Driver/Inc -I../Drivers/STM32L0xx_HAL_Driver/Inc/Legacy -I../Drivers/CMSIS/Device/ST/STM32L0xx/Include -I../Drivers/CMSIS/Include -Os -ffunction-sections -fdata-sections -g -fstack-usage -Wall -specs=nano.specs -o Src\syscalls.o ..\Src\syscalls.c 
arm-atollic-eabi-gcc -c -mthumb -mcpu=cortex-m0plus -std=gnu11 -DUSE_HAL_DRIVER -DSTM32L010x6 -I../Inc -I../TrinksInc -I../Drivers/STM32L0xx_HAL_Driver/Inc -I../Drivers/STM32L0xx_HAL_Driver/Inc/Legacy -I../Drivers/CMSIS/Device/ST/STM32L0xx/Include -I../Drivers/CMSIS/Include -Os -ffunction-sections -fdata-sections -g -fstack-usage -Wall -specs=nano.specs -o Src\system_stm32l0xx.o ..\Src\system_stm32l0xx.c 
arm-atollic-eabi-gcc -c -mthumb -mcpu=cortex-m0plus -std=gnu11 -DUSE_HAL_DRIVER -DSTM32L010x6 -I../Inc -I../TrinksInc -I../Drivers/STM32L0xx_HAL_Driver/Inc -I../Drivers/STM32L0xx_HAL_Driver/Inc/Legacy -I../Drivers/CMSIS/Device/ST/STM32L0xx/Include -I../Drivers/CMSIS/Include -Os -ffunction-sections -fdata-sections -g -fstack-usage -Wall -specs=nano.specs -o Src\stm32l0xx_it.o ..\Src\stm32l0xx_it.c 
arm-atollic-eabi-gcc -c -mthumb -mcpu=cortex-m0plus -std=gnu11 -DUSE_HAL_DRIVER -DSTM32L010x6 -I../Inc -I../TrinksInc -I../Drivers/STM32L0xx_HAL_Driver/Inc -I../Drivers/STM32L0xx_HAL_Driver/Inc/Legacy -I../Drivers/CMSIS/Device/ST/STM32L0xx/Include -I../Drivers/CMSIS/Include -Os -ffunction-sections -fdata-sections -g -fstack-usage -Wall -specs=nano.specs -o Drivers\STM32L0xx_HAL_Driver\Src\stm32l0xx_hal_pwr_ex.o ..\Drivers\STM32L0xx_HAL_Driver\Src\stm32l0xx_hal_pwr_ex.c 
arm-atollic-eabi-gcc -c -mthumb -mcpu=cortex-m0plus -std=gnu11 -DUSE_HAL_DRIVER -DSTM32L010x6 -I../Inc -I../TrinksInc -I../Drivers/STM32L0xx_HAL_Driver/Inc -I../Drivers/STM32L0xx_HAL_Driver/Inc/Legacy -I../Drivers/CMSIS/Device/ST/STM32L0xx/Include -I../Drivers/CMSIS/Include -Os -ffunction-sections -fdata-sections -g -fstack-usage -Wall -specs=nano.specs -o Src\gpio.o ..\Src\gpio.c 
arm-atollic-eabi-gcc -c -mthumb -mcpu=cortex-m0plus -std=gnu11 -DUSE_HAL_DRIVER -DSTM32L010x6 -I../Inc -I../TrinksInc -I../Drivers/STM32L0xx_HAL_Driver/Inc -I../Drivers/STM32L0xx_HAL_Driver/Inc/Legacy -I../Drivers/CMSIS/Device/ST/STM32L0xx/Include -I../Drivers/CMSIS/Include -Os -ffunction-sections -fdata-sections -g -fstack-usage -Wall -specs=nano.specs -o Drivers\STM32L0xx_HAL_Driver\Src\stm32l0xx_hal_flash_ramfunc.o ..\Drivers\STM32L0xx_HAL_Driver\Src\stm32l0xx_hal_flash_ramfunc.c 
arm-atollic-eabi-gcc -o SuperStar1.elf Drivers\STM32L0xx_HAL_Driver\Src\stm32l0xx_hal.o Drivers\STM32L0xx_HAL_Driver\Src\stm32l0xx_hal_adc.o Drivers\STM32L0xx_HAL_Driver\Src\stm32l0xx_hal_adc_ex.o Drivers\STM32L0xx_HAL_Driver\Src\stm32l0xx_hal_cortex.o Drivers\STM32L0xx_HAL_Driver\Src\stm32l0xx_hal_dma.o Drivers\STM32L0xx_HAL_Driver\Src\stm32l0xx_hal_flash.o Drivers\STM32L0xx_HAL_Driver\Src\stm32l0xx_hal_flash_ex.o Drivers\STM32L0xx_HAL_Driver\Src\stm32l0xx_hal_flash_ramfunc.o Drivers\STM32L0xx_HAL_Driver\Src\stm32l0xx_hal_gpio.o Drivers\STM32L0xx_HAL_Driver\Src\stm32l0xx_hal_i2c.o Drivers\STM32L0xx_HAL_Driver\Src\stm32l0xx_hal_i2c_ex.o Drivers\STM32L0xx_HAL_Driver\Src\stm32l0xx_hal_pwr.o Drivers\STM32L0xx_HAL_Driver\Src\stm32l0xx_hal_pwr_ex.o Drivers\STM32L0xx_HAL_Driver\Src\stm32l0xx_hal_rcc.o Drivers\STM32L0xx_HAL_Driver\Src\stm32l0xx_hal_rcc_ex.o Drivers\STM32L0xx_HAL_Driver\Src\stm32l0xx_hal_tim.o Drivers\STM32L0xx_HAL_Driver\Src\stm32l0xx_hal_tim_ex.o Src\adc.o Src\gpio.o Src\main.o Src\stm32l0xx_hal_msp.o Src\stm32l0xx_it.o Src\syscalls.o Src\system_stm32l0xx.o startup\startup_stm32l010x6.o -mthumb -mcpu=cortex-m0plus -T../STM32L010C6_FLASH.ld -specs=nosys.specs -static -Wl,-Map=SuperStar1.map -Wl,--gc-sections -Wl,--defsym=malloc_getpagesize_P=0x80 -Wl,--start-group -lc -lm -Wl,--end-group -specs=nano.specs 
C:\Program Files (x86)\Atollic\TrueSTUDIO for STM32 9.3.0\ide\jre\bin\java -jar C:\Program Files (x86)\Atollic\TrueSTUDIO for STM32 9.3.0\Tools\arm-atollic-reports.jar sizeinfo list SuperStar1.elf 
Generate build reports...
Print size information
   text	   data	    bss	    dec	    hex	filename
   4820	     12	   1660	   6492	   195c	SuperStar1.elf
Print size information done
Generate listing file
Output sent to: SuperStar1.list
Generate listing file done
Generate build reports done
arm-atollic-eabi-objcopy.exe -O ihex SuperStar1.elf SuperStar1.hex 
Info: Nothing to build for SuperStar1
Info: Nothing to build for SuperStar1
Info: Nothing to build for SuperStar1
06:36:49 **** Rebuild of configuration Debug for project SuperStar1 ****
Info: Internal Builder is used for build
arm-atollic-eabi-gcc -c -mthumb -mcpu=cortex-m0plus -std=gnu11 -DUSE_HAL_DRIVER -DSTM32L010x6 -I../Inc -I../TrinksInc -I../Drivers/STM32L0xx_HAL_Driver/Inc -I../Drivers/STM32L0xx_HAL_Driver/Inc/Legacy -I../Drivers/CMSIS/Device/ST/STM32L0xx/Include -I../Drivers/CMSIS/Include -Os -ffunction-sections -fdata-sections -g -fstack-usage -Wall -specs=nano.specs -o Drivers\STM32L0xx_HAL_Driver\Src\stm32l0xx_hal_rcc_ex.o ..\Drivers\STM32L0xx_HAL_Driver\Src\stm32l0xx_hal_rcc_ex.c 
arm-atollic-eabi-gcc -c -mthumb -mcpu=cortex-m0plus -std=gnu11 -DUSE_HAL_DRIVER -DSTM32L010x6 -I../Inc -I../TrinksInc -I../Drivers/STM32L0xx_HAL_Driver/Inc -I../Drivers/STM32L0xx_HAL_Driver/Inc/Legacy -I../Drivers/CMSIS/Device/ST/STM32L0xx/Include -I../Drivers/CMSIS/Include -Os -ffunction-sections -fdata-sections -g -fstack-usage -Wall -specs=nano.specs -o Drivers\STM32L0xx_HAL_Driver\Src\stm32l0xx_hal_flash.o ..\Drivers\STM32L0xx_HAL_Driver\Src\stm32l0xx_hal_flash.c 
arm-atollic-eabi-gcc -c -mthumb -mcpu=cortex-m0plus -g -Wa,--no-warn -x assembler-with-cpp -specs=nano.specs -o startup\startup_stm32l010x6.o ..\startup\startup_stm32l010x6.s 
arm-atollic-eabi-gcc -c -mthumb -mcpu=cortex-m0plus -std=gnu11 -DUSE_HAL_DRIVER -DSTM32L010x6 -I../Inc -I../TrinksInc -I../Drivers/STM32L0xx_HAL_Driver/Inc -I../Drivers/STM32L0xx_HAL_Driver/Inc/Legacy -I../Drivers/CMSIS/Device/ST/STM32L0xx/Include -I../Drivers/CMSIS/Include -Os -ffunction-sections -fdata-sections -g -fstack-usage -Wall -specs=nano.specs -o Drivers\STM32L0xx_HAL_Driver\Src\stm32l0xx_hal.o ..\Drivers\STM32L0xx_HAL_Driver\Src\stm32l0xx_hal.c 
arm-atollic-eabi-gcc -c -mthumb -mcpu=cortex-m0plus -std=gnu11 -DUSE_HAL_DRIVER -DSTM32L010x6 -I../Inc -I../TrinksInc -I../Drivers/STM32L0xx_HAL_Driver/Inc -I../Drivers/STM32L0xx_HAL_Driver/Inc/Legacy -I../Drivers/CMSIS/Device/ST/STM32L0xx/Include -I../Drivers/CMSIS/Include -Os -ffunction-sections -fdata-sections -g -fstack-usage -Wall -specs=nano.specs -o Src\main.o ..\Src\main.c 
arm-atollic-eabi-gcc -c -mthumb -mcpu=cortex-m0plus -std=gnu11 -DUSE_HAL_DRIVER -DSTM32L010x6 -I../Inc -I../TrinksInc -I../Drivers/STM32L0xx_HAL_Driver/Inc -I../Drivers/STM32L0xx_HAL_Driver/Inc/Legacy -I../Drivers/CMSIS/Device/ST/STM32L0xx/Include -I../Drivers/CMSIS/Include -Os -ffunction-sections -fdata-sections -g -fstack-usage -Wall -specs=nano.specs -o Drivers\STM32L0xx_HAL_Driver\Src\stm32l0xx_hal_i2c.o ..\Drivers\STM32L0xx_HAL_Driver\Src\stm32l0xx_hal_i2c.c 
arm-atollic-eabi-gcc -c -mthumb -mcpu=cortex-m0plus -std=gnu11 -DUSE_HAL_DRIVER -DSTM32L010x6 -I../Inc -I../TrinksInc -I../Drivers/STM32L0xx_HAL_Driver/Inc -I../Drivers/STM32L0xx_HAL_Driver/Inc/Legacy -I../Drivers/CMSIS/Device/ST/STM32L0xx/Include -I../Drivers/CMSIS/Include -Os -ffunction-sections -fdata-sections -g -fstack-usage -Wall -specs=nano.specs -o Drivers\STM32L0xx_HAL_Driver\Src\stm32l0xx_hal_flash_ex.o ..\Drivers\STM32L0xx_HAL_Driver\Src\stm32l0xx_hal_flash_ex.c 
arm-atollic-eabi-gcc -c -mthumb -mcpu=cortex-m0plus -std=gnu11 -DUSE_HAL_DRIVER -DSTM32L010x6 -I../Inc -I../TrinksInc -I../Drivers/STM32L0xx_HAL_Driver/Inc -I../Drivers/STM32L0xx_HAL_Driver/Inc/Legacy -I../Drivers/CMSIS/Device/ST/STM32L0xx/Include -I../Drivers/CMSIS/Include -Os -ffunction-sections -fdata-sections -g -fstack-usage -Wall -specs=nano.specs -o Drivers\STM32L0xx_HAL_Driver\Src\stm32l0xx_hal_rcc.o ..\Drivers\STM32L0xx_HAL_Driver\Src\stm32l0xx_hal_rcc.c 
arm-atollic-eabi-gcc -c -mthumb -mcpu=cortex-m0plus -std=gnu11 -DUSE_HAL_DRIVER -DSTM32L010x6 -I../Inc -I../TrinksInc -I../Drivers/STM32L0xx_HAL_Driver/Inc -I../Drivers/STM32L0xx_HAL_Driver/Inc/Legacy -I../Drivers/CMSIS/Device/ST/STM32L0xx/Include -I../Drivers/CMSIS/Include -Os -ffunction-sections -fdata-sections -g -fstack-usage -Wall -specs=nano.specs -o Drivers\STM32L0xx_HAL_Driver\Src\stm32l0xx_hal_tim_ex.o ..\Drivers\STM32L0xx_HAL_Driver\Src\stm32l0xx_hal_tim_ex.c 
arm-atollic-eabi-gcc -c -mthumb -mcpu=cortex-m0plus -std=gnu11 -DUSE_HAL_DRIVER -DSTM32L010x6 -I../Inc -I../TrinksInc -I../Drivers/STM32L0xx_HAL_Driver/Inc -I../Drivers/STM32L0xx_HAL_Driver/Inc/Legacy -I../Drivers/CMSIS/Device/ST/STM32L0xx/Include -I../Drivers/CMSIS/Include -Os -ffunction-sections -fdata-sections -g -fstack-usage -Wall -specs=nano.specs -o Drivers\STM32L0xx_HAL_Driver\Src\stm32l0xx_hal_adc.o ..\Drivers\STM32L0xx_HAL_Driver\Src\stm32l0xx_hal_adc.c 
arm-atollic-eabi-gcc -c -mthumb -mcpu=cortex-m0plus -std=gnu11 -DUSE_HAL_DRIVER -DSTM32L010x6 -I../Inc -I../TrinksInc -I../Drivers/STM32L0xx_HAL_Driver/Inc -I../Drivers/STM32L0xx_HAL_Driver/Inc/Legacy -I../Drivers/CMSIS/Device/ST/STM32L0xx/Include -I../Drivers/CMSIS/Include -Os -ffunction-sections -fdata-sections -g -fstack-usage -Wall -specs=nano.specs -o Src\stm32l0xx_it.o ..\Src\stm32l0xx_it.c 
arm-atollic-eabi-gcc -c -mthumb -mcpu=cortex-m0plus -std=gnu11 -DUSE_HAL_DRIVER -DSTM32L010x6 -I../Inc -I../TrinksInc -I../Drivers/STM32L0xx_HAL_Driver/Inc -I../Drivers/STM32L0xx_HAL_Driver/Inc/Legacy -I../Drivers/CMSIS/Device/ST/STM32L0xx/Include -I../Drivers/CMSIS/Include -Os -ffunction-sections -fdata-sections -g -fstack-usage -Wall -specs=nano.specs -o Drivers\STM32L0xx_HAL_Driver\Src\stm32l0xx_hal_tim.o ..\Drivers\STM32L0xx_HAL_Driver\Src\stm32l0xx_hal_tim.c 
arm-atollic-eabi-gcc -c -mthumb -mcpu=cortex-m0plus -std=gnu11 -DUSE_HAL_DRIVER -DSTM32L010x6 -I../Inc -I../TrinksInc -I../Drivers/STM32L0xx_HAL_Driver/Inc -I../Drivers/STM32L0xx_HAL_Driver/Inc/Legacy -I../Drivers/CMSIS/Device/ST/STM32L0xx/Include -I../Drivers/CMSIS/Include -Os -ffunction-sections -fdata-sections -g -fstack-usage -Wall -specs=nano.specs -o Src\stm32l0xx_hal_msp.o ..\Src\stm32l0xx_hal_msp.c 
arm-atollic-eabi-gcc -c -mthumb -mcpu=cortex-m0plus -std=gnu11 -DUSE_HAL_DRIVER -DSTM32L010x6 -I../Inc -I../TrinksInc -I../Drivers/STM32L0xx_HAL_Driver/Inc -I../Drivers/STM32L0xx_HAL_Driver/Inc/Legacy -I../Drivers/CMSIS/Device/ST/STM32L0xx/Include -I../Drivers/CMSIS/Include -Os -ffunction-sections -fdata-sections -g -fstack-usage -Wall -specs=nano.specs -o Drivers\STM32L0xx_HAL_Driver\Src\stm32l0xx_hal_gpio.o ..\Drivers\STM32L0xx_HAL_Driver\Src\stm32l0xx_hal_gpio.c 
arm-atollic-eabi-gcc -c -mthumb -mcpu=cortex-m0plus -std=gnu11 -DUSE_HAL_DRIVER -DSTM32L010x6 -I../Inc -I../TrinksInc -I../Drivers/STM32L0xx_HAL_Driver/Inc -I../Drivers/STM32L0xx_HAL_Driver/Inc/Legacy -I../Drivers/CMSIS/Device/ST/STM32L0xx/Include -I../Drivers/CMSIS/Include -Os -ffunction-sections -fdata-sections -g -fstack-usage -Wall -specs=nano.specs -o Drivers\STM32L0xx_HAL_Driver\Src\stm32l0xx_hal_dma.o ..\Drivers\STM32L0xx_HAL_Driver\Src\stm32l0xx_hal_dma.c 
arm-atollic-eabi-gcc -c -mthumb -mcpu=cortex-m0plus -std=gnu11 -DUSE_HAL_DRIVER -DSTM32L010x6 -I../Inc -I../TrinksInc -I../Drivers/STM32L0xx_HAL_Driver/Inc -I../Drivers/STM32L0xx_HAL_Driver/Inc/Legacy -I../Drivers/CMSIS/Device/ST/STM32L0xx/Include -I../Drivers/CMSIS/Include -Os -ffunction-sections -fdata-sections -g -fstack-usage -Wall -specs=nano.specs -o Drivers\STM32L0xx_HAL_Driver\Src\stm32l0xx_hal_i2c_ex.o ..\Drivers\STM32L0xx_HAL_Driver\Src\stm32l0xx_hal_i2c_ex.c 
arm-atollic-eabi-gcc -c -mthumb -mcpu=cortex-m0plus -std=gnu11 -DUSE_HAL_DRIVER -DSTM32L010x6 -I../Inc -I../TrinksInc -I../Drivers/STM32L0xx_HAL_Driver/Inc -I../Drivers/STM32L0xx_HAL_Driver/Inc/Legacy -I../Drivers/CMSIS/Device/ST/STM32L0xx/Include -I../Drivers/CMSIS/Include -Os -ffunction-sections -fdata-sections -g -fstack-usage -Wall -specs=nano.specs -o Src\system_stm32l0xx.o ..\Src\system_stm32l0xx.c 
arm-atollic-eabi-gcc -c -mthumb -mcpu=cortex-m0plus -std=gnu11 -DUSE_HAL_DRIVER -DSTM32L010x6 -I../Inc -I../TrinksInc -I../Drivers/STM32L0xx_HAL_Driver/Inc -I../Drivers/STM32L0xx_HAL_Driver/Inc/Legacy -I../Drivers/CMSIS/Device/ST/STM32L0xx/Include -I../Drivers/CMSIS/Include -Os -ffunction-sections -fdata-sections -g -fstack-usage -Wall -specs=nano.specs -o Drivers\STM32L0xx_HAL_Driver\Src\stm32l0xx_hal_pwr.o ..\Drivers\STM32L0xx_HAL_Driver\Src\stm32l0xx_hal_pwr.c 
arm-atollic-eabi-gcc -c -mthumb -mcpu=cortex-m0plus -std=gnu11 -DUSE_HAL_DRIVER -DSTM32L010x6 -I../Inc -I../TrinksInc -I../Drivers/STM32L0xx_HAL_Driver/Inc -I../Drivers/STM32L0xx_HAL_Driver/Inc/Legacy -I../Drivers/CMSIS/Device/ST/STM32L0xx/Include -I../Drivers/CMSIS/Include -Os -ffunction-sections -fdata-sections -g -fstack-usage -Wall -specs=nano.specs -o Drivers\STM32L0xx_HAL_Driver\Src\stm32l0xx_hal_cortex.o ..\Drivers\STM32L0xx_HAL_Driver\Src\stm32l0xx_hal_cortex.c 
arm-atollic-eabi-gcc -c -mthumb -mcpu=cortex-m0plus -std=gnu11 -DUSE_HAL_DRIVER -DSTM32L010x6 -I../Inc -I../TrinksInc -I../Drivers/STM32L0xx_HAL_Driver/Inc -I../Drivers/STM32L0xx_HAL_Driver/Inc/Legacy -I../Drivers/CMSIS/Device/ST/STM32L0xx/Include -I../Drivers/CMSIS/Include -Os -ffunction-sections -fdata-sections -g -fstack-usage -Wall -specs=nano.specs -o Src\gpio.o ..\Src\gpio.c 
arm-atollic-eabi-gcc -c -mthumb -mcpu=cortex-m0plus -std=gnu11 -DUSE_HAL_DRIVER -DSTM32L010x6 -I../Inc -I../TrinksInc -I../Drivers/STM32L0xx_HAL_Driver/Inc -I../Drivers/STM32L0xx_HAL_Driver/Inc/Legacy -I../Drivers/CMSIS/Device/ST/STM32L0xx/Include -I../Drivers/CMSIS/Include -Os -ffunction-sections -fdata-sections -g -fstack-usage -Wall -specs=nano.specs -o Src\syscalls.o ..\Src\syscalls.c 
arm-atollic-eabi-gcc -c -mthumb -mcpu=cortex-m0plus -std=gnu11 -DUSE_HAL_DRIVER -DSTM32L010x6 -I../Inc -I../TrinksInc -I../Drivers/STM32L0xx_HAL_Driver/Inc -I../Drivers/STM32L0xx_HAL_Driver/Inc/Legacy -I../Drivers/CMSIS/Device/ST/STM32L0xx/Include -I../Drivers/CMSIS/Include -Os -ffunction-sections -fdata-sections -g -fstack-usage -Wall -specs=nano.specs -o Src\adc.o ..\Src\adc.c 
arm-atollic-eabi-gcc -c -mthumb -mcpu=cortex-m0plus -std=gnu11 -DUSE_HAL_DRIVER -DSTM32L010x6 -I../Inc -I../TrinksInc -I../Drivers/STM32L0xx_HAL_Driver/Inc -I../Drivers/STM32L0xx_HAL_Driver/Inc/Legacy -I../Drivers/CMSIS/Device/ST/STM32L0xx/Include -I../Drivers/CMSIS/Include -Os -ffunction-sections -fdata-sections -g -fstack-usage -Wall -specs=nano.specs -o Drivers\STM32L0xx_HAL_Driver\Src\stm32l0xx_hal_pwr_ex.o ..\Drivers\STM32L0xx_HAL_Driver\Src\stm32l0xx_hal_pwr_ex.c 
arm-atollic-eabi-gcc -c -mthumb -mcpu=cortex-m0plus -std=gnu11 -DUSE_HAL_DRIVER -DSTM32L010x6 -I../Inc -I../TrinksInc -I../Drivers/STM32L0xx_HAL_Driver/Inc -I../Drivers/STM32L0xx_HAL_Driver/Inc/Legacy -I../Drivers/CMSIS/Device/ST/STM32L0xx/Include -I../Drivers/CMSIS/Include -Os -ffunction-sections -fdata-sections -g -fstack-usage -Wall -specs=nano.specs -o Drivers\STM32L0xx_HAL_Driver\Src\stm32l0xx_hal_flash_ramfunc.o ..\Drivers\STM32L0xx_HAL_Driver\Src\stm32l0xx_hal_flash_ramfunc.c 
arm-atollic-eabi-gcc -c -mthumb -mcpu=cortex-m0plus -std=gnu11 -DUSE_HAL_DRIVER -DSTM32L010x6 -I../Inc -I../TrinksInc -I../Drivers/STM32L0xx_HAL_Driver/Inc -I../Drivers/STM32L0xx_HAL_Driver/Inc/Legacy -I../Drivers/CMSIS/Device/ST/STM32L0xx/Include -I../Drivers/CMSIS/Include -Os -ffunction-sections -fdata-sections -g -fstack-usage -Wall -specs=nano.specs -o Drivers\STM32L0xx_HAL_Driver\Src\stm32l0xx_hal_adc_ex.o ..\Drivers\STM32L0xx_HAL_Driver\Src\stm32l0xx_hal_adc_ex.c 
arm-atollic-eabi-gcc -o SuperStar1.elf Drivers\STM32L0xx_HAL_Driver\Src\stm32l0xx_hal.o Drivers\STM32L0xx_HAL_Driver\Src\stm32l0xx_hal_adc.o Drivers\STM32L0xx_HAL_Driver\Src\stm32l0xx_hal_adc_ex.o Drivers\STM32L0xx_HAL_Driver\Src\stm32l0xx_hal_cortex.o Drivers\STM32L0xx_HAL_Driver\Src\stm32l0xx_hal_dma.o Drivers\STM32L0xx_HAL_Driver\Src\stm32l0xx_hal_flash.o Drivers\STM32L0xx_HAL_Driver\Src\stm32l0xx_hal_flash_ex.o Drivers\STM32L0xx_HAL_Driver\Src\stm32l0xx_hal_flash_ramfunc.o Drivers\STM32L0xx_HAL_Driver\Src\stm32l0xx_hal_gpio.o Drivers\STM32L0xx_HAL_Driver\Src\stm32l0xx_hal_i2c.o Drivers\STM32L0xx_HAL_Driver\Src\stm32l0xx_hal_i2c_ex.o Drivers\STM32L0xx_HAL_Driver\Src\stm32l0xx_hal_pwr.o Drivers\STM32L0xx_HAL_Driver\Src\stm32l0xx_hal_pwr_ex.o Drivers\STM32L0xx_HAL_Driver\Src\stm32l0xx_hal_rcc.o Drivers\STM32L0xx_HAL_Driver\Src\stm32l0xx_hal_rcc_ex.o Drivers\STM32L0xx_HAL_Driver\Src\stm32l0xx_hal_tim.o Drivers\STM32L0xx_HAL_Driver\Src\stm32l0xx_hal_tim_ex.o Src\adc.o Src\gpio.o Src\main.o Src\stm32l0xx_hal_msp.o Src\stm32l0xx_it.o Src\syscalls.o Src\system_stm32l0xx.o startup\startup_stm32l010x6.o -mthumb -mcpu=cortex-m0plus -T../STM32L010C6_FLASH.ld -specs=nosys.specs -static -Wl,-Map=SuperStar1.map -Wl,--gc-sections -Wl,--defsym=malloc_getpagesize_P=0x80 -Wl,--start-group -lc -lm -Wl,--end-group -specs=nano.specs 
C:\Program Files (x86)\Atollic\TrueSTUDIO for STM32 9.3.0\ide\jre\bin\java -jar C:\Program Files (x86)\Atollic\TrueSTUDIO for STM32 9.3.0\Tools\arm-atollic-reports.jar sizeinfo list SuperStar1.elf 
Generate build reports...
Print size information
   text	   data	    bss	    dec	    hex	filename
   4820	     12	   1660	   6492	   195c	SuperStar1.elf
Print size information done
Generate listing file
Output sent to: SuperStar1.list
Generate listing file done
Generate build reports done
arm-atollic-eabi-objcopy.exe -O ihex SuperStar1.elf SuperStar1.hex 
Info: Nothing to build for SuperStar1
Info: Nothing to build for SuperStar1
Info: Nothing to build for SuperStar1
Info: Nothing to build for SuperStar1
06:45:30 **** Rebuild of configuration Debug for project SuperStar1 ****
Info: Internal Builder is used for build
arm-atollic-eabi-gcc -c -mthumb -mcpu=cortex-m0plus -std=gnu11 -DUSE_HAL_DRIVER -DSTM32L010x6 -I../Inc -I../TrinksInc -I../Drivers/STM32L0xx_HAL_Driver/Inc -I../Drivers/STM32L0xx_HAL_Driver/Inc/Legacy -I../Drivers/CMSIS/Device/ST/STM32L0xx/Include -I../Drivers/CMSIS/Include -Os -ffunction-sections -fdata-sections -g -fstack-usage -Wall -specs=nano.specs -o Src\gpio.o ..\Src\gpio.c 
arm-atollic-eabi-gcc -c -mthumb -mcpu=cortex-m0plus -std=gnu11 -DUSE_HAL_DRIVER -DSTM32L010x6 -I../Inc -I../TrinksInc -I../Drivers/STM32L0xx_HAL_Driver/Inc -I../Drivers/STM32L0xx_HAL_Driver/Inc/Legacy -I../Drivers/CMSIS/Device/ST/STM32L0xx/Include -I../Drivers/CMSIS/Include -Os -ffunction-sections -fdata-sections -g -fstack-usage -Wall -specs=nano.specs -o Drivers\STM32L0xx_HAL_Driver\Src\stm32l0xx_hal_flash.o ..\Drivers\STM32L0xx_HAL_Driver\Src\stm32l0xx_hal_flash.c 
arm-atollic-eabi-gcc -c -mthumb -mcpu=cortex-m0plus -std=gnu11 -DUSE_HAL_DRIVER -DSTM32L010x6 -I../Inc -I../TrinksInc -I../Drivers/STM32L0xx_HAL_Driver/Inc -I../Drivers/STM32L0xx_HAL_Driver/Inc/Legacy -I../Drivers/CMSIS/Device/ST/STM32L0xx/Include -I../Drivers/CMSIS/Include -Os -ffunction-sections -fdata-sections -g -fstack-usage -Wall -specs=nano.specs -o Src\system_stm32l0xx.o ..\Src\system_stm32l0xx.c 
arm-atollic-eabi-gcc -c -mthumb -mcpu=cortex-m0plus -std=gnu11 -DUSE_HAL_DRIVER -DSTM32L010x6 -I../Inc -I../TrinksInc -I../Drivers/STM32L0xx_HAL_Driver/Inc -I../Drivers/STM32L0xx_HAL_Driver/Inc/Legacy -I../Drivers/CMSIS/Device/ST/STM32L0xx/Include -I../Drivers/CMSIS/Include -Os -ffunction-sections -fdata-sections -g -fstack-usage -Wall -specs=nano.specs -o Drivers\STM32L0xx_HAL_Driver\Src\stm32l0xx_hal_i2c.o ..\Drivers\STM32L0xx_HAL_Driver\Src\stm32l0xx_hal_i2c.c 
arm-atollic-eabi-gcc -c -mthumb -mcpu=cortex-m0plus -std=gnu11 -DUSE_HAL_DRIVER -DSTM32L010x6 -I../Inc -I../TrinksInc -I../Drivers/STM32L0xx_HAL_Driver/Inc -I../Drivers/STM32L0xx_HAL_Driver/Inc/Legacy -I../Drivers/CMSIS/Device/ST/STM32L0xx/Include -I../Drivers/CMSIS/Include -Os -ffunction-sections -fdata-sections -g -fstack-usage -Wall -specs=nano.specs -o Drivers\STM32L0xx_HAL_Driver\Src\stm32l0xx_hal.o ..\Drivers\STM32L0xx_HAL_Driver\Src\stm32l0xx_hal.c 
arm-atollic-eabi-gcc -c -mthumb -mcpu=cortex-m0plus -std=gnu11 -DUSE_HAL_DRIVER -DSTM32L010x6 -I../Inc -I../TrinksInc -I../Drivers/STM32L0xx_HAL_Driver/Inc -I../Drivers/STM32L0xx_HAL_Driver/Inc/Legacy -I../Drivers/CMSIS/Device/ST/STM32L0xx/Include -I../Drivers/CMSIS/Include -Os -ffunction-sections -fdata-sections -g -fstack-usage -Wall -specs=nano.specs -o Src\adc.o ..\Src\adc.c 
arm-atollic-eabi-gcc -c -mthumb -mcpu=cortex-m0plus -std=gnu11 -DUSE_HAL_DRIVER -DSTM32L010x6 -I../Inc -I../TrinksInc -I../Drivers/STM32L0xx_HAL_Driver/Inc -I../Drivers/STM32L0xx_HAL_Driver/Inc/Legacy -I../Drivers/CMSIS/Device/ST/STM32L0xx/Include -I../Drivers/CMSIS/Include -Os -ffunction-sections -fdata-sections -g -fstack-usage -Wall -specs=nano.specs -o Drivers\STM32L0xx_HAL_Driver\Src\stm32l0xx_hal_cortex.o ..\Drivers\STM32L0xx_HAL_Driver\Src\stm32l0xx_hal_cortex.c 
arm-atollic-eabi-gcc -c -mthumb -mcpu=cortex-m0plus -std=gnu11 -DUSE_HAL_DRIVER -DSTM32L010x6 -I../Inc -I../TrinksInc -I../Drivers/STM32L0xx_HAL_Driver/Inc -I../Drivers/STM32L0xx_HAL_Driver/Inc/Legacy -I../Drivers/CMSIS/Device/ST/STM32L0xx/Include -I../Drivers/CMSIS/Include -Os -ffunction-sections -fdata-sections -g -fstack-usage -Wall -specs=nano.specs -o Drivers\STM32L0xx_HAL_Driver\Src\stm32l0xx_hal_tim.o ..\Drivers\STM32L0xx_HAL_Driver\Src\stm32l0xx_hal_tim.c 
arm-atollic-eabi-gcc -c -mthumb -mcpu=cortex-m0plus -std=gnu11 -DUSE_HAL_DRIVER -DSTM32L010x6 -I../Inc -I../TrinksInc -I../Drivers/STM32L0xx_HAL_Driver/Inc -I../Drivers/STM32L0xx_HAL_Driver/Inc/Legacy -I../Drivers/CMSIS/Device/ST/STM32L0xx/Include -I../Drivers/CMSIS/Include -Os -ffunction-sections -fdata-sections -g -fstack-usage -Wall -specs=nano.specs -o Drivers\STM32L0xx_HAL_Driver\Src\stm32l0xx_hal_adc.o ..\Drivers\STM32L0xx_HAL_Driver\Src\stm32l0xx_hal_adc.c 
arm-atollic-eabi-gcc -c -mthumb -mcpu=cortex-m0plus -std=gnu11 -DUSE_HAL_DRIVER -DSTM32L010x6 -I../Inc -I../TrinksInc -I../Drivers/STM32L0xx_HAL_Driver/Inc -I../Drivers/STM32L0xx_HAL_Driver/Inc/Legacy -I../Drivers/CMSIS/Device/ST/STM32L0xx/Include -I../Drivers/CMSIS/Include -Os -ffunction-sections -fdata-sections -g -fstack-usage -Wall -specs=nano.specs -o Drivers\STM32L0xx_HAL_Driver\Src\stm32l0xx_hal_rcc.o ..\Drivers\STM32L0xx_HAL_Driver\Src\stm32l0xx_hal_rcc.c 
arm-atollic-eabi-gcc -c -mthumb -mcpu=cortex-m0plus -std=gnu11 -DUSE_HAL_DRIVER -DSTM32L010x6 -I../Inc -I../TrinksInc -I../Drivers/STM32L0xx_HAL_Driver/Inc -I../Drivers/STM32L0xx_HAL_Driver/Inc/Legacy -I../Drivers/CMSIS/Device/ST/STM32L0xx/Include -I../Drivers/CMSIS/Include -Os -ffunction-sections -fdata-sections -g -fstack-usage -Wall -specs=nano.specs -o Src\stm32l0xx_hal_msp.o ..\Src\stm32l0xx_hal_msp.c 
arm-atollic-eabi-gcc -c -mthumb -mcpu=cortex-m0plus -std=gnu11 -DUSE_HAL_DRIVER -DSTM32L010x6 -I../Inc -I../TrinksInc -I../Drivers/STM32L0xx_HAL_Driver/Inc -I../Drivers/STM32L0xx_HAL_Driver/Inc/Legacy -I../Drivers/CMSIS/Device/ST/STM32L0xx/Include -I../Drivers/CMSIS/Include -Os -ffunction-sections -fdata-sections -g -fstack-usage -Wall -specs=nano.specs -o Src\stm32l0xx_it.o ..\Src\stm32l0xx_it.c 
arm-atollic-eabi-gcc -c -mthumb -mcpu=cortex-m0plus -g -Wa,--no-warn -x assembler-with-cpp -specs=nano.specs -o startup\startup_stm32l010x6.o ..\startup\startup_stm32l010x6.s 
arm-atollic-eabi-gcc -c -mthumb -mcpu=cortex-m0plus -std=gnu11 -DUSE_HAL_DRIVER -DSTM32L010x6 -I../Inc -I../TrinksInc -I../Drivers/STM32L0xx_HAL_Driver/Inc -I../Drivers/STM32L0xx_HAL_Driver/Inc/Legacy -I../Drivers/CMSIS/Device/ST/STM32L0xx/Include -I../Drivers/CMSIS/Include -Os -ffunction-sections -fdata-sections -g -fstack-usage -Wall -specs=nano.specs -o Drivers\STM32L0xx_HAL_Driver\Src\stm32l0xx_hal_flash_ex.o ..\Drivers\STM32L0xx_HAL_Driver\Src\stm32l0xx_hal_flash_ex.c 
arm-atollic-eabi-gcc -c -mthumb -mcpu=cortex-m0plus -std=gnu11 -DUSE_HAL_DRIVER -DSTM32L010x6 -I../Inc -I../TrinksInc -I../Drivers/STM32L0xx_HAL_Driver/Inc -I../Drivers/STM32L0xx_HAL_Driver/Inc/Legacy -I../Drivers/CMSIS/Device/ST/STM32L0xx/Include -I../Drivers/CMSIS/Include -Os -ffunction-sections -fdata-sections -g -fstack-usage -Wall -specs=nano.specs -o Drivers\STM32L0xx_HAL_Driver\Src\stm32l0xx_hal_i2c_ex.o ..\Drivers\STM32L0xx_HAL_Driver\Src\stm32l0xx_hal_i2c_ex.c 
arm-atollic-eabi-gcc -c -mthumb -mcpu=cortex-m0plus -std=gnu11 -DUSE_HAL_DRIVER -DSTM32L010x6 -I../Inc -I../TrinksInc -I../Drivers/STM32L0xx_HAL_Driver/Inc -I../Drivers/STM32L0xx_HAL_Driver/Inc/Legacy -I../Drivers/CMSIS/Device/ST/STM32L0xx/Include -I../Drivers/CMSIS/Include -Os -ffunction-sections -fdata-sections -g -fstack-usage -Wall -specs=nano.specs -o Src\syscalls.o ..\Src\syscalls.c 
arm-atollic-eabi-gcc -c -mthumb -mcpu=cortex-m0plus -std=gnu11 -DUSE_HAL_DRIVER -DSTM32L010x6 -I../Inc -I../TrinksInc -I../Drivers/STM32L0xx_HAL_Driver/Inc -I../Drivers/STM32L0xx_HAL_Driver/Inc/Legacy -I../Drivers/CMSIS/Device/ST/STM32L0xx/Include -I../Drivers/CMSIS/Include -Os -ffunction-sections -fdata-sections -g -fstack-usage -Wall -specs=nano.specs -o Drivers\STM32L0xx_HAL_Driver\Src\stm32l0xx_hal_flash_ramfunc.o ..\Drivers\STM32L0xx_HAL_Driver\Src\stm32l0xx_hal_flash_ramfunc.c 
arm-atollic-eabi-gcc -c -mthumb -mcpu=cortex-m0plus -std=gnu11 -DUSE_HAL_DRIVER -DSTM32L010x6 -I../Inc -I../TrinksInc -I../Drivers/STM32L0xx_HAL_Driver/Inc -I../Drivers/STM32L0xx_HAL_Driver/Inc/Legacy -I../Drivers/CMSIS/Device/ST/STM32L0xx/Include -I../Drivers/CMSIS/Include -Os -ffunction-sections -fdata-sections -g -fstack-usage -Wall -specs=nano.specs -o Drivers\STM32L0xx_HAL_Driver\Src\stm32l0xx_hal_pwr_ex.o ..\Drivers\STM32L0xx_HAL_Driver\Src\stm32l0xx_hal_pwr_ex.c 
arm-atollic-eabi-gcc -c -mthumb -mcpu=cortex-m0plus -std=gnu11 -DUSE_HAL_DRIVER -DSTM32L010x6 -I../Inc -I../TrinksInc -I../Drivers/STM32L0xx_HAL_Driver/Inc -I../Drivers/STM32L0xx_HAL_Driver/Inc/Legacy -I../Drivers/CMSIS/Device/ST/STM32L0xx/Include -I../Drivers/CMSIS/Include -Os -ffunction-sections -fdata-sections -g -fstack-usage -Wall -specs=nano.specs -o Drivers\STM32L0xx_HAL_Driver\Src\stm32l0xx_hal_tim_ex.o ..\Drivers\STM32L0xx_HAL_Driver\Src\stm32l0xx_hal_tim_ex.c 
arm-atollic-eabi-gcc -c -mthumb -mcpu=cortex-m0plus -std=gnu11 -DUSE_HAL_DRIVER -DSTM32L010x6 -I../Inc -I../TrinksInc -I../Drivers/STM32L0xx_HAL_Driver/Inc -I../Drivers/STM32L0xx_HAL_Driver/Inc/Legacy -I../Drivers/CMSIS/Device/ST/STM32L0xx/Include -I../Drivers/CMSIS/Include -Os -ffunction-sections -fdata-sections -g -fstack-usage -Wall -specs=nano.specs -o Src\main.o ..\Src\main.c 
arm-atollic-eabi-gcc -c -mthumb -mcpu=cortex-m0plus -std=gnu11 -DUSE_HAL_DRIVER -DSTM32L010x6 -I../Inc -I../TrinksInc -I../Drivers/STM32L0xx_HAL_Driver/Inc -I../Drivers/STM32L0xx_HAL_Driver/Inc/Legacy -I../Drivers/CMSIS/Device/ST/STM32L0xx/Include -I../Drivers/CMSIS/Include -Os -ffunction-sections -fdata-sections -g -fstack-usage -Wall -specs=nano.specs -o Drivers\STM32L0xx_HAL_Driver\Src\stm32l0xx_hal_gpio.o ..\Drivers\STM32L0xx_HAL_Driver\Src\stm32l0xx_hal_gpio.c 
arm-atollic-eabi-gcc -c -mthumb -mcpu=cortex-m0plus -std=gnu11 -DUSE_HAL_DRIVER -DSTM32L010x6 -I../Inc -I../TrinksInc -I../Drivers/STM32L0xx_HAL_Driver/Inc -I../Drivers/STM32L0xx_HAL_Driver/Inc/Legacy -I../Drivers/CMSIS/Device/ST/STM32L0xx/Include -I../Drivers/CMSIS/Include -Os -ffunction-sections -fdata-sections -g -fstack-usage -Wall -specs=nano.specs -o Drivers\STM32L0xx_HAL_Driver\Src\stm32l0xx_hal_pwr.o ..\Drivers\STM32L0xx_HAL_Driver\Src\stm32l0xx_hal_pwr.c 
arm-atollic-eabi-gcc -c -mthumb -mcpu=cortex-m0plus -std=gnu11 -DUSE_HAL_DRIVER -DSTM32L010x6 -I../Inc -I../TrinksInc -I../Drivers/STM32L0xx_HAL_Driver/Inc -I../Drivers/STM32L0xx_HAL_Driver/Inc/Legacy -I../Drivers/CMSIS/Device/ST/STM32L0xx/Include -I../Drivers/CMSIS/Include -Os -ffunction-sections -fdata-sections -g -fstack-usage -Wall -specs=nano.specs -o Drivers\STM32L0xx_HAL_Driver\Src\stm32l0xx_hal_dma.o ..\Drivers\STM32L0xx_HAL_Driver\Src\stm32l0xx_hal_dma.c 
arm-atollic-eabi-gcc -c -mthumb -mcpu=cortex-m0plus -std=gnu11 -DUSE_HAL_DRIVER -DSTM32L010x6 -I../Inc -I../TrinksInc -I../Drivers/STM32L0xx_HAL_Driver/Inc -I../Drivers/STM32L0xx_HAL_Driver/Inc/Legacy -I../Drivers/CMSIS/Device/ST/STM32L0xx/Include -I../Drivers/CMSIS/Include -Os -ffunction-sections -fdata-sections -g -fstack-usage -Wall -specs=nano.specs -o Drivers\STM32L0xx_HAL_Driver\Src\stm32l0xx_hal_rcc_ex.o ..\Drivers\STM32L0xx_HAL_Driver\Src\stm32l0xx_hal_rcc_ex.c 
arm-atollic-eabi-gcc -c -mthumb -mcpu=cortex-m0plus -std=gnu11 -DUSE_HAL_DRIVER -DSTM32L010x6 -I../Inc -I../TrinksInc -I../Drivers/STM32L0xx_HAL_Driver/Inc -I../Drivers/STM32L0xx_HAL_Driver/Inc/Legacy -I../Drivers/CMSIS/Device/ST/STM32L0xx/Include -I../Drivers/CMSIS/Include -Os -ffunction-sections -fdata-sections -g -fstack-usage -Wall -specs=nano.specs -o Drivers\STM32L0xx_HAL_Driver\Src\stm32l0xx_hal_adc_ex.o ..\Drivers\STM32L0xx_HAL_Driver\Src\stm32l0xx_hal_adc_ex.c 
arm-atollic-eabi-gcc -o SuperStar1.elf Drivers\STM32L0xx_HAL_Driver\Src\stm32l0xx_hal.o Drivers\STM32L0xx_HAL_Driver\Src\stm32l0xx_hal_adc.o Drivers\STM32L0xx_HAL_Driver\Src\stm32l0xx_hal_adc_ex.o Drivers\STM32L0xx_HAL_Driver\Src\stm32l0xx_hal_cortex.o Drivers\STM32L0xx_HAL_Driver\Src\stm32l0xx_hal_dma.o Drivers\STM32L0xx_HAL_Driver\Src\stm32l0xx_hal_flash.o Drivers\STM32L0xx_HAL_Driver\Src\stm32l0xx_hal_flash_ex.o Drivers\STM32L0xx_HAL_Driver\Src\stm32l0xx_hal_flash_ramfunc.o Drivers\STM32L0xx_HAL_Driver\Src\stm32l0xx_hal_gpio.o Drivers\STM32L0xx_HAL_Driver\Src\stm32l0xx_hal_i2c.o Drivers\STM32L0xx_HAL_Driver\Src\stm32l0xx_hal_i2c_ex.o Drivers\STM32L0xx_HAL_Driver\Src\stm32l0xx_hal_pwr.o Drivers\STM32L0xx_HAL_Driver\Src\stm32l0xx_hal_pwr_ex.o Drivers\STM32L0xx_HAL_Driver\Src\stm32l0xx_hal_rcc.o Drivers\STM32L0xx_HAL_Driver\Src\stm32l0xx_hal_rcc_ex.o Drivers\STM32L0xx_HAL_Driver\Src\stm32l0xx_hal_tim.o Drivers\STM32L0xx_HAL_Driver\Src\stm32l0xx_hal_tim_ex.o Src\adc.o Src\gpio.o Src\main.o Src\stm32l0xx_hal_msp.o Src\stm32l0xx_it.o Src\syscalls.o Src\system_stm32l0xx.o startup\startup_stm32l010x6.o -mthumb -mcpu=cortex-m0plus -T../STM32L010C6_FLASH.ld -specs=nosys.specs -static -Wl,-Map=SuperStar1.map -Wl,--gc-sections -Wl,--defsym=malloc_getpagesize_P=0x80 -Wl,--start-group -lc -lm -Wl,--end-group -specs=nano.specs 
C:\Program Files (x86)\Atollic\TrueSTUDIO for STM32 9.3.0\ide\jre\bin\java -jar C:\Program Files (x86)\Atollic\TrueSTUDIO for STM32 9.3.0\Tools\arm-atollic-reports.jar sizeinfo list SuperStar1.elf 
Generate build reports...
Print size information
   text	   data	    bss	    dec	    hex	filename
   4820	     12	   1660	   6492	   195c	SuperStar1.elf
Print size information done
Generate listing file
Output sent to: SuperStar1.list
Generate listing file done
Generate build reports done
arm-atollic-eabi-objcopy.exe -O ihex SuperStar1.elf SuperStar1.hex 
Info: Nothing to build for SuperStar1
Info: Nothing to build for SuperStar1
20:03:34 **** Incremental Build of configuration Debug for project SuperStar1 ****
Info: Internal Builder is used for build
arm-atollic-eabi-gcc -c -mthumb -mcpu=cortex-m0plus -std=gnu11 -DUSE_HAL_DRIVER -DSTM32L010x6 -I../Inc -I../TrinksInc -I../Drivers/STM32L0xx_HAL_Driver/Inc -I../Drivers/STM32L0xx_HAL_Driver/Inc/Legacy -I../Drivers/CMSIS/Device/ST/STM32L0xx/Include -I../Drivers/CMSIS/Include -Os -ffunction-sections -fdata-sections -g -fstack-usage -Wall -specs=nano.specs -o Drivers\STM32L0xx_HAL_Driver\Src\stm32l0xx_hal_tim.o ..\Drivers\STM32L0xx_HAL_Driver\Src\stm32l0xx_hal_tim.c 
arm-atollic-eabi-gcc -c -mthumb -mcpu=cortex-m0plus -std=gnu11 -DUSE_HAL_DRIVER -DSTM32L010x6 -I../Inc -I../TrinksInc -I../Drivers/STM32L0xx_HAL_Driver/Inc -I../Drivers/STM32L0xx_HAL_Driver/Inc/Legacy -I../Drivers/CMSIS/Device/ST/STM32L0xx/Include -I../Drivers/CMSIS/Include -Os -ffunction-sections -fdata-sections -g -fstack-usage -Wall -specs=nano.specs -o Drivers\STM32L0xx_HAL_Driver\Src\stm32l0xx_hal.o ..\Drivers\STM32L0xx_HAL_Driver\Src\stm32l0xx_hal.c 
arm-atollic-eabi-gcc -c -mthumb -mcpu=cortex-m0plus -std=gnu11 -DUSE_HAL_DRIVER -DSTM32L010x6 -I../Inc -I../TrinksInc -I../Drivers/STM32L0xx_HAL_Driver/Inc -I../Drivers/STM32L0xx_HAL_Driver/Inc/Legacy -I../Drivers/CMSIS/Device/ST/STM32L0xx/Include -I../Drivers/CMSIS/Include -Os -ffunction-sections -fdata-sections -g -fstack-usage -Wall -specs=nano.specs -o Drivers\STM32L0xx_HAL_Driver\Src\stm32l0xx_hal_flash_ramfunc.o ..\Drivers\STM32L0xx_HAL_Driver\Src\stm32l0xx_hal_flash_ramfunc.c 
arm-atollic-eabi-gcc -c -mthumb -mcpu=cortex-m0plus -std=gnu11 -DUSE_HAL_DRIVER -DSTM32L010x6 -I../Inc -I../TrinksInc -I../Drivers/STM32L0xx_HAL_Driver/Inc -I../Drivers/STM32L0xx_HAL_Driver/Inc/Legacy -I../Drivers/CMSIS/Device/ST/STM32L0xx/Include -I../Drivers/CMSIS/Include -Os -ffunction-sections -fdata-sections -g -fstack-usage -Wall -specs=nano.specs -o Drivers\STM32L0xx_HAL_Driver\Src\stm32l0xx_hal_pwr_ex.o ..\Drivers\STM32L0xx_HAL_Driver\Src\stm32l0xx_hal_pwr_ex.c 
arm-atollic-eabi-gcc -c -mthumb -mcpu=cortex-m0plus -std=gnu11 -DUSE_HAL_DRIVER -DSTM32L010x6 -I../Inc -I../TrinksInc -I../Drivers/STM32L0xx_HAL_Driver/Inc -I../Drivers/STM32L0xx_HAL_Driver/Inc/Legacy -I../Drivers/CMSIS/Device/ST/STM32L0xx/Include -I../Drivers/CMSIS/Include -Os -ffunction-sections -fdata-sections -g -fstack-usage -Wall -specs=nano.specs -o Src\stm32l0xx_it.o ..\Src\stm32l0xx_it.c 
arm-atollic-eabi-gcc -c -mthumb -mcpu=cortex-m0plus -std=gnu11 -DUSE_HAL_DRIVER -DSTM32L010x6 -I../Inc -I../TrinksInc -I../Drivers/STM32L0xx_HAL_Driver/Inc -I../Drivers/STM32L0xx_HAL_Driver/Inc/Legacy -I../Drivers/CMSIS/Device/ST/STM32L0xx/Include -I../Drivers/CMSIS/Include -Os -ffunction-sections -fdata-sections -g -fstack-usage -Wall -specs=nano.specs -o Drivers\STM32L0xx_HAL_Driver\Src\stm32l0xx_hal_tim_ex.o ..\Drivers\STM32L0xx_HAL_Driver\Src\stm32l0xx_hal_tim_ex.c 
arm-atollic-eabi-gcc -c -mthumb -mcpu=cortex-m0plus -std=gnu11 -DUSE_HAL_DRIVER -DSTM32L010x6 -I../Inc -I../TrinksInc -I../Drivers/STM32L0xx_HAL_Driver/Inc -I../Drivers/STM32L0xx_HAL_Driver/Inc/Legacy -I../Drivers/CMSIS/Device/ST/STM32L0xx/Include -I../Drivers/CMSIS/Include -Os -ffunction-sections -fdata-sections -g -fstack-usage -Wall -specs=nano.specs -o Drivers\STM32L0xx_HAL_Driver\Src\stm32l0xx_hal_dma.o ..\Drivers\STM32L0xx_HAL_Driver\Src\stm32l0xx_hal_dma.c 
arm-atollic-eabi-gcc -c -mthumb -mcpu=cortex-m0plus -std=gnu11 -DUSE_HAL_DRIVER -DSTM32L010x6 -I../Inc -I../TrinksInc -I../Drivers/STM32L0xx_HAL_Driver/Inc -I../Drivers/STM32L0xx_HAL_Driver/Inc/Legacy -I../Drivers/CMSIS/Device/ST/STM32L0xx/Include -I../Drivers/CMSIS/Include -Os -ffunction-sections -fdata-sections -g -fstack-usage -Wall -specs=nano.specs -o Drivers\STM32L0xx_HAL_Driver\Src\stm32l0xx_hal_gpio.o ..\Drivers\STM32L0xx_HAL_Driver\Src\stm32l0xx_hal_gpio.c 
arm-atollic-eabi-gcc -c -mthumb -mcpu=cortex-m0plus -std=gnu11 -DUSE_HAL_DRIVER -DSTM32L010x6 -I../Inc -I../TrinksInc -I../Drivers/STM32L0xx_HAL_Driver/Inc -I../Drivers/STM32L0xx_HAL_Driver/Inc/Legacy -I../Drivers/CMSIS/Device/ST/STM32L0xx/Include -I../Drivers/CMSIS/Include -Os -ffunction-sections -fdata-sections -g -fstack-usage -Wall -specs=nano.specs -o Src\adc.o ..\Src\adc.c 
arm-atollic-eabi-gcc -c -mthumb -mcpu=cortex-m0plus -std=gnu11 -DUSE_HAL_DRIVER -DSTM32L010x6 -I../Inc -I../TrinksInc -I../Drivers/STM32L0xx_HAL_Driver/Inc -I../Drivers/STM32L0xx_HAL_Driver/Inc/Legacy -I../Drivers/CMSIS/Device/ST/STM32L0xx/Include -I../Drivers/CMSIS/Include -Os -ffunction-sections -fdata-sections -g -fstack-usage -Wall -specs=nano.specs -o Drivers\STM32L0xx_HAL_Driver\Src\stm32l0xx_hal_adc.o ..\Drivers\STM32L0xx_HAL_Driver\Src\stm32l0xx_hal_adc.c 
arm-atollic-eabi-gcc -c -mthumb -mcpu=cortex-m0plus -std=gnu11 -DUSE_HAL_DRIVER -DSTM32L010x6 -I../Inc -I../TrinksInc -I../Drivers/STM32L0xx_HAL_Driver/Inc -I../Drivers/STM32L0xx_HAL_Driver/Inc/Legacy -I../Drivers/CMSIS/Device/ST/STM32L0xx/Include -I../Drivers/CMSIS/Include -Os -ffunction-sections -fdata-sections -g -fstack-usage -Wall -specs=nano.specs -o Drivers\STM32L0xx_HAL_Driver\Src\stm32l0xx_hal_rcc.o ..\Drivers\STM32L0xx_HAL_Driver\Src\stm32l0xx_hal_rcc.c 
arm-atollic-eabi-gcc -c -mthumb -mcpu=cortex-m0plus -std=gnu11 -DUSE_HAL_DRIVER -DSTM32L010x6 -I../Inc -I../TrinksInc -I../Drivers/STM32L0xx_HAL_Driver/Inc -I../Drivers/STM32L0xx_HAL_Driver/Inc/Legacy -I../Drivers/CMSIS/Device/ST/STM32L0xx/Include -I../Drivers/CMSIS/Include -Os -ffunction-sections -fdata-sections -g -fstack-usage -Wall -specs=nano.specs -o Drivers\STM32L0xx_HAL_Driver\Src\stm32l0xx_hal_flash.o ..\Drivers\STM32L0xx_HAL_Driver\Src\stm32l0xx_hal_flash.c 
arm-atollic-eabi-gcc -c -mthumb -mcpu=cortex-m0plus -std=gnu11 -DUSE_HAL_DRIVER -DSTM32L010x6 -I../Inc -I../TrinksInc -I../Drivers/STM32L0xx_HAL_Driver/Inc -I../Drivers/STM32L0xx_HAL_Driver/Inc/Legacy -I../Drivers/CMSIS/Device/ST/STM32L0xx/Include -I../Drivers/CMSIS/Include -Os -ffunction-sections -fdata-sections -g -fstack-usage -Wall -specs=nano.specs -o Drivers\STM32L0xx_HAL_Driver\Src\stm32l0xx_hal_flash_ex.o ..\Drivers\STM32L0xx_HAL_Driver\Src\stm32l0xx_hal_flash_ex.c 
arm-atollic-eabi-gcc -c -mthumb -mcpu=cortex-m0plus -std=gnu11 -DUSE_HAL_DRIVER -DSTM32L010x6 -I../Inc -I../TrinksInc -I../Drivers/STM32L0xx_HAL_Driver/Inc -I../Drivers/STM32L0xx_HAL_Driver/Inc/Legacy -I../Drivers/CMSIS/Device/ST/STM32L0xx/Include -I../Drivers/CMSIS/Include -Os -ffunction-sections -fdata-sections -g -fstack-usage -Wall -specs=nano.specs -o Drivers\STM32L0xx_HAL_Driver\Src\stm32l0xx_hal_pwr.o ..\Drivers\STM32L0xx_HAL_Driver\Src\stm32l0xx_hal_pwr.c 
arm-atollic-eabi-gcc -c -mthumb -mcpu=cortex-m0plus -std=gnu11 -DUSE_HAL_DRIVER -DSTM32L010x6 -I../Inc -I../TrinksInc -I../Drivers/STM32L0xx_HAL_Driver/Inc -I../Drivers/STM32L0xx_HAL_Driver/Inc/Legacy -I../Drivers/CMSIS/Device/ST/STM32L0xx/Include -I../Drivers/CMSIS/Include -Os -ffunction-sections -fdata-sections -g -fstack-usage -Wall -specs=nano.specs -o Src\gpio.o ..\Src\gpio.c 
arm-atollic-eabi-gcc -c -mthumb -mcpu=cortex-m0plus -std=gnu11 -DUSE_HAL_DRIVER -DSTM32L010x6 -I../Inc -I../TrinksInc -I../Drivers/STM32L0xx_HAL_Driver/Inc -I../Drivers/STM32L0xx_HAL_Driver/Inc/Legacy -I../Drivers/CMSIS/Device/ST/STM32L0xx/Include -I../Drivers/CMSIS/Include -Os -ffunction-sections -fdata-sections -g -fstack-usage -Wall -specs=nano.specs -o Drivers\STM32L0xx_HAL_Driver\Src\stm32l0xx_hal_adc_ex.o ..\Drivers\STM32L0xx_HAL_Driver\Src\stm32l0xx_hal_adc_ex.c 
arm-atollic-eabi-gcc -c -mthumb -mcpu=cortex-m0plus -std=gnu11 -DUSE_HAL_DRIVER -DSTM32L010x6 -I../Inc -I../TrinksInc -I../Drivers/STM32L0xx_HAL_Driver/Inc -I../Drivers/STM32L0xx_HAL_Driver/Inc/Legacy -I../Drivers/CMSIS/Device/ST/STM32L0xx/Include -I../Drivers/CMSIS/Include -Os -ffunction-sections -fdata-sections -g -fstack-usage -Wall -specs=nano.specs -o Drivers\STM32L0xx_HAL_Driver\Src\stm32l0xx_hal_i2c_ex.o ..\Drivers\STM32L0xx_HAL_Driver\Src\stm32l0xx_hal_i2c_ex.c 
arm-atollic-eabi-gcc -c -mthumb -mcpu=cortex-m0plus -std=gnu11 -DUSE_HAL_DRIVER -DSTM32L010x6 -I../Inc -I../TrinksInc -I../Drivers/STM32L0xx_HAL_Driver/Inc -I../Drivers/STM32L0xx_HAL_Driver/Inc/Legacy -I../Drivers/CMSIS/Device/ST/STM32L0xx/Include -I../Drivers/CMSIS/Include -Os -ffunction-sections -fdata-sections -g -fstack-usage -Wall -specs=nano.specs -o Drivers\STM32L0xx_HAL_Driver\Src\stm32l0xx_hal_i2c.o ..\Drivers\STM32L0xx_HAL_Driver\Src\stm32l0xx_hal_i2c.c 
arm-atollic-eabi-gcc -c -mthumb -mcpu=cortex-m0plus -std=gnu11 -DUSE_HAL_DRIVER -DSTM32L010x6 -I../Inc -I../TrinksInc -I../Drivers/STM32L0xx_HAL_Driver/Inc -I../Drivers/STM32L0xx_HAL_Driver/Inc/Legacy -I../Drivers/CMSIS/Device/ST/STM32L0xx/Include -I../Drivers/CMSIS/Include -Os -ffunction-sections -fdata-sections -g -fstack-usage -Wall -specs=nano.specs -o Src\stm32l0xx_hal_msp.o ..\Src\stm32l0xx_hal_msp.c 
arm-atollic-eabi-gcc -c -mthumb -mcpu=cortex-m0plus -std=gnu11 -DUSE_HAL_DRIVER -DSTM32L010x6 -I../Inc -I../TrinksInc -I../Drivers/STM32L0xx_HAL_Driver/Inc -I../Drivers/STM32L0xx_HAL_Driver/Inc/Legacy -I../Drivers/CMSIS/Device/ST/STM32L0xx/Include -I../Drivers/CMSIS/Include -Os -ffunction-sections -fdata-sections -g -fstack-usage -Wall -specs=nano.specs -o Src\system_stm32l0xx.o ..\Src\system_stm32l0xx.c 
arm-atollic-eabi-gcc -c -mthumb -mcpu=cortex-m0plus -std=gnu11 -DUSE_HAL_DRIVER -DSTM32L010x6 -I../Inc -I../TrinksInc -I../Drivers/STM32L0xx_HAL_Driver/Inc -I../Drivers/STM32L0xx_HAL_Driver/Inc/Legacy -I../Drivers/CMSIS/Device/ST/STM32L0xx/Include -I../Drivers/CMSIS/Include -Os -ffunction-sections -fdata-sections -g -fstack-usage -Wall -specs=nano.specs -o Src\main.o ..\Src\main.c 
arm-atollic-eabi-gcc -c -mthumb -mcpu=cortex-m0plus -std=gnu11 -DUSE_HAL_DRIVER -DSTM32L010x6 -I../Inc -I../TrinksInc -I../Drivers/STM32L0xx_HAL_Driver/Inc -I../Drivers/STM32L0xx_HAL_Driver/Inc/Legacy -I../Drivers/CMSIS/Device/ST/STM32L0xx/Include -I../Drivers/CMSIS/Include -Os -ffunction-sections -fdata-sections -g -fstack-usage -Wall -specs=nano.specs -o Drivers\STM32L0xx_HAL_Driver\Src\stm32l0xx_hal_cortex.o ..\Drivers\STM32L0xx_HAL_Driver\Src\stm32l0xx_hal_cortex.c 
arm-atollic-eabi-gcc -c -mthumb -mcpu=cortex-m0plus -std=gnu11 -DUSE_HAL_DRIVER -DSTM32L010x6 -I../Inc -I../TrinksInc -I../Drivers/STM32L0xx_HAL_Driver/Inc -I../Drivers/STM32L0xx_HAL_Driver/Inc/Legacy -I../Drivers/CMSIS/Device/ST/STM32L0xx/Include -I../Drivers/CMSIS/Include -Os -ffunction-sections -fdata-sections -g -fstack-usage -Wall -specs=nano.specs -o Drivers\STM32L0xx_HAL_Driver\Src\stm32l0xx_hal_rcc_ex.o ..\Drivers\STM32L0xx_HAL_Driver\Src\stm32l0xx_hal_rcc_ex.c 
arm-atollic-eabi-gcc -o SuperStar1.elf Drivers\STM32L0xx_HAL_Driver\Src\stm32l0xx_hal.o Drivers\STM32L0xx_HAL_Driver\Src\stm32l0xx_hal_adc.o Drivers\STM32L0xx_HAL_Driver\Src\stm32l0xx_hal_adc_ex.o Drivers\STM32L0xx_HAL_Driver\Src\stm32l0xx_hal_cortex.o Drivers\STM32L0xx_HAL_Driver\Src\stm32l0xx_hal_dma.o Drivers\STM32L0xx_HAL_Driver\Src\stm32l0xx_hal_flash.o Drivers\STM32L0xx_HAL_Driver\Src\stm32l0xx_hal_flash_ex.o Drivers\STM32L0xx_HAL_Driver\Src\stm32l0xx_hal_flash_ramfunc.o Drivers\STM32L0xx_HAL_Driver\Src\stm32l0xx_hal_gpio.o Drivers\STM32L0xx_HAL_Driver\Src\stm32l0xx_hal_i2c.o Drivers\STM32L0xx_HAL_Driver\Src\stm32l0xx_hal_i2c_ex.o Drivers\STM32L0xx_HAL_Driver\Src\stm32l0xx_hal_pwr.o Drivers\STM32L0xx_HAL_Driver\Src\stm32l0xx_hal_pwr_ex.o Drivers\STM32L0xx_HAL_Driver\Src\stm32l0xx_hal_rcc.o Drivers\STM32L0xx_HAL_Driver\Src\stm32l0xx_hal_rcc_ex.o Drivers\STM32L0xx_HAL_Driver\Src\stm32l0xx_hal_tim.o Drivers\STM32L0xx_HAL_Driver\Src\stm32l0xx_hal_tim_ex.o Src\adc.o Src\gpio.o Src\main.o Src\stm32l0xx_hal_msp.o Src\stm32l0xx_it.o Src\syscalls.o Src\system_stm32l0xx.o startup\startup_stm32l010x6.o -mthumb -mcpu=cortex-m0plus -T../STM32L010C6_FLASH.ld -specs=nosys.specs -static -Wl,-Map=SuperStar1.map -Wl,--gc-sections -Wl,--defsym=malloc_getpagesize_P=0x80 -Wl,--start-group -lc -lm -Wl,--end-group -specs=nano.specs 
C:\Program Files (x86)\Atollic\TrueSTUDIO for STM32 9.3.0\ide\jre\bin\java -jar C:\Program Files (x86)\Atollic\TrueSTUDIO for STM32 9.3.0\Tools\arm-atollic-reports.jar sizeinfo list SuperStar1.elf 
Generate build reports...
Print size information
   text	   data	    bss	    dec	    hex	filename
   4852	     12	   1660	   6524	   197c	SuperStar1.elf
Print size information done
Generate listing file
Output sent to: SuperStar1.list
Generate listing file done
Generate build reports done
arm-atollic-eabi-objcopy.exe -O ihex SuperStar1.elf SuperStar1.hex 
Info: Nothing to build for SuperStar1
19:47:14 **** Incremental Build of configuration Debug for project SuperStar1 ****
Info: Internal Builder is used for build
arm-atollic-eabi-gcc -c -mthumb -mcpu=cortex-m0plus -std=gnu11 -DUSE_HAL_DRIVER -DSTM32L010x6 -I../Inc -I../TrinksInc -I../Drivers/STM32L0xx_HAL_Driver/Inc -I../Drivers/STM32L0xx_HAL_Driver/Inc/Legacy -I../Drivers/CMSIS/Device/ST/STM32L0xx/Include -I../Drivers/CMSIS/Include -Os -ffunction-sections -fdata-sections -g -fstack-usage -Wall -specs=nano.specs -o Src\system_stm32l0xx.o ..\Src\system_stm32l0xx.c 
arm-atollic-eabi-gcc -c -mthumb -mcpu=cortex-m0plus -std=gnu11 -DUSE_HAL_DRIVER -DSTM32L010x6 -I../Inc -I../TrinksInc -I../Drivers/STM32L0xx_HAL_Driver/Inc -I../Drivers/STM32L0xx_HAL_Driver/Inc/Legacy -I../Drivers/CMSIS/Device/ST/STM32L0xx/Include -I../Drivers/CMSIS/Include -Os -ffunction-sections -fdata-sections -g -fstack-usage -Wall -specs=nano.specs -o Drivers\STM32L0xx_HAL_Driver\Src\stm32l0xx_hal_i2c.o ..\Drivers\STM32L0xx_HAL_Driver\Src\stm32l0xx_hal_i2c.c 
arm-atollic-eabi-gcc -c -mthumb -mcpu=cortex-m0plus -std=gnu11 -DUSE_HAL_DRIVER -DSTM32L010x6 -I../Inc -I../TrinksInc -I../Drivers/STM32L0xx_HAL_Driver/Inc -I../Drivers/STM32L0xx_HAL_Driver/Inc/Legacy -I../Drivers/CMSIS/Device/ST/STM32L0xx/Include -I../Drivers/CMSIS/Include -Os -ffunction-sections -fdata-sections -g -fstack-usage -Wall -specs=nano.specs -o Drivers\STM32L0xx_HAL_Driver\Src\stm32l0xx_hal_flash_ex.o ..\Drivers\STM32L0xx_HAL_Driver\Src\stm32l0xx_hal_flash_ex.c 
arm-atollic-eabi-gcc -c -mthumb -mcpu=cortex-m0plus -std=gnu11 -DUSE_HAL_DRIVER -DSTM32L010x6 -I../Inc -I../TrinksInc -I../Drivers/STM32L0xx_HAL_Driver/Inc -I../Drivers/STM32L0xx_HAL_Driver/Inc/Legacy -I../Drivers/CMSIS/Device/ST/STM32L0xx/Include -I../Drivers/CMSIS/Include -Os -ffunction-sections -fdata-sections -g -fstack-usage -Wall -specs=nano.specs -o Drivers\STM32L0xx_HAL_Driver\Src\stm32l0xx_hal_rcc.o ..\Drivers\STM32L0xx_HAL_Driver\Src\stm32l0xx_hal_rcc.c 
arm-atollic-eabi-gcc -c -mthumb -mcpu=cortex-m0plus -std=gnu11 -DUSE_HAL_DRIVER -DSTM32L010x6 -I../Inc -I../TrinksInc -I../Drivers/STM32L0xx_HAL_Driver/Inc -I../Drivers/STM32L0xx_HAL_Driver/Inc/Legacy -I../Drivers/CMSIS/Device/ST/STM32L0xx/Include -I../Drivers/CMSIS/Include -Os -ffunction-sections -fdata-sections -g -fstack-usage -Wall -specs=nano.specs -o Src\main.o ..\Src\main.c 
..\Src\main.c: In function 'main':
..\Src\main.c:114:38: error: 'hadc1' undeclared (first use in this function)
     ADC_RawValue = HAL_ADC_GetValue(&hadc1);
                                      ^~~~~
..\Src\main.c:114:38: note: each undeclared identifier is reported only once for each function it appears in
..\Src\main.c:115:37: error: 'VOLTAGE_DIVIDER_RATIO' undeclared (first use in this function)
     BatteryVoltage = ADC_RawValue / VOLTAGE_DIVIDER_RATIO;
                                     ^~~~~~~~~~~~~~~~~~~~~
..\Src\main.c:103:19: warning: variable 'BatteryVoltage' set but not used [-Wunused-but-set-variable]
    volatile float BatteryVoltage;
                   ^~~~~~~~~~~~~~
19:55:40 **** Incremental Build of configuration Debug for project SuperStar1 ****
Info: Internal Builder is used for build
arm-atollic-eabi-gcc -c -mthumb -mcpu=cortex-m0plus -std=gnu11 -DUSE_HAL_DRIVER -DSTM32L010x6 -I../Inc -I../TrinksInc -I../Drivers/STM32L0xx_HAL_Driver/Inc -I../Drivers/STM32L0xx_HAL_Driver/Inc/Legacy -I../Drivers/CMSIS/Device/ST/STM32L0xx/Include -I../Drivers/CMSIS/Include -Os -ffunction-sections -fdata-sections -g -fstack-usage -Wall -specs=nano.specs -o Src\gpio.o ..\Src\gpio.c 
arm-atollic-eabi-gcc -c -mthumb -mcpu=cortex-m0plus -std=gnu11 -DUSE_HAL_DRIVER -DSTM32L010x6 -I../Inc -I../TrinksInc -I../Drivers/STM32L0xx_HAL_Driver/Inc -I../Drivers/STM32L0xx_HAL_Driver/Inc/Legacy -I../Drivers/CMSIS/Device/ST/STM32L0xx/Include -I../Drivers/CMSIS/Include -Os -ffunction-sections -fdata-sections -g -fstack-usage -Wall -specs=nano.specs -o Drivers\STM32L0xx_HAL_Driver\Src\stm32l0xx_hal_gpio.o ..\Drivers\STM32L0xx_HAL_Driver\Src\stm32l0xx_hal_gpio.c 
arm-atollic-eabi-gcc -c -mthumb -mcpu=cortex-m0plus -std=gnu11 -DUSE_HAL_DRIVER -DSTM32L010x6 -I../Inc -I../TrinksInc -I../Drivers/STM32L0xx_HAL_Driver/Inc -I../Drivers/STM32L0xx_HAL_Driver/Inc/Legacy -I../Drivers/CMSIS/Device/ST/STM32L0xx/Include -I../Drivers/CMSIS/Include -Os -ffunction-sections -fdata-sections -g -fstack-usage -Wall -specs=nano.specs -o Src\main.o ..\Src\main.c 
..\Src\main.c: In function 'main':
..\Src\main.c:115:38: error: 'hadc1' undeclared (first use in this function)
     ADC_RawValue = HAL_ADC_GetValue(&hadc1);
                                      ^~~~~
..\Src\main.c:115:38: note: each undeclared identifier is reported only once for each function it appears in
..\Src\main.c:116:35: warning: division by zero [-Wdiv-by-zero]
     BatteryVoltage = ADC_RawValue / VOLTAGE_DIVIDER_RATIO;
                                   ^
..\Src\main.c:104:19: warning: variable 'BatteryVoltage' set but not used [-Wunused-but-set-variable]
    volatile float BatteryVoltage;
                   ^~~~~~~~~~~~~~
19:56:08 **** Incremental Build of configuration Debug for project SuperStar1 ****
Info: Internal Builder is used for build
arm-atollic-eabi-gcc -c -mthumb -mcpu=cortex-m0plus -std=gnu11 -DUSE_HAL_DRIVER -DSTM32L010x6 -I../Inc -I../TrinksInc -I../Drivers/STM32L0xx_HAL_Driver/Inc -I../Drivers/STM32L0xx_HAL_Driver/Inc/Legacy -I../Drivers/CMSIS/Device/ST/STM32L0xx/Include -I../Drivers/CMSIS/Include -Os -ffunction-sections -fdata-sections -g -fstack-usage -Wall -specs=nano.specs -o Drivers\STM32L0xx_HAL_Driver\Src\stm32l0xx_hal_pwr.o ..\Drivers\STM32L0xx_HAL_Driver\Src\stm32l0xx_hal_pwr.c 
arm-atollic-eabi-gcc -c -mthumb -mcpu=cortex-m0plus -std=gnu11 -DUSE_HAL_DRIVER -DSTM32L010x6 -I../Inc -I../TrinksInc -I../Drivers/STM32L0xx_HAL_Driver/Inc -I../Drivers/STM32L0xx_HAL_Driver/Inc/Legacy -I../Drivers/CMSIS/Device/ST/STM32L0xx/Include -I../Drivers/CMSIS/Include -Os -ffunction-sections -fdata-sections -g -fstack-usage -Wall -specs=nano.specs -o Drivers\STM32L0xx_HAL_Driver\Src\stm32l0xx_hal_flash.o ..\Drivers\STM32L0xx_HAL_Driver\Src\stm32l0xx_hal_flash.c 
arm-atollic-eabi-gcc -c -mthumb -mcpu=cortex-m0plus -std=gnu11 -DUSE_HAL_DRIVER -DSTM32L010x6 -I../Inc -I../TrinksInc -I../Drivers/STM32L0xx_HAL_Driver/Inc -I../Drivers/STM32L0xx_HAL_Driver/Inc/Legacy -I../Drivers/CMSIS/Device/ST/STM32L0xx/Include -I../Drivers/CMSIS/Include -Os -ffunction-sections -fdata-sections -g -fstack-usage -Wall -specs=nano.specs -o Src\stm32l0xx_it.o ..\Src\stm32l0xx_it.c 
arm-atollic-eabi-gcc -c -mthumb -mcpu=cortex-m0plus -std=gnu11 -DUSE_HAL_DRIVER -DSTM32L010x6 -I../Inc -I../TrinksInc -I../Drivers/STM32L0xx_HAL_Driver/Inc -I../Drivers/STM32L0xx_HAL_Driver/Inc/Legacy -I../Drivers/CMSIS/Device/ST/STM32L0xx/Include -I../Drivers/CMSIS/Include -Os -ffunction-sections -fdata-sections -g -fstack-usage -Wall -specs=nano.specs -o Src\main.o ..\Src\main.c 
..\Src\main.c: In function 'main':
..\Src\main.c:116:35: warning: division by zero [-Wdiv-by-zero]
     BatteryVoltage = ADC_RawValue / VOLTAGE_DIVIDER_RATIO;
                                   ^
..\Src\main.c:104:19: warning: variable 'BatteryVoltage' set but not used [-Wunused-but-set-variable]
    volatile float BatteryVoltage;
                   ^~~~~~~~~~~~~~
arm-atollic-eabi-gcc -c -mthumb -mcpu=cortex-m0plus -std=gnu11 -DUSE_HAL_DRIVER -DSTM32L010x6 -I../Inc -I../TrinksInc -I../Drivers/STM32L0xx_HAL_Driver/Inc -I../Drivers/STM32L0xx_HAL_Driver/Inc/Legacy -I../Drivers/CMSIS/Device/ST/STM32L0xx/Include -I../Drivers/CMSIS/Include -Os -ffunction-sections -fdata-sections -g -fstack-usage -Wall -specs=nano.specs -o Src\stm32l0xx_hal_msp.o ..\Src\stm32l0xx_hal_msp.c 
arm-atollic-eabi-gcc -c -mthumb -mcpu=cortex-m0plus -std=gnu11 -DUSE_HAL_DRIVER -DSTM32L010x6 -I../Inc -I../TrinksInc -I../Drivers/STM32L0xx_HAL_Driver/Inc -I../Drivers/STM32L0xx_HAL_Driver/Inc/Legacy -I../Drivers/CMSIS/Device/ST/STM32L0xx/Include -I../Drivers/CMSIS/Include -Os -ffunction-sections -fdata-sections -g -fstack-usage -Wall -specs=nano.specs -o Drivers\STM32L0xx_HAL_Driver\Src\stm32l0xx_hal_dma.o ..\Drivers\STM32L0xx_HAL_Driver\Src\stm32l0xx_hal_dma.c 
arm-atollic-eabi-gcc -c -mthumb -mcpu=cortex-m0plus -std=gnu11 -DUSE_HAL_DRIVER -DSTM32L010x6 -I../Inc -I../TrinksInc -I../Drivers/STM32L0xx_HAL_Driver/Inc -I../Drivers/STM32L0xx_HAL_Driver/Inc/Legacy -I../Drivers/CMSIS/Device/ST/STM32L0xx/Include -I../Drivers/CMSIS/Include -Os -ffunction-sections -fdata-sections -g -fstack-usage -Wall -specs=nano.specs -o Src\adc.o ..\Src\adc.c 
arm-atollic-eabi-gcc -c -mthumb -mcpu=cortex-m0plus -std=gnu11 -DUSE_HAL_DRIVER -DSTM32L010x6 -I../Inc -I../TrinksInc -I../Drivers/STM32L0xx_HAL_Driver/Inc -I../Drivers/STM32L0xx_HAL_Driver/Inc/Legacy -I../Drivers/CMSIS/Device/ST/STM32L0xx/Include -I../Drivers/CMSIS/Include -Os -ffunction-sections -fdata-sections -g -fstack-usage -Wall -specs=nano.specs -o Drivers\STM32L0xx_HAL_Driver\Src\stm32l0xx_hal_tim_ex.o ..\Drivers\STM32L0xx_HAL_Driver\Src\stm32l0xx_hal_tim_ex.c 
arm-atollic-eabi-gcc -c -mthumb -mcpu=cortex-m0plus -std=gnu11 -DUSE_HAL_DRIVER -DSTM32L010x6 -I../Inc -I../TrinksInc -I../Drivers/STM32L0xx_HAL_Driver/Inc -I../Drivers/STM32L0xx_HAL_Driver/Inc/Legacy -I../Drivers/CMSIS/Device/ST/STM32L0xx/Include -I../Drivers/CMSIS/Include -Os -ffunction-sections -fdata-sections -g -fstack-usage -Wall -specs=nano.specs -o Drivers\STM32L0xx_HAL_Driver\Src\stm32l0xx_hal_flash_ramfunc.o ..\Drivers\STM32L0xx_HAL_Driver\Src\stm32l0xx_hal_flash_ramfunc.c 
arm-atollic-eabi-gcc -c -mthumb -mcpu=cortex-m0plus -std=gnu11 -DUSE_HAL_DRIVER -DSTM32L010x6 -I../Inc -I../TrinksInc -I../Drivers/STM32L0xx_HAL_Driver/Inc -I../Drivers/STM32L0xx_HAL_Driver/Inc/Legacy -I../Drivers/CMSIS/Device/ST/STM32L0xx/Include -I../Drivers/CMSIS/Include -Os -ffunction-sections -fdata-sections -g -fstack-usage -Wall -specs=nano.specs -o Drivers\STM32L0xx_HAL_Driver\Src\stm32l0xx_hal_adc.o ..\Drivers\STM32L0xx_HAL_Driver\Src\stm32l0xx_hal_adc.c 
arm-atollic-eabi-gcc -c -mthumb -mcpu=cortex-m0plus -std=gnu11 -DUSE_HAL_DRIVER -DSTM32L010x6 -I../Inc -I../TrinksInc -I../Drivers/STM32L0xx_HAL_Driver/Inc -I../Drivers/STM32L0xx_HAL_Driver/Inc/Legacy -I../Drivers/CMSIS/Device/ST/STM32L0xx/Include -I../Drivers/CMSIS/Include -Os -ffunction-sections -fdata-sections -g -fstack-usage -Wall -specs=nano.specs -o Drivers\STM32L0xx_HAL_Driver\Src\stm32l0xx_hal_tim.o ..\Drivers\STM32L0xx_HAL_Driver\Src\stm32l0xx_hal_tim.c 
arm-atollic-eabi-gcc -c -mthumb -mcpu=cortex-m0plus -std=gnu11 -DUSE_HAL_DRIVER -DSTM32L010x6 -I../Inc -I../TrinksInc -I../Drivers/STM32L0xx_HAL_Driver/Inc -I../Drivers/STM32L0xx_HAL_Driver/Inc/Legacy -I../Drivers/CMSIS/Device/ST/STM32L0xx/Include -I../Drivers/CMSIS/Include -Os -ffunction-sections -fdata-sections -g -fstack-usage -Wall -specs=nano.specs -o Drivers\STM32L0xx_HAL_Driver\Src\stm32l0xx_hal.o ..\Drivers\STM32L0xx_HAL_Driver\Src\stm32l0xx_hal.c 
arm-atollic-eabi-gcc -c -mthumb -mcpu=cortex-m0plus -std=gnu11 -DUSE_HAL_DRIVER -DSTM32L010x6 -I../Inc -I../TrinksInc -I../Drivers/STM32L0xx_HAL_Driver/Inc -I../Drivers/STM32L0xx_HAL_Driver/Inc/Legacy -I../Drivers/CMSIS/Device/ST/STM32L0xx/Include -I../Drivers/CMSIS/Include -Os -ffunction-sections -fdata-sections -g -fstack-usage -Wall -specs=nano.specs -o Drivers\STM32L0xx_HAL_Driver\Src\stm32l0xx_hal_i2c_ex.o ..\Drivers\STM32L0xx_HAL_Driver\Src\stm32l0xx_hal_i2c_ex.c 
arm-atollic-eabi-gcc -c -mthumb -mcpu=cortex-m0plus -std=gnu11 -DUSE_HAL_DRIVER -DSTM32L010x6 -I../Inc -I../TrinksInc -I../Drivers/STM32L0xx_HAL_Driver/Inc -I../Drivers/STM32L0xx_HAL_Driver/Inc/Legacy -I../Drivers/CMSIS/Device/ST/STM32L0xx/Include -I../Drivers/CMSIS/Include -Os -ffunction-sections -fdata-sections -g -fstack-usage -Wall -specs=nano.specs -o Drivers\STM32L0xx_HAL_Driver\Src\stm32l0xx_hal_cortex.o ..\Drivers\STM32L0xx_HAL_Driver\Src\stm32l0xx_hal_cortex.c 
arm-atollic-eabi-gcc -c -mthumb -mcpu=cortex-m0plus -std=gnu11 -DUSE_HAL_DRIVER -DSTM32L010x6 -I../Inc -I../TrinksInc -I../Drivers/STM32L0xx_HAL_Driver/Inc -I../Drivers/STM32L0xx_HAL_Driver/Inc/Legacy -I../Drivers/CMSIS/Device/ST/STM32L0xx/Include -I../Drivers/CMSIS/Include -Os -ffunction-sections -fdata-sections -g -fstack-usage -Wall -specs=nano.specs -o Drivers\STM32L0xx_HAL_Driver\Src\stm32l0xx_hal_adc_ex.o ..\Drivers\STM32L0xx_HAL_Driver\Src\stm32l0xx_hal_adc_ex.c 
arm-atollic-eabi-gcc -c -mthumb -mcpu=cortex-m0plus -std=gnu11 -DUSE_HAL_DRIVER -DSTM32L010x6 -I../Inc -I../TrinksInc -I../Drivers/STM32L0xx_HAL_Driver/Inc -I../Drivers/STM32L0xx_HAL_Driver/Inc/Legacy -I../Drivers/CMSIS/Device/ST/STM32L0xx/Include -I../Drivers/CMSIS/Include -Os -ffunction-sections -fdata-sections -g -fstack-usage -Wall -specs=nano.specs -o Drivers\STM32L0xx_HAL_Driver\Src\stm32l0xx_hal_rcc_ex.o ..\Drivers\STM32L0xx_HAL_Driver\Src\stm32l0xx_hal_rcc_ex.c 
arm-atollic-eabi-gcc -c -mthumb -mcpu=cortex-m0plus -std=gnu11 -DUSE_HAL_DRIVER -DSTM32L010x6 -I../Inc -I../TrinksInc -I../Drivers/STM32L0xx_HAL_Driver/Inc -I../Drivers/STM32L0xx_HAL_Driver/Inc/Legacy -I../Drivers/CMSIS/Device/ST/STM32L0xx/Include -I../Drivers/CMSIS/Include -Os -ffunction-sections -fdata-sections -g -fstack-usage -Wall -specs=nano.specs -o Drivers\STM32L0xx_HAL_Driver\Src\stm32l0xx_hal_pwr_ex.o ..\Drivers\STM32L0xx_HAL_Driver\Src\stm32l0xx_hal_pwr_ex.c 
arm-atollic-eabi-gcc -o SuperStar1.elf Drivers\STM32L0xx_HAL_Driver\Src\stm32l0xx_hal.o Drivers\STM32L0xx_HAL_Driver\Src\stm32l0xx_hal_adc.o Drivers\STM32L0xx_HAL_Driver\Src\stm32l0xx_hal_adc_ex.o Drivers\STM32L0xx_HAL_Driver\Src\stm32l0xx_hal_cortex.o Drivers\STM32L0xx_HAL_Driver\Src\stm32l0xx_hal_dma.o Drivers\STM32L0xx_HAL_Driver\Src\stm32l0xx_hal_flash.o Drivers\STM32L0xx_HAL_Driver\Src\stm32l0xx_hal_flash_ex.o Drivers\STM32L0xx_HAL_Driver\Src\stm32l0xx_hal_flash_ramfunc.o Drivers\STM32L0xx_HAL_Driver\Src\stm32l0xx_hal_gpio.o Drivers\STM32L0xx_HAL_Driver\Src\stm32l0xx_hal_i2c.o Drivers\STM32L0xx_HAL_Driver\Src\stm32l0xx_hal_i2c_ex.o Drivers\STM32L0xx_HAL_Driver\Src\stm32l0xx_hal_pwr.o Drivers\STM32L0xx_HAL_Driver\Src\stm32l0xx_hal_pwr_ex.o Drivers\STM32L0xx_HAL_Driver\Src\stm32l0xx_hal_rcc.o Drivers\STM32L0xx_HAL_Driver\Src\stm32l0xx_hal_rcc_ex.o Drivers\STM32L0xx_HAL_Driver\Src\stm32l0xx_hal_tim.o Drivers\STM32L0xx_HAL_Driver\Src\stm32l0xx_hal_tim_ex.o Src\adc.o Src\gpio.o Src\main.o Src\stm32l0xx_hal_msp.o Src\stm32l0xx_it.o Src\syscalls.o Src\system_stm32l0xx.o startup\startup_stm32l010x6.o -mthumb -mcpu=cortex-m0plus -T../STM32L010C6_FLASH.ld -specs=nosys.specs -static -Wl,-Map=SuperStar1.map -Wl,--gc-sections -Wl,--defsym=malloc_getpagesize_P=0x80 -Wl,--start-group -lc -lm -Wl,--end-group -specs=nano.specs 
C:\Program Files (x86)\Atollic\TrueSTUDIO for STM32 9.3.0\ide\jre\bin\java -jar C:\Program Files (x86)\Atollic\TrueSTUDIO for STM32 9.3.0\Tools\arm-atollic-reports.jar sizeinfo list SuperStar1.elf 
Generate build reports...
Print size information
   text	   data	    bss	    dec	    hex	filename
   5816	     12	   1660	   7488	   1d40	SuperStar1.elf
Print size information done
Generate listing file
Output sent to: SuperStar1.list
Generate listing file done
Generate build reports done
arm-atollic-eabi-objcopy.exe -O ihex SuperStar1.elf SuperStar1.hex 
20:16:28 **** Incremental Build of configuration Debug for project SuperStar1 ****
Info: Internal Builder is used for build
arm-atollic-eabi-gcc -c -mthumb -mcpu=cortex-m0plus -std=gnu11 -DUSE_HAL_DRIVER -DSTM32L010x6 -I../Inc -I../TrinksInc -I../Drivers/STM32L0xx_HAL_Driver/Inc -I../Drivers/STM32L0xx_HAL_Driver/Inc/Legacy -I../Drivers/CMSIS/Device/ST/STM32L0xx/Include -I../Drivers/CMSIS/Include -Os -ffunction-sections -fdata-sections -g -fstack-usage -Wall -specs=nano.specs -o Src\main.o ..\Src\main.c 
..\Src\main.c: In function 'main':
..\Src\main.c:118:44: warning: division by zero [-Wdiv-by-zero]
     BatteryVoltage = BatteryVoltageDivided / VOLTAGE_DIVIDER_RATIO;
                                            ^
..\Src\main.c:104:19: warning: variable 'BatteryVoltage' set but not used [-Wunused-but-set-variable]
    volatile float BatteryVoltage;
                   ^~~~~~~~~~~~~~
arm-atollic-eabi-gcc -o SuperStar1.elf Drivers\STM32L0xx_HAL_Driver\Src\stm32l0xx_hal.o Drivers\STM32L0xx_HAL_Driver\Src\stm32l0xx_hal_adc.o Drivers\STM32L0xx_HAL_Driver\Src\stm32l0xx_hal_adc_ex.o Drivers\STM32L0xx_HAL_Driver\Src\stm32l0xx_hal_cortex.o Drivers\STM32L0xx_HAL_Driver\Src\stm32l0xx_hal_dma.o Drivers\STM32L0xx_HAL_Driver\Src\stm32l0xx_hal_flash.o Drivers\STM32L0xx_HAL_Driver\Src\stm32l0xx_hal_flash_ex.o Drivers\STM32L0xx_HAL_Driver\Src\stm32l0xx_hal_flash_ramfunc.o Drivers\STM32L0xx_HAL_Driver\Src\stm32l0xx_hal_gpio.o Drivers\STM32L0xx_HAL_Driver\Src\stm32l0xx_hal_i2c.o Drivers\STM32L0xx_HAL_Driver\Src\stm32l0xx_hal_i2c_ex.o Drivers\STM32L0xx_HAL_Driver\Src\stm32l0xx_hal_pwr.o Drivers\STM32L0xx_HAL_Driver\Src\stm32l0xx_hal_pwr_ex.o Drivers\STM32L0xx_HAL_Driver\Src\stm32l0xx_hal_rcc.o Drivers\STM32L0xx_HAL_Driver\Src\stm32l0xx_hal_rcc_ex.o Drivers\STM32L0xx_HAL_Driver\Src\stm32l0xx_hal_tim.o Drivers\STM32L0xx_HAL_Driver\Src\stm32l0xx_hal_tim_ex.o Src\adc.o Src\gpio.o Src\main.o Src\stm32l0xx_hal_msp.o Src\stm32l0xx_it.o Src\syscalls.o Src\system_stm32l0xx.o startup\startup_stm32l010x6.o -mthumb -mcpu=cortex-m0plus -T../STM32L010C6_FLASH.ld -specs=nosys.specs -static -Wl,-Map=SuperStar1.map -Wl,--gc-sections -Wl,--defsym=malloc_getpagesize_P=0x80 -Wl,--start-group -lc -lm -Wl,--end-group -specs=nano.specs 
C:\Program Files (x86)\Atollic\TrueSTUDIO for STM32 9.3.0\ide\jre\bin\java -jar C:\Program Files (x86)\Atollic\TrueSTUDIO for STM32 9.3.0\Tools\arm-atollic-reports.jar sizeinfo list SuperStar1.elf 
Generate build reports...
Print size information
   text	   data	    bss	    dec	    hex	filename
   8212	     12	   1660	   9884	   269c	SuperStar1.elf
Print size information done
Generate listing file
Output sent to: SuperStar1.list
Generate listing file done
Generate build reports done
arm-atollic-eabi-objcopy.exe -O ihex SuperStar1.elf SuperStar1.hex 
Info: Nothing to build for SuperStar1
20:28:28 **** Incremental Build of configuration Debug for project SuperStar1 ****
Info: Internal Builder is used for build
arm-atollic-eabi-gcc -c -mthumb -mcpu=cortex-m0plus -std=gnu11 -DUSE_HAL_DRIVER -DSTM32L010x6 -I../Inc -I../TrinksInc -I../Drivers/STM32L0xx_HAL_Driver/Inc -I../Drivers/STM32L0xx_HAL_Driver/Inc/Legacy -I../Drivers/CMSIS/Device/ST/STM32L0xx/Include -I../Drivers/CMSIS/Include -Os -ffunction-sections -fdata-sections -g -fstack-usage -Wall -specs=nano.specs -o Src\main.o ..\Src\main.c 
..\Src\main.c: In function 'main':
..\Src\main.c:118:44: warning: division by zero [-Wdiv-by-zero]
     BatteryVoltage = BatteryVoltageDivided / VOLTAGE_DIVIDER_RATIO;
                                            ^
..\Src\main.c:104:19: warning: variable 'BatteryVoltage' set but not used [-Wunused-but-set-variable]
    volatile float BatteryVoltage;
                   ^~~~~~~~~~~~~~
arm-atollic-eabi-gcc -o SuperStar1.elf Drivers\STM32L0xx_HAL_Driver\Src\stm32l0xx_hal.o Drivers\STM32L0xx_HAL_Driver\Src\stm32l0xx_hal_adc.o Drivers\STM32L0xx_HAL_Driver\Src\stm32l0xx_hal_adc_ex.o Drivers\STM32L0xx_HAL_Driver\Src\stm32l0xx_hal_cortex.o Drivers\STM32L0xx_HAL_Driver\Src\stm32l0xx_hal_dma.o Drivers\STM32L0xx_HAL_Driver\Src\stm32l0xx_hal_flash.o Drivers\STM32L0xx_HAL_Driver\Src\stm32l0xx_hal_flash_ex.o Drivers\STM32L0xx_HAL_Driver\Src\stm32l0xx_hal_flash_ramfunc.o Drivers\STM32L0xx_HAL_Driver\Src\stm32l0xx_hal_gpio.o Drivers\STM32L0xx_HAL_Driver\Src\stm32l0xx_hal_i2c.o Drivers\STM32L0xx_HAL_Driver\Src\stm32l0xx_hal_i2c_ex.o Drivers\STM32L0xx_HAL_Driver\Src\stm32l0xx_hal_pwr.o Drivers\STM32L0xx_HAL_Driver\Src\stm32l0xx_hal_pwr_ex.o Drivers\STM32L0xx_HAL_Driver\Src\stm32l0xx_hal_rcc.o Drivers\STM32L0xx_HAL_Driver\Src\stm32l0xx_hal_rcc_ex.o Drivers\STM32L0xx_HAL_Driver\Src\stm32l0xx_hal_tim.o Drivers\STM32L0xx_HAL_Driver\Src\stm32l0xx_hal_tim_ex.o Src\adc.o Src\gpio.o Src\main.o Src\stm32l0xx_hal_msp.o Src\stm32l0xx_it.o Src\syscalls.o Src\system_stm32l0xx.o startup\startup_stm32l010x6.o -mthumb -mcpu=cortex-m0plus -T../STM32L010C6_FLASH.ld -specs=nosys.specs -static -Wl,-Map=SuperStar1.map -Wl,--gc-sections -Wl,--defsym=malloc_getpagesize_P=0x80 -Wl,--start-group -lc -lm -Wl,--end-group -specs=nano.specs 
C:\Program Files (x86)\Atollic\TrueSTUDIO for STM32 9.3.0\ide\jre\bin\java -jar C:\Program Files (x86)\Atollic\TrueSTUDIO for STM32 9.3.0\Tools\arm-atollic-reports.jar sizeinfo list SuperStar1.elf 
Generate build reports...
Print size information
   text	   data	    bss	    dec	    hex	filename
   8220	     12	   1660	   9892	   26a4	SuperStar1.elf
Print size information done
Generate listing file
Output sent to: SuperStar1.list
Generate listing file done
Generate build reports done
arm-atollic-eabi-objcopy.exe -O ihex SuperStar1.elf SuperStar1.hex 
Info: Nothing to build for SuperStar1
Info: Nothing to build for SuperStar1
20:40:10 **** Incremental Build of configuration Debug for project SuperStar1 ****
Info: Internal Builder is used for build
[...]
C:\Program Files (x86)\Atollic\TrueSTUDIO for STM32 9.3.0\ide\jre\bin\java -jar C:\Program Files (x86)\Atollic\TrueSTUDIO for STM32 9.3.0\Tools\arm-atollic-reports.jar sizeinfo list SuperStar1.elf 
Generate build reports...
Print size information
   text	   data	    bss	    dec	    hex	filename
   7620	     12	   1676	   9308	   245c	SuperStar1.elf
Print size information done
Generate listing file
Output sent to: SuperStar1.list
Generate listing file done
Generate build reports done
arm-atollic-eabi-objcopy.exe -O ihex SuperStar1.elf SuperStar1.hex 
Info: Nothing to build for SuperStar1
Info: Nothing to build for SuperStar1
11:02:09 **** Incremental Build of configuration Debug for project SuperStar1 ****
Info: Internal Builder is used for build
arm-atollic-eabi-gcc -c -mthumb -mcpu=cortex-m0plus -std=gnu11 -DUSE_HAL_DRIVER -DSTM32L010x6 -I../Inc -I../TrinksInc -I../Drivers/STM32L0xx_HAL_Driver/Inc -I../Drivers/STM32L0xx_HAL_Driver/Inc/Legacy -I../Drivers/CMSIS/Device/ST/STM32L0xx/Include -I../Drivers/CMSIS/Include -Os -ffunction-sections -fdata-sections -g -fstack-usage -Wall -specs=nano.specs -o Drivers\STM32L0xx_HAL_Driver\Src\stm32l0xx_hal_tim.o ..\Drivers\STM32L0xx_HAL_Driver\Src\stm32l0xx_hal_tim.c 
arm-atollic-eabi-gcc -c -mthumb -mcpu=cortex-m0plus -std=gnu11 -DUSE_HAL_DRIVER -DSTM32L010x6 -I../Inc -I../TrinksInc -I../Drivers/STM32L0xx_HAL_Driver/Inc -I../Drivers/STM32L0xx_HAL_Driver/Inc/Legacy -I../Drivers/CMSIS/Device/ST/STM32L0xx/Include -I../Drivers/CMSIS/Include -Os -ffunction-sections -fdata-sections -g -fstack-usage -Wall -specs=nano.specs -o Src\main.o ..\Src\main.c 
arm-atollic-eabi-gcc -c -mthumb -mcpu=cortex-m0plus -g -Wa,--no-warn -x assembler-with-cpp -specs=nano.specs -o startup\startup_stm32l010x6.o ..\startup\startup_stm32l010x6.s 
arm-atollic-eabi-gcc -c -mthumb -mcpu=cortex-m0plus -std=gnu11 -DUSE_HAL_DRIVER -DSTM32L010x6 -I../Inc -I../TrinksInc -I../Drivers/STM32L0xx_HAL_Driver/Inc -I../Drivers/STM32L0xx_HAL_Driver/Inc/Legacy -I../Drivers/CMSIS/Device/ST/STM32L0xx/Include -I../Drivers/CMSIS/Include -Os -ffunction-sections -fdata-sections -g -fstack-usage -Wall -specs=nano.specs -o Drivers\STM32L0xx_HAL_Driver\Src\stm32l0xx_hal_tim_ex.o ..\Drivers\STM32L0xx_HAL_Driver\Src\stm32l0xx_hal_tim_ex.c 
arm-atollic-eabi-gcc -c -mthumb -mcpu=cortex-m0plus -std=gnu11 -DUSE_HAL_DRIVER -DSTM32L010x6 -I../Inc -I../TrinksInc -I../Drivers/STM32L0xx_HAL_Driver/Inc -I../Drivers/STM32L0xx_HAL_Driver/Inc/Legacy -I../Drivers/CMSIS/Device/ST/STM32L0xx/Include -I../Drivers/CMSIS/Include -Os -ffunction-sections -fdata-sections -g -fstack-usage -Wall -specs=nano.specs -o Drivers\STM32L0xx_HAL_Driver\Src\stm32l0xx_hal_dma.o ..\Drivers\STM32L0xx_HAL_Driver\Src\stm32l0xx_hal_dma.c 
arm-atollic-eabi-gcc -c -mthumb -mcpu=cortex-m0plus -std=gnu11 -DUSE_HAL_DRIVER -DSTM32L010x6 -I../Inc -I../TrinksInc -I../Drivers/STM32L0xx_HAL_Driver/Inc -I../Drivers/STM32L0xx_HAL_Driver/Inc/Legacy -I../Drivers/CMSIS/Device/ST/STM32L0xx/Include -I../Drivers/CMSIS/Include -Os -ffunction-sections -fdata-sections -g -fstack-usage -Wall -specs=nano.specs -o TrinksSrc\NV_Memory.o ..\TrinksSrc\NV_Memory.c 
arm-atollic-eabi-gcc -c -mthumb -mcpu=cortex-m0plus -std=gnu11 -DUSE_HAL_DRIVER -DSTM32L010x6 -I../Inc -I../TrinksInc -I../Drivers/STM32L0xx_HAL_Driver/Inc -I../Drivers/STM32L0xx_HAL_Driver/Inc/Legacy -I../Drivers/CMSIS/Device/ST/STM32L0xx/Include -I../Drivers/CMSIS/Include -Os -ffunction-sections -fdata-sections -g -fstack-usage -Wall -specs=nano.specs -o Src\syscalls.o ..\Src\syscalls.c 
arm-atollic-eabi-gcc -c -mthumb -mcpu=cortex-m0plus -std=gnu11 -DUSE_HAL_DRIVER -DSTM32L010x6 -I../Inc -I../TrinksInc -I../Drivers/STM32L0xx_HAL_Driver/Inc -I../Drivers/STM32L0xx_HAL_Driver/Inc/Legacy -I../Drivers/CMSIS/Device/ST/STM32L0xx/Include -I../Drivers/CMSIS/Include -Os -ffunction-sections -fdata-sections -g -fstack-usage -Wall -specs=nano.specs -o Drivers\STM32L0xx_HAL_Driver\Src\stm32l0xx_hal_flash_ramfunc.o ..\Drivers\STM32L0xx_HAL_Driver\Src\stm32l0xx_hal_flash_ramfunc.c 
arm-atollic-eabi-gcc -c -mthumb -mcpu=cortex-m0plus -std=gnu11 -DUSE_HAL_DRIVER -DSTM32L010x6 -I../Inc -I../TrinksInc -I../Drivers/STM32L0xx_HAL_Driver/Inc -I../Drivers/STM32L0xx_HAL_Driver/Inc/Legacy -I../Drivers/CMSIS/Device/ST/STM32L0xx/Include -I../Drivers/CMSIS/Include -Os -ffunction-sections -fdata-sections -g -fstack-usage -Wall -specs=nano.specs -o Drivers\STM32L0xx_HAL_Driver\Src\stm32l0xx_hal_flash_ex.o ..\Drivers\STM32L0xx_HAL_Driver\Src\stm32l0xx_hal_flash_ex.c 
arm-atollic-eabi-gcc -c -mthumb -mcpu=cortex-m0plus -std=gnu11 -DUSE_HAL_DRIVER -DSTM32L010x6 -I../Inc -I../TrinksInc -I../Drivers/STM32L0xx_HAL_Driver/Inc -I../Drivers/STM32L0xx_HAL_Driver/Inc/Legacy -I../Drivers/CMSIS/Device/ST/STM32L0xx/Include -I../Drivers/CMSIS/Include -Os -ffunction-sections -fdata-sections -g -fstack-usage -Wall -specs=nano.specs -o Drivers\STM32L0xx_HAL_Driver\Src\stm32l0xx_hal_adc.o ..\Drivers\STM32L0xx_HAL_Driver\Src\stm32l0xx_hal_adc.c 
arm-atollic-eabi-gcc -c -mthumb -mcpu=cortex-m0plus -std=gnu11 -DUSE_HAL_DRIVER -DSTM32L010x6 -I../Inc -I../TrinksInc -I../Drivers/STM32L0xx_HAL_Driver/Inc -I../Drivers/STM32L0xx_HAL_Driver/Inc/Legacy -I../Drivers/CMSIS/Device/ST/STM32L0xx/Include -I../Drivers/CMSIS/Include -Os -ffunction-sections -fdata-sections -g -fstack-usage -Wall -specs=nano.specs -o Drivers\STM32L0xx_HAL_Driver\Src\stm32l0xx_hal_pwr_ex.o ..\Drivers\STM32L0xx_HAL_Driver\Src\stm32l0xx_hal_pwr_ex.c 
arm-atollic-eabi-gcc -c -mthumb -mcpu=cortex-m0plus -std=gnu11 -DUSE_HAL_DRIVER -DSTM32L010x6 -I../Inc -I../TrinksInc -I../Drivers/STM32L0xx_HAL_Driver/Inc -I../Drivers/STM32L0xx_HAL_Driver/Inc/Legacy -I../Drivers/CMSIS/Device/ST/STM32L0xx/Include -I../Drivers/CMSIS/Include -Os -ffunction-sections -fdata-sections -g -fstack-usage -Wall -specs=nano.specs -o Drivers\STM32L0xx_HAL_Driver\Src\stm32l0xx_hal_gpio.o ..\Drivers\STM32L0xx_HAL_Driver\Src\stm32l0xx_hal_gpio.c 
arm-atollic-eabi-gcc -c -mthumb -mcpu=cortex-m0plus -std=gnu11 -DUSE_HAL_DRIVER -DSTM32L010x6 -I../Inc -I../TrinksInc -I../Drivers/STM32L0xx_HAL_Driver/Inc -I../Drivers/STM32L0xx_HAL_Driver/Inc/Legacy -I../Drivers/CMSIS/Device/ST/STM32L0xx/Include -I../Drivers/CMSIS/Include -Os -ffunction-sections -fdata-sections -g -fstack-usage -Wall -specs=nano.specs -o Drivers\STM32L0xx_HAL_Driver\Src\stm32l0xx_hal_rcc_ex.o ..\Drivers\STM32L0xx_HAL_Driver\Src\stm32l0xx_hal_rcc_ex.c 
arm-atollic-eabi-gcc -c -mthumb -mcpu=cortex-m0plus -std=gnu11 -DUSE_HAL_DRIVER -DSTM32L010x6 -I../Inc -I../TrinksInc -I../Drivers/STM32L0xx_HAL_Driver/Inc -I../Drivers/STM32L0xx_HAL_Driver/Inc/Legacy -I../Drivers/CMSIS/Device/ST/STM32L0xx/Include -I../Drivers/CMSIS/Include -Os -ffunction-sections -fdata-sections -g -fstack-usage -Wall -specs=nano.specs -o Drivers\STM32L0xx_HAL_Driver\Src\stm32l0xx_hal_i2c.o ..\Drivers\STM32L0xx_HAL_Driver\Src\stm32l0xx_hal_i2c.c 
arm-atollic-eabi-gcc -c -mthumb -mcpu=cortex-m0plus -std=gnu11 -DUSE_HAL_DRIVER -DSTM32L010x6 -I../Inc -I../TrinksInc -I../Drivers/STM32L0xx_HAL_Driver/Inc -I../Drivers/STM32L0xx_HAL_Driver/Inc/Legacy -I../Drivers/CMSIS/Device/ST/STM32L0xx/Include -I../Drivers/CMSIS/Include -Os -ffunction-sections -fdata-sections -g -fstack-usage -Wall -specs=nano.specs -o Src\system_stm32l0xx.o ..\Src\system_stm32l0xx.c 
arm-atollic-eabi-gcc -c -mthumb -mcpu=cortex-m0plus -std=gnu11 -DUSE_HAL_DRIVER -DSTM32L010x6 -I../Inc -I../TrinksInc -I../Drivers/STM32L0xx_HAL_Driver/Inc -I../Drivers/STM32L0xx_HAL_Driver/Inc/Legacy -I../Drivers/CMSIS/Device/ST/STM32L0xx/Include -I../Drivers/CMSIS/Include -Os -ffunction-sections -fdata-sections -g -fstack-usage -Wall -specs=nano.specs -o TrinksSrc\MainSupport.o ..\TrinksSrc\MainSupport.c 
..\TrinksSrc\MainSupport.c: In function 'main_WhileLoop':
..\TrinksSrc\MainSupport.c:115:8: warning: variable 'PresentBatteryVoltage' set but not used [-Wunused-but-set-variable]
  float PresentBatteryVoltage;
        ^~~~~~~~~~~~~~~~~~~~~
arm-atollic-eabi-gcc -c -mthumb -mcpu=cortex-m0plus -std=gnu11 -DUSE_HAL_DRIVER -DSTM32L010x6 -I../Inc -I../TrinksInc -I../Drivers/STM32L0xx_HAL_Driver/Inc -I../Drivers/STM32L0xx_HAL_Driver/Inc/Legacy -I../Drivers/CMSIS/Device/ST/STM32L0xx/Include -I../Drivers/CMSIS/Include -Os -ffunction-sections -fdata-sections -g -fstack-usage -Wall -specs=nano.specs -o Drivers\STM32L0xx_HAL_Driver\Src\stm32l0xx_hal.o ..\Drivers\STM32L0xx_HAL_Driver\Src\stm32l0xx_hal.c 
arm-atollic-eabi-gcc -c -mthumb -mcpu=cortex-m0plus -std=gnu11 -DUSE_HAL_DRIVER -DSTM32L010x6 -I../Inc -I../TrinksInc -I../Drivers/STM32L0xx_HAL_Driver/Inc -I../Drivers/STM32L0xx_HAL_Driver/Inc/Legacy -I../Drivers/CMSIS/Device/ST/STM32L0xx/Include -I../Drivers/CMSIS/Include -Os -ffunction-sections -fdata-sections -g -fstack-usage -Wall -specs=nano.specs -o TrinksSrc\LED_Control.o ..\TrinksSrc\LED_Control.c 
..\TrinksSrc\LED_Control.c: In function 'init_OSC32_InOutAsGPIO':
..\TrinksSrc\LED_Control.c:11:21: warning: unused variable 'RCC_OscInitStruct' [-Wunused-variable]
  RCC_OscInitTypeDef RCC_OscInitStruct = {0};
                     ^~~~~~~~~~~~~~~~~
arm-atollic-eabi-gcc -c -mthumb -mcpu=cortex-m0plus -std=gnu11 -DUSE_HAL_DRIVER -DSTM32L010x6 -I../Inc -I../TrinksInc -I../Drivers/STM32L0xx_HAL_Driver/Inc -I../Drivers/STM32L0xx_HAL_Driver/Inc/Legacy -I../Drivers/CMSIS/Device/ST/STM32L0xx/Include -I../Drivers/CMSIS/Include -Os -ffunction-sections -fdata-sections -g -fstack-usage -Wall -specs=nano.specs -o Drivers\STM32L0xx_HAL_Driver\Src\stm32l0xx_hal_cortex.o ..\Drivers\STM32L0xx_HAL_Driver\Src\stm32l0xx_hal_cortex.c 
arm-atollic-eabi-gcc -c -mthumb -mcpu=cortex-m0plus -std=gnu11 -DUSE_HAL_DRIVER -DSTM32L010x6 -I../Inc -I../TrinksInc -I../Drivers/STM32L0xx_HAL_Driver/Inc -I../Drivers/STM32L0xx_HAL_Driver/Inc/Legacy -I../Drivers/CMSIS/Device/ST/STM32L0xx/Include -I../Drivers/CMSIS/Include -Os -ffunction-sections -fdata-sections -g -fstack-usage -Wall -specs=nano.specs -o Drivers\STM32L0xx_HAL_Driver\Src\stm32l0xx_hal_pwr.o ..\Drivers\STM32L0xx_HAL_Driver\Src\stm32l0xx_hal_pwr.c 
arm-atollic-eabi-gcc -c -mthumb -mcpu=cortex-m0plus -std=gnu11 -DUSE_HAL_DRIVER -DSTM32L010x6 -I../Inc -I../TrinksInc -I../Drivers/STM32L0xx_HAL_Driver/Inc -I../Drivers/STM32L0xx_HAL_Driver/Inc/Legacy -I../Drivers/CMSIS/Device/ST/STM32L0xx/Include -I../Drivers/CMSIS/Include -Os -ffunction-sections -fdata-sections -g -fstack-usage -Wall -specs=nano.specs -o Src\gpio.o ..\Src\gpio.c 
arm-atollic-eabi-gcc -c -mthumb -mcpu=cortex-m0plus -std=gnu11 -DUSE_HAL_DRIVER -DSTM32L010x6 -I../Inc -I../TrinksInc -I../Drivers/STM32L0xx_HAL_Driver/Inc -I../Drivers/STM32L0xx_HAL_Driver/Inc/Legacy -I../Drivers/CMSIS/Device/ST/STM32L0xx/Include -I../Drivers/CMSIS/Include -Os -ffunction-sections -fdata-sections -g -fstack-usage -Wall -specs=nano.specs -o Src\adc.o ..\Src\adc.c 
arm-atollic-eabi-gcc -c -mthumb -mcpu=cortex-m0plus -std=gnu11 -DUSE_HAL_DRIVER -DSTM32L010x6 -I../Inc -I../TrinksInc -I../Drivers/STM32L0xx_HAL_Driver/Inc -I../Drivers/STM32L0xx_HAL_Driver/Inc/Legacy -I../Drivers/CMSIS/Device/ST/STM32L0xx/Include -I../Drivers/CMSIS/Include -Os -ffunction-sections -fdata-sections -g -fstack-usage -Wall -specs=nano.specs -o Src\stm32l0xx_hal_msp.o ..\Src\stm32l0xx_hal_msp.c 
arm-atollic-eabi-gcc -c -mthumb -mcpu=cortex-m0plus -std=gnu11 -DUSE_HAL_DRIVER -DSTM32L010x6 -I../Inc -I../TrinksInc -I../Drivers/STM32L0xx_HAL_Driver/Inc -I../Drivers/STM32L0xx_HAL_Driver/Inc/Legacy -I../Drivers/CMSIS/Device/ST/STM32L0xx/Include -I../Drivers/CMSIS/Include -Os -ffunction-sections -fdata-sections -g -fstack-usage -Wall -specs=nano.specs -o Drivers\STM32L0xx_HAL_Driver\Src\stm32l0xx_hal_rcc.o ..\Drivers\STM32L0xx_HAL_Driver\Src\stm32l0xx_hal_rcc.c 
arm-atollic-eabi-gcc -c -mthumb -mcpu=cortex-m0plus -std=gnu11 -DUSE_HAL_DRIVER -DSTM32L010x6 -I../Inc -I../TrinksInc -I../Drivers/STM32L0xx_HAL_Driver/Inc -I../Drivers/STM32L0xx_HAL_Driver/Inc/Legacy -I../Drivers/CMSIS/Device/ST/STM32L0xx/Include -I../Drivers/CMSIS/Include -Os -ffunction-sections -fdata-sections -g -fstack-usage -Wall -specs=nano.specs -o Src\stm32l0xx_it.o ..\Src\stm32l0xx_it.c 
arm-atollic-eabi-gcc -c -mthumb -mcpu=cortex-m0plus -std=gnu11 -DUSE_HAL_DRIVER -DSTM32L010x6 -I../Inc -I../TrinksInc -I../Drivers/STM32L0xx_HAL_Driver/Inc -I../Drivers/STM32L0xx_HAL_Driver/Inc/Legacy -I../Drivers/CMSIS/Device/ST/STM32L0xx/Include -I../Drivers/CMSIS/Include -Os -ffunction-sections -fdata-sections -g -fstack-usage -Wall -specs=nano.specs -o Drivers\STM32L0xx_HAL_Driver\Src\stm32l0xx_hal_adc_ex.o ..\Drivers\STM32L0xx_HAL_Driver\Src\stm32l0xx_hal_adc_ex.c 
arm-atollic-eabi-gcc -c -mthumb -mcpu=cortex-m0plus -std=gnu11 -DUSE_HAL_DRIVER -DSTM32L010x6 -I../Inc -I../TrinksInc -I../Drivers/STM32L0xx_HAL_Driver/Inc -I../Drivers/STM32L0xx_HAL_Driver/Inc/Legacy -I../Drivers/CMSIS/Device/ST/STM32L0xx/Include -I../Drivers/CMSIS/Include -Os -ffunction-sections -fdata-sections -g -fstack-usage -Wall -specs=nano.specs -o Drivers\STM32L0xx_HAL_Driver\Src\stm32l0xx_hal_i2c_ex.o ..\Drivers\STM32L0xx_HAL_Driver\Src\stm32l0xx_hal_i2c_ex.c 
arm-atollic-eabi-gcc -c -mthumb -mcpu=cortex-m0plus -std=gnu11 -DUSE_HAL_DRIVER -DSTM32L010x6 -I../Inc -I../TrinksInc -I../Drivers/STM32L0xx_HAL_Driver/Inc -I../Drivers/STM32L0xx_HAL_Driver/Inc/Legacy -I../Drivers/CMSIS/Device/ST/STM32L0xx/Include -I../Drivers/CMSIS/Include -Os -ffunction-sections -fdata-sections -g -fstack-usage -Wall -specs=nano.specs -o TrinksSrc\BatteryMonitor.o ..\TrinksSrc\BatteryMonitor.c 
arm-atollic-eabi-gcc -c -mthumb -mcpu=cortex-m0plus -std=gnu11 -DUSE_HAL_DRIVER -DSTM32L010x6 -I../Inc -I../TrinksInc -I../Drivers/STM32L0xx_HAL_Driver/Inc -I../Drivers/STM32L0xx_HAL_Driver/Inc/Legacy -I../Drivers/CMSIS/Device/ST/STM32L0xx/Include -I../Drivers/CMSIS/Include -Os -ffunction-sections -fdata-sections -g -fstack-usage -Wall -specs=nano.specs -o Drivers\STM32L0xx_HAL_Driver\Src\stm32l0xx_hal_flash.o ..\Drivers\STM32L0xx_HAL_Driver\Src\stm32l0xx_hal_flash.c 
arm-atollic-eabi-gcc -o SuperStar1.elf Drivers\STM32L0xx_HAL_Driver\Src\stm32l0xx_hal.o Drivers\STM32L0xx_HAL_Driver\Src\stm32l0xx_hal_adc.o Drivers\STM32L0xx_HAL_Driver\Src\stm32l0xx_hal_adc_ex.o Drivers\STM32L0xx_HAL_Driver\Src\stm32l0xx_hal_cortex.o Drivers\STM32L0xx_HAL_Driver\Src\stm32l0xx_hal_dma.o Drivers\STM32L0xx_HAL_Driver\Src\stm32l0xx_hal_flash.o Drivers\STM32L0xx_HAL_Driver\Src\stm32l0xx_hal_flash_ex.o Drivers\STM32L0xx_HAL_Driver\Src\stm32l0xx_hal_flash_ramfunc.o Drivers\STM32L0xx_HAL_Driver\Src\stm32l0xx_hal_gpio.o Drivers\STM32L0xx_HAL_Driver\Src\stm32l0xx_hal_i2c.o Drivers\STM32L0xx_HAL_Driver\Src\stm32l0xx_hal_i2c_ex.o Drivers\STM32L0xx_HAL_Driver\Src\stm32l0xx_hal_pwr.o Drivers\STM32L0xx_HAL_Driver\Src\stm32l0xx_hal_pwr_ex.o Drivers\STM32L0xx_HAL_Driver\Src\stm32l0xx_hal_rcc.o Drivers\STM32L0xx_HAL_Driver\Src\stm32l0xx_hal_rcc_ex.o Drivers\STM32L0xx_HAL_Driver\Src\stm32l0xx_hal_tim.o Drivers\STM32L0xx_HAL_Driver\Src\stm32l0xx_hal_tim_ex.o Src\adc.o Src\gpio.o Src\main.o Src\stm32l0xx_hal_msp.o Src\stm32l0xx_it.o Src\syscalls.o Src\system_stm32l0xx.o TrinksSrc\BatteryMonitor.o TrinksSrc\LED_Control.o TrinksSrc\MainSupport.o TrinksSrc\NV_Memory.o startup\startup_stm32l010x6.o -mthumb -mcpu=cortex-m0plus -T../STM32L010C6_FLASH.ld -specs=nosys.specs -static -Wl,-Map=SuperStar1.map -Wl,--gc-sections -Wl,--defsym=malloc_getpagesize_P=0x80 -Wl,--start-group -lc -lm -Wl,--end-group -specs=nano.specs 
C:\Program Files (x86)\Atollic\TrueSTUDIO for STM32 9.3.0\ide\jre\bin\java -jar C:\Program Files (x86)\Atollic\TrueSTUDIO for STM32 9.3.0\Tools\arm-atollic-reports.jar sizeinfo list SuperStar1.elf 
Generate build reports...
Print size information
   text	   data	    bss	    dec	    hex	filename
   7620	     12	   1676	   9308	   245c	SuperStar1.elf
Print size information done
Generate listing file
Output sent to: SuperStar1.list
Generate listing file done
Generate build reports done
arm-atollic-eabi-objcopy.exe -O ihex SuperStar1.elf SuperStar1.hex 
11:03:20 **** Incremental Build of configuration Debug for project SuperStar1 ****
Info: Internal Builder is used for build
arm-atollic-eabi-gcc -c -mthumb -mcpu=cortex-m0plus -std=gnu11 -DUSE_HAL_DRIVER -DSTM32L010x6 -I../Inc -I../TrinksInc -I../Drivers/STM32L0xx_HAL_Driver/Inc -I../Drivers/STM32L0xx_HAL_Driver/Inc/Legacy -I../Drivers/CMSIS/Device/ST/STM32L0xx/Include -I../Drivers/CMSIS/Include -Os -ffunction-sections -fdata-sections -g -fstack-usage -Wall -specs=nano.specs -o TrinksSrc\LED_Control.o ..\TrinksSrc\LED_Control.c 
..\TrinksSrc\LED_Control.c: In function 'init_OSC32_InOutAsGPIO':
..\TrinksSrc\LED_Control.c:11:21: warning: unused variable 'RCC_OscInitStruct' [-Wunused-variable]
  RCC_OscInitTypeDef RCC_OscInitStruct = {0};
                     ^~~~~~~~~~~~~~~~~
arm-atollic-eabi-gcc -c -mthumb -mcpu=cortex-m0plus -std=gnu11 -DUSE_HAL_DRIVER -DSTM32L010x6 -I../Inc -I../TrinksInc -I../Drivers/STM32L0xx_HAL_Driver/Inc -I../Drivers/STM32L0xx_HAL_Driver/Inc/Legacy -I../Drivers/CMSIS/Device/ST/STM32L0xx/Include -I../Drivers/CMSIS/Include -Os -ffunction-sections -fdata-sections -g -fstack-usage -Wall -specs=nano.specs -o TrinksSrc\MainSupport.o ..\TrinksSrc\MainSupport.c 
..\TrinksSrc\MainSupport.c: In function 'main_WhileLoop':
..\TrinksSrc\MainSupport.c:115:8: warning: variable 'PresentBatteryVoltage' set but not used [-Wunused-but-set-variable]
  float PresentBatteryVoltage;
        ^~~~~~~~~~~~~~~~~~~~~
arm-atollic-eabi-gcc -o SuperStar1.elf Drivers\STM32L0xx_HAL_Driver\Src\stm32l0xx_hal.o Drivers\STM32L0xx_HAL_Driver\Src\stm32l0xx_hal_adc.o Drivers\STM32L0xx_HAL_Driver\Src\stm32l0xx_hal_adc_ex.o Drivers\STM32L0xx_HAL_Driver\Src\stm32l0xx_hal_cortex.o Drivers\STM32L0xx_HAL_Driver\Src\stm32l0xx_hal_dma.o Drivers\STM32L0xx_HAL_Driver\Src\stm32l0xx_hal_flash.o Drivers\STM32L0xx_HAL_Driver\Src\stm32l0xx_hal_flash_ex.o Drivers\STM32L0xx_HAL_Driver\Src\stm32l0xx_hal_flash_ramfunc.o Drivers\STM32L0xx_HAL_Driver\Src\stm32l0xx_hal_gpio.o Drivers\STM32L0xx_HAL_Driver\Src\stm32l0xx_hal_i2c.o Drivers\STM32L0xx_HAL_Driver\Src\stm32l0xx_hal_i2c_ex.o Drivers\STM32L0xx_HAL_Driver\Src\stm32l0xx_hal_pwr.o Drivers\STM32L0xx_HAL_Driver\Src\stm32l0xx_hal_pwr_ex.o Drivers\STM32L0xx_HAL_Driver\Src\stm32l0xx_hal_rcc.o Drivers\STM32L0xx_HAL_Driver\Src\stm32l0xx_hal_rcc_ex.o Drivers\STM32L0xx_HAL_Driver\Src\stm32l0xx_hal_tim.o Drivers\STM32L0xx_HAL_Driver\Src\stm32l0xx_hal_tim_ex.o Src\adc.o Src\gpio.o Src\main.o Src\stm32l0xx_hal_msp.o Src\stm32l0xx_it.o Src\syscalls.o Src\system_stm32l0xx.o TrinksSrc\BatteryMonitor.o TrinksSrc\LED_Control.o TrinksSrc\MainSupport.o TrinksSrc\NV_Memory.o startup\startup_stm32l010x6.o -mthumb -mcpu=cortex-m0plus -T../STM32L010C6_FLASH.ld -specs=nosys.specs -static -Wl,-Map=SuperStar1.map -Wl,--gc-sections -Wl,--defsym=malloc_getpagesize_P=0x80 -Wl,--start-group -lc -lm -Wl,--end-group -specs=nano.specs 
C:\Program Files (x86)\Atollic\TrueSTUDIO for STM32 9.3.0\ide\jre\bin\java -jar C:\Program Files (x86)\Atollic\TrueSTUDIO for STM32 9.3.0\Tools\arm-atollic-reports.jar sizeinfo list SuperStar1.elf 
Generate build reports...
Print size information
   text	   data	    bss	    dec	    hex	filename
   7620	     12	   1676	   9308	   245c	SuperStar1.elf
Print size information done
Generate listing file
Output sent to: SuperStar1.list
Generate listing file done
Generate build reports done
arm-atollic-eabi-objcopy.exe -O ihex SuperStar1.elf SuperStar1.hex 
