05:49:22 **** Clean-only build of configuration Debug for project SuperStar1 ****
rm -rf Drivers/STM32L0xx_HAL_Driver/Src/stm32l0xx_hal_tim.d startup/startup_stm32l010x6.o Drivers/STM32L0xx_HAL_Driver/Src/stm32l0xx_hal_tim_ex.d Drivers/STM32L0xx_HAL_Driver/Src/stm32l0xx_hal_tim.o Drivers/STM32L0xx_HAL_Driver/Src/stm32l0xx_hal_pwr.d Drivers/STM32L0xx_HAL_Driver/Src/stm32l0xx_hal_gpio.o Drivers/STM32L0xx_HAL_Driver/Src/stm32l0xx_hal_rcc_ex.o Drivers/STM32L0xx_HAL_Driver/Src/stm32l0xx_hal_rcc_ex.d Drivers/STM32L0xx_HAL_Driver/Src/stm32l0xx_hal_gpio.d Drivers/STM32L0xx_HAL_Driver/Src/stm32l0xx_hal_i2c.o Src/syscalls.d Src/adc.d Src/syscalls.o Src/gpio.o Src/system_stm32l0xx.d Drivers/STM32L0xx_HAL_Driver/Src/stm32l0xx_hal_pwr.o Drivers/STM32L0xx_HAL_Driver/Src/stm32l0xx_hal_flash.o Src/system_stm32l0xx.o Src/adc.o Drivers/STM32L0xx_HAL_Driver/Src/stm32l0xx_hal_i2c.d Drivers/STM32L0xx_HAL_Driver/Src/stm32l0xx_hal_flash.d Drivers/STM32L0xx_HAL_Driver/Src/stm32l0xx_hal_adc.o Drivers/STM32L0xx_HAL_Driver/Src/stm32l0xx_hal.d Drivers/STM32L0xx_HAL_Driver/Src/stm32l0xx_hal_adc.d Drivers/STM32L0xx_HAL_Driver/Src/stm32l0xx_hal.o Drivers/STM32L0xx_HAL_Driver/Src/stm32l0xx_hal_tim_ex.o Drivers/STM32L0xx_HAL_Driver/Src/stm32l0xx_hal_i2c_ex.o Drivers/STM32L0xx_HAL_Driver/Src/stm32l0xx_hal_i2c_ex.d SuperStar1 Src/stm32l0xx_it.o Src/stm32l0xx_it.d SuperStar1.elf Drivers/STM32L0xx_HAL_Driver/Src/stm32l0xx_hal_flash_ramfunc.d Drivers/STM32L0xx_HAL_Driver/Src/stm32l0xx_hal_pwr_ex.d Drivers/STM32L0xx_HAL_Driver/Src/stm32l0xx_hal_rcc.o Drivers/STM32L0xx_HAL_Driver/Src/stm32l0xx_hal_adc_ex.o Drivers/STM32L0xx_HAL_Driver/Src/stm32l0xx_hal_rcc.d Drivers/STM32L0xx_HAL_Driver/Src/stm32l0xx_hal_flash_ramfunc.o Src/gpio.d Drivers/STM32L0xx_HAL_Driver/Src/stm32l0xx_hal_pwr_ex.o Drivers/STM32L0xx_HAL_Driver/Src/stm32l0xx_hal_dma.d Src/stm32l0xx_hal_msp.o Src/main.d Src/main.o Drivers/STM32L0xx_HAL_Driver/Src/stm32l0xx_hal_dma.o Drivers/STM32L0xx_HAL_Driver/Src/stm32l0xx_hal_adc_ex.d Drivers/STM32L0xx_HAL_Driver/Src/stm32l0xx_hal_cortex.o Src/stm32l0xx_hal_msp.d Drivers/STM32L0xx_HAL_Driver/Src/stm32l0xx_hal_flash_ex.d Drivers/STM32L0xx_HAL_Driver/Src/stm32l0xx_hal_cortex.d Drivers/STM32L0xx_HAL_Driver/Src/stm32l0xx_hal_flash_ex.o 
05:50:10 **** Clean-only build of configuration Debug for project SuperStar1 ****
rm -rf Drivers/STM32L0xx_HAL_Driver/Src/stm32l0xx_hal_tim.d startup/startup_stm32l010x6.o Drivers/STM32L0xx_HAL_Driver/Src/stm32l0xx_hal_tim_ex.d Drivers/STM32L0xx_HAL_Driver/Src/stm32l0xx_hal_tim.o Drivers/STM32L0xx_HAL_Driver/Src/stm32l0xx_hal_pwr.d Drivers/STM32L0xx_HAL_Driver/Src/stm32l0xx_hal_gpio.o Drivers/STM32L0xx_HAL_Driver/Src/stm32l0xx_hal_rcc_ex.o Drivers/STM32L0xx_HAL_Driver/Src/stm32l0xx_hal_rcc_ex.d Drivers/STM32L0xx_HAL_Driver/Src/stm32l0xx_hal_gpio.d Drivers/STM32L0xx_HAL_Driver/Src/stm32l0xx_hal_i2c.o Src/syscalls.d Src/adc.d Src/syscalls.o Src/gpio.o Src/system_stm32l0xx.d Drivers/STM32L0xx_HAL_Driver/Src/stm32l0xx_hal_pwr.o Drivers/STM32L0xx_HAL_Driver/Src/stm32l0xx_hal_flash.o Src/system_stm32l0xx.o Src/adc.o Drivers/STM32L0xx_HAL_Driver/Src/stm32l0xx_hal_i2c.d Drivers/STM32L0xx_HAL_Driver/Src/stm32l0xx_hal_flash.d Drivers/STM32L0xx_HAL_Driver/Src/stm32l0xx_hal_adc.o Drivers/STM32L0xx_HAL_Driver/Src/stm32l0xx_hal.d Drivers/STM32L0xx_HAL_Driver/Src/stm32l0xx_hal_adc.d Drivers/STM32L0xx_HAL_Driver/Src/stm32l0xx_hal.o Drivers/STM32L0xx_HAL_Driver/Src/stm32l0xx_hal_tim_ex.o Drivers/STM32L0xx_HAL_Driver/Src/stm32l0xx_hal_i2c_ex.o Drivers/STM32L0xx_HAL_Driver/Src/stm32l0xx_hal_i2c_ex.d SuperStar1 Src/stm32l0xx_it.o Src/stm32l0xx_it.d SuperStar1.elf Drivers/STM32L0xx_HAL_Driver/Src/stm32l0xx_hal_flash_ramfunc.d Drivers/STM32L0xx_HAL_Driver/Src/stm32l0xx_hal_pwr_ex.d Drivers/STM32L0xx_HAL_Driver/Src/stm32l0xx_hal_rcc.o Drivers/STM32L0xx_HAL_Driver/Src/stm32l0xx_hal_adc_ex.o Drivers/STM32L0xx_HAL_Driver/Src/stm32l0xx_hal_rcc.d Drivers/STM32L0xx_HAL_Driver/Src/stm32l0xx_hal_flash_ramfunc.o Src/gpio.d Drivers/STM32L0xx_HAL_Driver/Src/stm32l0xx_hal_pwr_ex.o Drivers/STM32L0xx_HAL_Driver/Src/stm32l0xx_hal_dma.d Src/stm32l0xx_hal_msp.o Src/main.d Src/main.o Drivers/STM32L0xx_HAL_Driver/Src/stm32l0xx_hal_dma.o Drivers/STM32L0xx_HAL_Driver/Src/stm32l0xx_hal_adc_ex.d Drivers/STM32L0xx_HAL_Driver/Src/stm32l0xx_hal_cortex.o Src/stm32l0xx_hal_msp.d Drivers/STM32L0xx_HAL_Driver/Src/stm32l0xx_hal_flash_ex.d Drivers/STM32L0xx_HAL_Driver/Src/stm32l0xx_hal_cortex.d Drivers/STM32L0xx_HAL_Driver/Src/stm32l0xx_hal_flash_ex.o 
05:50:37 **** Rebuild of configuration Debug for project SuperStar1 ****
Info: Internal Builder is used for build
arm-atollic-eabi-gcc -c -mthumb -std=gnu11 -DUSE_HAL_DRIVER -DSTM32L010x6 -I../Inc -I../TrinksInc -I../Drivers/STM32L0xx_HAL_Driver/Inc -I../Drivers/STM32L0xx_HAL_Driver/Inc/Legacy -I../Drivers/CMSIS/Device/ST/STM32L0xx/Include -I../Drivers/CMSIS/Include -Os -ffunction-sections -fdata-sections -g -fstack-usage -Wall -specs=nano.specs -o Drivers\STM32L0xx_HAL_Driver\Src\stm32l0xx_hal_gpio.o ..\Drivers\STM32L0xx_HAL_Driver\Src\stm32l0xx_hal_gpio.c 
arm-atollic-eabi-gcc -c -mthumb -std=gnu11 -DUSE_HAL_DRIVER -DSTM32L010x6 -I../Inc -I../TrinksInc -I../Drivers/STM32L0xx_HAL_Driver/Inc -I../Drivers/STM32L0xx_HAL_Driver/Inc/Legacy -I../Drivers/CMSIS/Device/ST/STM32L0xx/Include -I../Drivers/CMSIS/Include -Os -ffunction-sections -fdata-sections -g -fstack-usage -Wall -specs=nano.specs -o Drivers\STM32L0xx_HAL_Driver\Src\stm32l0xx_hal_pwr_ex.o ..\Drivers\STM32L0xx_HAL_Driver\Src\stm32l0xx_hal_pwr_ex.c 
arm-atollic-eabi-gcc -c -mthumb -std=gnu11 -DUSE_HAL_DRIVER -DSTM32L010x6 -I../Inc -I../TrinksInc -I../Drivers/STM32L0xx_HAL_Driver/Inc -I../Drivers/STM32L0xx_HAL_Driver/Inc/Legacy -I../Drivers/CMSIS/Device/ST/STM32L0xx/Include -I../Drivers/CMSIS/Include -Os -ffunction-sections -fdata-sections -g -fstack-usage -Wall -specs=nano.specs -o Drivers\STM32L0xx_HAL_Driver\Src\stm32l0xx_hal_pwr.o ..\Drivers\STM32L0xx_HAL_Driver\Src\stm32l0xx_hal_pwr.c 
C:\Users\IMRHAB~1\AppData\Local\Temp\ccqzxDN0.s: Assembler messages:
C:\Users\IMRHAB~1\AppData\Local\Temp\ccqzxDN0.s:238: Error: selected processor does not support `wfi' in Thumb mode
C:\Users\IMRHAB~1\AppData\Local\Temp\ccqzxDN0.s:267: Error: selected processor does not support `sev' in Thumb mode
C:\Users\IMRHAB~1\AppData\Local\Temp\ccqzxDN0.s:278: Error: selected processor does not support `wfe' in Thumb mode
C:\Users\IMRHAB~1\AppData\Local\Temp\ccqzxDN0.s:288: Error: selected processor does not support `wfe' in Thumb mode
C:\Users\IMRHAB~1\AppData\Local\Temp\ccqzxDN0.s:353: Error: selected processor does not support `wfi' in Thumb mode
C:\Users\IMRHAB~1\AppData\Local\Temp\ccqzxDN0.s:378: Error: selected processor does not support `sev' in Thumb mode
C:\Users\IMRHAB~1\AppData\Local\Temp\ccqzxDN0.s:389: Error: selected processor does not support `wfe' in Thumb mode
C:\Users\IMRHAB~1\AppData\Local\Temp\ccqzxDN0.s:399: Error: selected processor does not support `wfe' in Thumb mode
C:\Users\IMRHAB~1\AppData\Local\Temp\ccqzxDN0.s:447: Error: selected processor does not support `wfi' in Thumb mode
06:15:11 **** Rebuild of configuration Debug for project SuperStar1 ****
Info: Internal Builder is used for build
arm-atollic-eabi-gcc -c -mthumb -mcpu=cortex-m0plus -std=gnu11 -DUSE_HAL_DRIVER -DSTM32L010x6 -I../Inc -I../TrinksInc -I../Drivers/STM32L0xx_HAL_Driver/Inc -I../Drivers/STM32L0xx_HAL_Driver/Inc/Legacy -I../Drivers/CMSIS/Device/ST/STM32L0xx/Include -I../Drivers/CMSIS/Include -Os -ffunction-sections -fdata-sections -g -fstack-usage -Wall -specs=nano.specs -o Src\adc.o ..\Src\adc.c 
arm-atollic-eabi-gcc -c -mthumb -mcpu=cortex-m0plus -g -Wa,--no-warn -x assembler-with-cpp -specs=nano.specs -o startup\startup_stm32l010x6.o ..\startup\startup_stm32l010x6.s 
arm-atollic-eabi-gcc -c -mthumb -mcpu=cortex-m0plus -std=gnu11 -DUSE_HAL_DRIVER -DSTM32L010x6 -I../Inc -I../TrinksInc -I../Drivers/STM32L0xx_HAL_Driver/Inc -I../Drivers/STM32L0xx_HAL_Driver/Inc/Legacy -I../Drivers/CMSIS/Device/ST/STM32L0xx/Include -I../Drivers/CMSIS/Include -Os -ffunction-sections -fdata-sections -g -fstack-usage -Wall -specs=nano.specs -o Drivers\STM32L0xx_HAL_Driver\Src\stm32l0xx_hal_adc_ex.o ..\Drivers\STM32L0xx_HAL_Driver\Src\stm32l0xx_hal_adc_ex.c 
arm-atollic-eabi-gcc -c -mthumb -mcpu=cortex-m0plus -std=gnu11 -DUSE_HAL_DRIVER -DSTM32L010x6 -I../Inc -I../TrinksInc -I../Drivers/STM32L0xx_HAL_Driver/Inc -I../Drivers/STM32L0xx_HAL_Driver/Inc/Legacy -I../Drivers/CMSIS/Device/ST/STM32L0xx/Include -I../Drivers/CMSIS/Include -Os -ffunction-sections -fdata-sections -g -fstack-usage -Wall -specs=nano.specs -o Drivers\STM32L0xx_HAL_Driver\Src\stm32l0xx_hal_adc.o ..\Drivers\STM32L0xx_HAL_Driver\Src\stm32l0xx_hal_adc.c 
arm-atollic-eabi-gcc -c -mthumb -mcpu=cortex-m0plus -std=gnu11 -DUSE_HAL_DRIVER -DSTM32L010x6 -I../Inc -I../TrinksInc -I../Drivers/STM32L0xx_HAL_Driver/Inc -I../Drivers/STM32L0xx_HAL_Driver/Inc/Legacy -I../Drivers/CMSIS/Device/ST/STM32L0xx/Include -I../Drivers/CMSIS/Include -Os -ffunction-sections -fdata-sections -g -fstack-usage -Wall -specs=nano.specs -o Src\main.o ..\Src\main.c 
arm-atollic-eabi-gcc -c -mthumb -mcpu=cortex-m0plus -std=gnu11 -DUSE_HAL_DRIVER -DSTM32L010x6 -I../Inc -I../TrinksInc -I../Drivers/STM32L0xx_HAL_Driver/Inc -I../Drivers/STM32L0xx_HAL_Driver/Inc/Legacy -I../Drivers/CMSIS/Device/ST/STM32L0xx/Include -I../Drivers/CMSIS/Include -Os -ffunction-sections -fdata-sections -g -fstack-usage -Wall -specs=nano.specs -o Drivers\STM32L0xx_HAL_Driver\Src\stm32l0xx_hal_dma.o ..\Drivers\STM32L0xx_HAL_Driver\Src\stm32l0xx_hal_dma.c 
arm-atollic-eabi-gcc -c -mthumb -mcpu=cortex-m0plus -std=gnu11 -DUSE_HAL_DRIVER -DSTM32L010x6 -I../Inc -I../TrinksInc -I../Drivers/STM32L0xx_HAL_Driver/Inc -I../Drivers/STM32L0xx_HAL_Driver/Inc/Legacy -I../Drivers/CMSIS/Device/ST/STM32L0xx/Include -I../Drivers/CMSIS/Include -Os -ffunction-sections -fdata-sections -g -fstack-usage -Wall -specs=nano.specs -o Drivers\STM32L0xx_HAL_Driver\Src\stm32l0xx_hal.o ..\Drivers\STM32L0xx_HAL_Driver\Src\stm32l0xx_hal.c 
arm-atollic-eabi-gcc -c -mthumb -mcpu=cortex-m0plus -std=gnu11 -DUSE_HAL_DRIVER -DSTM32L010x6 -I../Inc -I../TrinksInc -I../Drivers/STM32L0xx_HAL_Driver/Inc -I../Drivers/STM32L0xx_HAL_Driver/Inc/Legacy -I../Drivers/CMSIS/Device/ST/STM32L0xx/Include -I../Drivers/CMSIS/Include -Os -ffunction-sections -fdata-sections -g -fstack-usage -Wall -specs=nano.specs -o Drivers\STM32L0xx_HAL_Driver\Src\stm32l0xx_hal_i2c.o ..\Drivers\STM32L0xx_HAL_Driver\Src\stm32l0xx_hal_i2c.c 
arm-atollic-eabi-gcc -c -mthumb -mcpu=cortex-m0plus -std=gnu11 -DUSE_HAL_DRIVER -DSTM32L010x6 -I../Inc -I../TrinksInc -I../Drivers/STM32L0xx_HAL_Driver/Inc -I../Drivers/STM32L0xx_HAL_Driver/Inc/Legacy -I../Drivers/CMSIS/Device/ST/STM32L0xx/Include -I../Drivers/CMSIS/Include -Os -ffunction-sections -fdata-sections -g -fstack-usage -Wall -specs=nano.specs -o Drivers\STM32L0xx_HAL_Driver\Src\stm32l0xx_hal_rcc.o ..\Drivers\STM32L0xx_HAL_Driver\Src\stm32l0xx_hal_rcc.c 
arm-atollic-eabi-gcc -c -mthumb -mcpu=cortex-m0plus -std=gnu11 -DUSE_HAL_DRIVER -DSTM32L010x6 -I../Inc -I../TrinksInc -I../Drivers/STM32L0xx_HAL_Driver/Inc -I../Drivers/STM32L0xx_HAL_Driver/Inc/Legacy -I../Drivers/CMSIS/Device/ST/STM32L0xx/Include -I../Drivers/CMSIS/Include -Os -ffunction-sections -fdata-sections -g -fstack-usage -Wall -specs=nano.specs -o Drivers\STM32L0xx_HAL_Driver\Src\stm32l0xx_hal_flash_ex.o ..\Drivers\STM32L0xx_HAL_Driver\Src\stm32l0xx_hal_flash_ex.c 
arm-atollic-eabi-gcc -c -mthumb -mcpu=cortex-m0plus -std=gnu11 -DUSE_HAL_DRIVER -DSTM32L010x6 -I../Inc -I../TrinksInc -I../Drivers/STM32L0xx_HAL_Driver/Inc -I../Drivers/STM32L0xx_HAL_Driver/Inc/Legacy -I../Drivers/CMSIS/Device/ST/STM32L0xx/Include -I../Drivers/CMSIS/Include -Os -ffunction-sections -fdata-sections -g -fstack-usage -Wall -specs=nano.specs -o Drivers\STM32L0xx_HAL_Driver\Src\stm32l0xx_hal_flash.o ..\Drivers\STM32L0xx_HAL_Driver\Src\stm32l0xx_hal_flash.c 
arm-atollic-eabi-gcc -c -mthumb -mcpu=cortex-m0plus -std=gnu11 -DUSE_HAL_DRIVER -DSTM32L010x6 -I../Inc -I../TrinksInc -I../Drivers/STM32L0xx_HAL_Driver/Inc -I../Drivers/STM32L0xx_HAL_Driver/Inc/Legacy -I../Drivers/CMSIS/Device/ST/STM32L0xx/Include -I../Drivers/CMSIS/Include -Os -ffunction-sections -fdata-sections -g -fstack-usage -Wall -specs=nano.specs -o Drivers\STM32L0xx_HAL_Driver\Src\stm32l0xx_hal_tim_ex.o ..\Drivers\STM32L0xx_HAL_Driver\Src\stm32l0xx_hal_tim_ex.c 
arm-atollic-eabi-gcc -c -mthumb -mcpu=cortex-m0plus -std=gnu11 -DUSE_HAL_DRIVER -DSTM32L010x6 -I../Inc -I../TrinksInc -I../Drivers/STM32L0xx_HAL_Driver/Inc -I../Drivers/STM32L0xx_HAL_Driver/Inc/Legacy -I../Drivers/CMSIS/Device/ST/STM32L0xx/Include -I../Drivers/CMSIS/Include -Os -ffunction-sections -fdata-sections -g -fstack-usage -Wall -specs=nano.specs -o Src\stm32l0xx_hal_msp.o ..\Src\stm32l0xx_hal_msp.c 
arm-atollic-eabi-gcc -c -mthumb -mcpu=cortex-m0plus -std=gnu11 -DUSE_HAL_DRIVER -DSTM32L010x6 -I../Inc -I../TrinksInc -I../Drivers/STM32L0xx_HAL_Driver/Inc -I../Drivers/STM32L0xx_HAL_Driver/Inc/Legacy -I../Drivers/CMSIS/Device/ST/STM32L0xx/Include -I../Drivers/CMSIS/Include -Os -ffunction-sections -fdata-sections -g -fstack-usage -Wall -specs=nano.specs -o Drivers\STM32L0xx_HAL_Driver\Src\stm32l0xx_hal_cortex.o ..\Drivers\STM32L0xx_HAL_Driver\Src\stm32l0xx_hal_cortex.c 
arm-atollic-eabi-gcc -c -mthumb -mcpu=cortex-m0plus -std=gnu11 -DUSE_HAL_DRIVER -DSTM32L010x6 -I../Inc -I../TrinksInc -I../Drivers/STM32L0xx_HAL_Driver/Inc -I../Drivers/STM32L0xx_HAL_Driver/Inc/Legacy -I../Drivers/CMSIS/Device/ST/STM32L0xx/Include -I../Drivers/CMSIS/Include -Os -ffunction-sections -fdata-sections -g -fstack-usage -Wall -specs=nano.specs -o Drivers\STM32L0xx_HAL_Driver\Src\stm32l0xx_hal_gpio.o ..\Drivers\STM32L0xx_HAL_Driver\Src\stm32l0xx_hal_gpio.c 
arm-atollic-eabi-gcc -c -mthumb -mcpu=cortex-m0plus -std=gnu11 -DUSE_HAL_DRIVER -DSTM32L010x6 -I../Inc -I../TrinksInc -I../Drivers/STM32L0xx_HAL_Driver/Inc -I../Drivers/STM32L0xx_HAL_Driver/Inc/Legacy -I../Drivers/CMSIS/Device/ST/STM32L0xx/Include -I../Drivers/CMSIS/Include -Os -ffunction-sections -fdata-sections -g -fstack-usage -Wall -specs=nano.specs -o Drivers\STM32L0xx_HAL_Driver\Src\stm32l0xx_hal_i2c_ex.o ..\Drivers\STM32L0xx_HAL_Driver\Src\stm32l0xx_hal_i2c_ex.c 
arm-atollic-eabi-gcc -c -mthumb -mcpu=cortex-m0plus -std=gnu11 -DUSE_HAL_DRIVER -DSTM32L010x6 -I../Inc -I../TrinksInc -I../Drivers/STM32L0xx_HAL_Driver/Inc -I../Drivers/STM32L0xx_HAL_Driver/Inc/Legacy -I../Drivers/CMSIS/Device/ST/STM32L0xx/Include -I../Drivers/CMSIS/Include -Os -ffunction-sections -fdata-sections -g -fstack-usage -Wall -specs=nano.specs -o Drivers\STM32L0xx_HAL_Driver\Src\stm32l0xx_hal_rcc_ex.o ..\Drivers\STM32L0xx_HAL_Driver\Src\stm32l0xx_hal_rcc_ex.c 
arm-atollic-eabi-gcc -c -mthumb -mcpu=cortex-m0plus -std=gnu11 -DUSE_HAL_DRIVER -DSTM32L010x6 -I../Inc -I../TrinksInc -I../Drivers/STM32L0xx_HAL_Driver/Inc -I../Drivers/STM32L0xx_HAL_Driver/Inc/Legacy -I../Drivers/CMSIS/Device/ST/STM32L0xx/Include -I../Drivers/CMSIS/Include -Os -ffunction-sections -fdata-sections -g -fstack-usage -Wall -specs=nano.specs -o Drivers\STM32L0xx_HAL_Driver\Src\stm32l0xx_hal_tim.o ..\Drivers\STM32L0xx_HAL_Driver\Src\stm32l0xx_hal_tim.c 
arm-atollic-eabi-gcc -c -mthumb -mcpu=cortex-m0plus -std=gnu11 -DUSE_HAL_DRIVER -DSTM32L010x6 -I../Inc -I../TrinksInc -I../Drivers/STM32L0xx_HAL_Driver/Inc -I../Drivers/STM32L0xx_HAL_Driver/Inc/Legacy -I../Drivers/CMSIS/Device/ST/STM32L0xx/Include -I../Drivers/CMSIS/Include -Os -ffunction-sections -fdata-sections -g -fstack-usage -Wall -specs=nano.specs -o Drivers\STM32L0xx_HAL_Driver\Src\stm32l0xx_hal_pwr.o ..\Drivers\STM32L0xx_HAL_Driver\Src\stm32l0xx_hal_pwr.c 
arm-atollic-eabi-gcc -c -mthumb -mcpu=cortex-m0plus -std=gnu11 -DUSE_HAL_DRIVER -DSTM32L010x6 -I../Inc -I../TrinksInc -I../Drivers/STM32L0xx_HAL_Driver/Inc -I../Drivers/STM32L0xx_HAL_Driver/Inc/Legacy -I../Drivers/CMSIS/Device/ST/STM32L0xx/Include -I../Drivers/CMSIS/Include -Os -ffunction-sections -fdata-sections -g -fstack-usage -Wall -specs=nano.specs -o Src\syscalls.o ..\Src\syscalls.c 
arm-atollic-eabi-gcc -c -mthumb -mcpu=cortex-m0plus -std=gnu11 -DUSE_HAL_DRIVER -DSTM32L010x6 -I../Inc -I../TrinksInc -I../Drivers/STM32L0xx_HAL_Driver/Inc -I../Drivers/STM32L0xx_HAL_Driver/Inc/Legacy -I../Drivers/CMSIS/Device/ST/STM32L0xx/Include -I../Drivers/CMSIS/Include -Os -ffunction-sections -fdata-sections -g -fstack-usage -Wall -specs=nano.specs -o Src\system_stm32l0xx.o ..\Src\system_stm32l0xx.c 
arm-atollic-eabi-gcc -c -mthumb -mcpu=cortex-m0plus -std=gnu11 -DUSE_HAL_DRIVER -DSTM32L010x6 -I../Inc -I../TrinksInc -I../Drivers/STM32L0xx_HAL_Driver/Inc -I../Drivers/STM32L0xx_HAL_Driver/Inc/Legacy -I../Drivers/CMSIS/Device/ST/STM32L0xx/Include -I../Drivers/CMSIS/Include -Os -ffunction-sections -fdata-sections -g -fstack-usage -Wall -specs=nano.specs -o Src\stm32l0xx_it.o ..\Src\stm32l0xx_it.c 
arm-atollic-eabi-gcc -c -mthumb -mcpu=cortex-m0plus -std=gnu11 -DUSE_HAL_DRIVER -DSTM32L010x6 -I../Inc -I../TrinksInc -I../Drivers/STM32L0xx_HAL_Driver/Inc -I../Drivers/STM32L0xx_HAL_Driver/Inc/Legacy -I../Drivers/CMSIS/Device/ST/STM32L0xx/Include -I../Drivers/CMSIS/Include -Os -ffunction-sections -fdata-sections -g -fstack-usage -Wall -specs=nano.specs -o Drivers\STM32L0xx_HAL_Driver\Src\stm32l0xx_hal_pwr_ex.o ..\Drivers\STM32L0xx_HAL_Driver\Src\stm32l0xx_hal_pwr_ex.c 
arm-atollic-eabi-gcc -c -mthumb -mcpu=cortex-m0plus -std=gnu11 -DUSE_HAL_DRIVER -DSTM32L010x6 -I../Inc -I../TrinksInc -I../Drivers/STM32L0xx_HAL_Driver/Inc -I../Drivers/STM32L0xx_HAL_Driver/Inc/Legacy -I../Drivers/CMSIS/Device/ST/STM32L0xx/Include -I../Drivers/CMSIS/Include -Os -ffunction-sections -fdata-sections -g -fstack-usage -Wall -specs=nano.specs -o Src\gpio.o ..\Src\gpio.c 
arm-atollic-eabi-gcc -c -mthumb -mcpu=cortex-m0plus -std=gnu11 -DUSE_HAL_DRIVER -DSTM32L010x6 -I../Inc -I../TrinksInc -I../Drivers/STM32L0xx_HAL_Driver/Inc -I../Drivers/STM32L0xx_HAL_Driver/Inc/Legacy -I../Drivers/CMSIS/Device/ST/STM32L0xx/Include -I../Drivers/CMSIS/Include -Os -ffunction-sections -fdata-sections -g -fstack-usage -Wall -specs=nano.specs -o Drivers\STM32L0xx_HAL_Driver\Src\stm32l0xx_hal_flash_ramfunc.o ..\Drivers\STM32L0xx_HAL_Driver\Src\stm32l0xx_hal_flash_ramfunc.c 
arm-atollic-eabi-gcc -o SuperStar1.elf Drivers\STM32L0xx_HAL_Driver\Src\stm32l0xx_hal.o Drivers\STM32L0xx_HAL_Driver\Src\stm32l0xx_hal_adc.o Drivers\STM32L0xx_HAL_Driver\Src\stm32l0xx_hal_adc_ex.o Drivers\STM32L0xx_HAL_Driver\Src\stm32l0xx_hal_cortex.o Drivers\STM32L0xx_HAL_Driver\Src\stm32l0xx_hal_dma.o Drivers\STM32L0xx_HAL_Driver\Src\stm32l0xx_hal_flash.o Drivers\STM32L0xx_HAL_Driver\Src\stm32l0xx_hal_flash_ex.o Drivers\STM32L0xx_HAL_Driver\Src\stm32l0xx_hal_flash_ramfunc.o Drivers\STM32L0xx_HAL_Driver\Src\stm32l0xx_hal_gpio.o Drivers\STM32L0xx_HAL_Driver\Src\stm32l0xx_hal_i2c.o Drivers\STM32L0xx_HAL_Driver\Src\stm32l0xx_hal_i2c_ex.o Drivers\STM32L0xx_HAL_Driver\Src\stm32l0xx_hal_pwr.o Drivers\STM32L0xx_HAL_Driver\Src\stm32l0xx_hal_pwr_ex.o Drivers\STM32L0xx_HAL_Driver\Src\stm32l0xx_hal_rcc.o Drivers\STM32L0xx_HAL_Driver\Src\stm32l0xx_hal_rcc_ex.o Drivers\STM32L0xx_HAL_Driver\Src\stm32l0xx_hal_tim.o Drivers\STM32L0xx_HAL_Driver\Src\stm32l0xx_hal_tim_ex.o Src\adc.o Src\gpio.o Src\main.o Src\stm32l0xx_hal_msp.o Src\stm32l0xx_it.o Src\syscalls.o Src\system_stm32l0xx.o startup\startup_stm32l010x6.o -mthumb -mcpu=cortex-m0plus -T../STM32L010C6_FLASH.ld -specs=nosys.specs -static -Wl,-Map=SuperStar1.map -Wl,--gc-sections -Wl,--defsym=malloc_getpagesize_P=0x80 -Wl,--start-group -lc -lm -Wl,--end-group -specs=nano.specs 
C:\Program Files (x86)\Atollic\TrueSTUDIO for STM32 9.3.0\ide\jre\bin\java -jar C:\Program Files (x86)\Atollic\TrueSTUDIO for STM32 9.3.0\Tools\arm-atollic-reports.jar sizeinfo list SuperStar1.elf 
Generate build reports...
Print size information
   text	   data	    bss	    dec	    hex	filename
   4820	     12	   1660	   6492	   195c	SuperStar1.elf
Print size information done
Generate listing file
Output sent to: SuperStar1.list
Generate listing file done
Generate build reports done
arm-atollic-eabi-objcopy.exe -O ihex SuperStar1.elf SuperStar1.hex 
Info: Nothing to build for SuperStar1
Info: Nothing to build for SuperStar1
Info: Nothing to build for SuperStar1
06:36:49 **** Rebuild of configuration Debug for project SuperStar1 ****
Info: Internal Builder is used for build
arm-atollic-eabi-gcc -c -mthumb -mcpu=cortex-m0plus -std=gnu11 -DUSE_HAL_DRIVER -DSTM32L010x6 -I../Inc -I../TrinksInc -I../Drivers/STM32L0xx_HAL_Driver/Inc -I../Drivers/STM32L0xx_HAL_Driver/Inc/Legacy -I../Drivers/CMSIS/Device/ST/STM32L0xx/Include -I../Drivers/CMSIS/Include -Os -ffunction-sections -fdata-sections -g -fstack-usage -Wall -specs=nano.specs -o Drivers\STM32L0xx_HAL_Driver\Src\stm32l0xx_hal_rcc_ex.o ..\Drivers\STM32L0xx_HAL_Driver\Src\stm32l0xx_hal_rcc_ex.c 
arm-atollic-eabi-gcc -c -mthumb -mcpu=cortex-m0plus -std=gnu11 -DUSE_HAL_DRIVER -DSTM32L010x6 -I../Inc -I../TrinksInc -I../Drivers/STM32L0xx_HAL_Driver/Inc -I../Drivers/STM32L0xx_HAL_Driver/Inc/Legacy -I../Drivers/CMSIS/Device/ST/STM32L0xx/Include -I../Drivers/CMSIS/Include -Os -ffunction-sections -fdata-sections -g -fstack-usage -Wall -specs=nano.specs -o Drivers\STM32L0xx_HAL_Driver\Src\stm32l0xx_hal_flash.o ..\Drivers\STM32L0xx_HAL_Driver\Src\stm32l0xx_hal_flash.c 
arm-atollic-eabi-gcc -c -mthumb -mcpu=cortex-m0plus -g -Wa,--no-warn -x assembler-with-cpp -specs=nano.specs -o startup\startup_stm32l010x6.o ..\startup\startup_stm32l010x6.s 
arm-atollic-eabi-gcc -c -mthumb -mcpu=cortex-m0plus -std=gnu11 -DUSE_HAL_DRIVER -DSTM32L010x6 -I../Inc -I../TrinksInc -I../Drivers/STM32L0xx_HAL_Driver/Inc -I../Drivers/STM32L0xx_HAL_Driver/Inc/Legacy -I../Drivers/CMSIS/Device/ST/STM32L0xx/Include -I../Drivers/CMSIS/Include -Os -ffunction-sections -fdata-sections -g -fstack-usage -Wall -specs=nano.specs -o Drivers\STM32L0xx_HAL_Driver\Src\stm32l0xx_hal.o ..\Drivers\STM32L0xx_HAL_Driver\Src\stm32l0xx_hal.c 
arm-atollic-eabi-gcc -c -mthumb -mcpu=cortex-m0plus -std=gnu11 -DUSE_HAL_DRIVER -DSTM32L010x6 -I../Inc -I../TrinksInc -I../Drivers/STM32L0xx_HAL_Driver/Inc -I../Drivers/STM32L0xx_HAL_Driver/Inc/Legacy -I../Drivers/CMSIS/Device/ST/STM32L0xx/Include -I../Drivers/CMSIS/Include -Os -ffunction-sections -fdata-sections -g -fstack-usage -Wall -specs=nano.specs -o Src\main.o ..\Src\main.c 
arm-atollic-eabi-gcc -c -mthumb -mcpu=cortex-m0plus -std=gnu11 -DUSE_HAL_DRIVER -DSTM32L010x6 -I../Inc -I../TrinksInc -I../Drivers/STM32L0xx_HAL_Driver/Inc -I../Drivers/STM32L0xx_HAL_Driver/Inc/Legacy -I../Drivers/CMSIS/Device/ST/STM32L0xx/Include -I../Drivers/CMSIS/Include -Os -ffunction-sections -fdata-sections -g -fstack-usage -Wall -specs=nano.specs -o Drivers\STM32L0xx_HAL_Driver\Src\stm32l0xx_hal_i2c.o ..\Drivers\STM32L0xx_HAL_Driver\Src\stm32l0xx_hal_i2c.c 
arm-atollic-eabi-gcc -c -mthumb -mcpu=cortex-m0plus -std=gnu11 -DUSE_HAL_DRIVER -DSTM32L010x6 -I../Inc -I../TrinksInc -I../Drivers/STM32L0xx_HAL_Driver/Inc -I../Drivers/STM32L0xx_HAL_Driver/Inc/Legacy -I../Drivers/CMSIS/Device/ST/STM32L0xx/Include -I../Drivers/CMSIS/Include -Os -ffunction-sections -fdata-sections -g -fstack-usage -Wall -specs=nano.specs -o Drivers\STM32L0xx_HAL_Driver\Src\stm32l0xx_hal_flash_ex.o ..\Drivers\STM32L0xx_HAL_Driver\Src\stm32l0xx_hal_flash_ex.c 
arm-atollic-eabi-gcc -c -mthumb -mcpu=cortex-m0plus -std=gnu11 -DUSE_HAL_DRIVER -DSTM32L010x6 -I../Inc -I../TrinksInc -I../Drivers/STM32L0xx_HAL_Driver/Inc -I../Drivers/STM32L0xx_HAL_Driver/Inc/Legacy -I../Drivers/CMSIS/Device/ST/STM32L0xx/Include -I../Drivers/CMSIS/Include -Os -ffunction-sections -fdata-sections -g -fstack-usage -Wall -specs=nano.specs -o Drivers\STM32L0xx_HAL_Driver\Src\stm32l0xx_hal_rcc.o ..\Drivers\STM32L0xx_HAL_Driver\Src\stm32l0xx_hal_rcc.c 
arm-atollic-eabi-gcc -c -mthumb -mcpu=cortex-m0plus -std=gnu11 -DUSE_HAL_DRIVER -DSTM32L010x6 -I../Inc -I../TrinksInc -I../Drivers/STM32L0xx_HAL_Driver/Inc -I../Drivers/STM32L0xx_HAL_Driver/Inc/Legacy -I../Drivers/CMSIS/Device/ST/STM32L0xx/Include -I../Drivers/CMSIS/Include -Os -ffunction-sections -fdata-sections -g -fstack-usage -Wall -specs=nano.specs -o Drivers\STM32L0xx_HAL_Driver\Src\stm32l0xx_hal_tim_ex.o ..\Drivers\STM32L0xx_HAL_Driver\Src\stm32l0xx_hal_tim_ex.c 
arm-atollic-eabi-gcc -c -mthumb -mcpu=cortex-m0plus -std=gnu11 -DUSE_HAL_DRIVER -DSTM32L010x6 -I../Inc -I../TrinksInc -I../Drivers/STM32L0xx_HAL_Driver/Inc -I../Drivers/STM32L0xx_HAL_Driver/Inc/Legacy -I../Drivers/CMSIS/Device/ST/STM32L0xx/Include -I../Drivers/CMSIS/Include -Os -ffunction-sections -fdata-sections -g -fstack-usage -Wall -specs=nano.specs -o Drivers\STM32L0xx_HAL_Driver\Src\stm32l0xx_hal_adc.o ..\Drivers\STM32L0xx_HAL_Driver\Src\stm32l0xx_hal_adc.c 
arm-atollic-eabi-gcc -c -mthumb -mcpu=cortex-m0plus -std=gnu11 -DUSE_HAL_DRIVER -DSTM32L010x6 -I../Inc -I../TrinksInc -I../Drivers/STM32L0xx_HAL_Driver/Inc -I../Drivers/STM32L0xx_HAL_Driver/Inc/Legacy -I../Drivers/CMSIS/Device/ST/STM32L0xx/Include -I../Drivers/CMSIS/Include -Os -ffunction-sections -fdata-sections -g -fstack-usage -Wall -specs=nano.specs -o Src\stm32l0xx_it.o ..\Src\stm32l0xx_it.c 
arm-atollic-eabi-gcc -c -mthumb -mcpu=cortex-m0plus -std=gnu11 -DUSE_HAL_DRIVER -DSTM32L010x6 -I../Inc -I../TrinksInc -I../Drivers/STM32L0xx_HAL_Driver/Inc -I../Drivers/STM32L0xx_HAL_Driver/Inc/Legacy -I../Drivers/CMSIS/Device/ST/STM32L0xx/Include -I../Drivers/CMSIS/Include -Os -ffunction-sections -fdata-sections -g -fstack-usage -Wall -specs=nano.specs -o Drivers\STM32L0xx_HAL_Driver\Src\stm32l0xx_hal_tim.o ..\Drivers\STM32L0xx_HAL_Driver\Src\stm32l0xx_hal_tim.c 
arm-atollic-eabi-gcc -c -mthumb -mcpu=cortex-m0plus -std=gnu11 -DUSE_HAL_DRIVER -DSTM32L010x6 -I../Inc -I../TrinksInc -I../Drivers/STM32L0xx_HAL_Driver/Inc -I../Drivers/STM32L0xx_HAL_Driver/Inc/Legacy -I../Drivers/CMSIS/Device/ST/STM32L0xx/Include -I../Drivers/CMSIS/Include -Os -ffunction-sections -fdata-sections -g -fstack-usage -Wall -specs=nano.specs -o Src\stm32l0xx_hal_msp.o ..\Src\stm32l0xx_hal_msp.c 
arm-atollic-eabi-gcc -c -mthumb -mcpu=cortex-m0plus -std=gnu11 -DUSE_HAL_DRIVER -DSTM32L010x6 -I../Inc -I../TrinksInc -I../Drivers/STM32L0xx_HAL_Driver/Inc -I../Drivers/STM32L0xx_HAL_Driver/Inc/Legacy -I../Drivers/CMSIS/Device/ST/STM32L0xx/Include -I../Drivers/CMSIS/Include -Os -ffunction-sections -fdata-sections -g -fstack-usage -Wall -specs=nano.specs -o Drivers\STM32L0xx_HAL_Driver\Src\stm32l0xx_hal_gpio.o ..\Drivers\STM32L0xx_HAL_Driver\Src\stm32l0xx_hal_gpio.c 
arm-atollic-eabi-gcc -c -mthumb -mcpu=cortex-m0plus -std=gnu11 -DUSE_HAL_DRIVER -DSTM32L010x6 -I../Inc -I../TrinksInc -I../Drivers/STM32L0xx_HAL_Driver/Inc -I../Drivers/STM32L0xx_HAL_Driver/Inc/Legacy -I../Drivers/CMSIS/Device/ST/STM32L0xx/Include -I../Drivers/CMSIS/Include -Os -ffunction-sections -fdata-sections -g -fstack-usage -Wall -specs=nano.specs -o Drivers\STM32L0xx_HAL_Driver\Src\stm32l0xx_hal_dma.o ..\Drivers\STM32L0xx_HAL_Driver\Src\stm32l0xx_hal_dma.c 
arm-atollic-eabi-gcc -c -mthumb -mcpu=cortex-m0plus -std=gnu11 -DUSE_HAL_DRIVER -DSTM32L010x6 -I../Inc -I../TrinksInc -I../Drivers/STM32L0xx_HAL_Driver/Inc -I../Drivers/STM32L0xx_HAL_Driver/Inc/Legacy -I../Drivers/CMSIS/Device/ST/STM32L0xx/Include -I../Drivers/CMSIS/Include -Os -ffunction-sections -fdata-sections -g -fstack-usage -Wall -specs=nano.specs -o Drivers\STM32L0xx_HAL_Driver\Src\stm32l0xx_hal_i2c_ex.o ..\Drivers\STM32L0xx_HAL_Driver\Src\stm32l0xx_hal_i2c_ex.c 
arm-atollic-eabi-gcc -c -mthumb -mcpu=cortex-m0plus -std=gnu11 -DUSE_HAL_DRIVER -DSTM32L010x6 -I../Inc -I../TrinksInc -I../Drivers/STM32L0xx_HAL_Driver/Inc -I../Drivers/STM32L0xx_HAL_Driver/Inc/Legacy -I../Drivers/CMSIS/Device/ST/STM32L0xx/Include -I../Drivers/CMSIS/Include -Os -ffunction-sections -fdata-sections -g -fstack-usage -Wall -specs=nano.specs -o Src\system_stm32l0xx.o ..\Src\system_stm32l0xx.c 
arm-atollic-eabi-gcc -c -mthumb -mcpu=cortex-m0plus -std=gnu11 -DUSE_HAL_DRIVER -DSTM32L010x6 -I../Inc -I../TrinksInc -I../Drivers/STM32L0xx_HAL_Driver/Inc -I../Drivers/STM32L0xx_HAL_Driver/Inc/Legacy -I../Drivers/CMSIS/Device/ST/STM32L0xx/Include -I../Drivers/CMSIS/Include -Os -ffunction-sections -fdata-sections -g -fstack-usage -Wall -specs=nano.specs -o Drivers\STM32L0xx_HAL_Driver\Src\stm32l0xx_hal_pwr.o ..\Drivers\STM32L0xx_HAL_Driver\Src\stm32l0xx_hal_pwr.c 
arm-atollic-eabi-gcc -c -mthumb -mcpu=cortex-m0plus -std=gnu11 -DUSE_HAL_DRIVER -DSTM32L010x6 -I../Inc -I../TrinksInc -I../Drivers/STM32L0xx_HAL_Driver/Inc -I../Drivers/STM32L0xx_HAL_Driver/Inc/Legacy -I../Drivers/CMSIS/Device/ST/STM32L0xx/Include -I../Drivers/CMSIS/Include -Os -ffunction-sections -fdata-sections -g -fstack-usage -Wall -specs=nano.specs -o Drivers\STM32L0xx_HAL_Driver\Src\stm32l0xx_hal_cortex.o ..\Drivers\STM32L0xx_HAL_Driver\Src\stm32l0xx_hal_cortex.c 
arm-atollic-eabi-gcc -c -mthumb -mcpu=cortex-m0plus -std=gnu11 -DUSE_HAL_DRIVER -DSTM32L010x6 -I../Inc -I../TrinksInc -I../Drivers/STM32L0xx_HAL_Driver/Inc -I../Drivers/STM32L0xx_HAL_Driver/Inc/Legacy -I../Drivers/CMSIS/Device/ST/STM32L0xx/Include -I../Drivers/CMSIS/Include -Os -ffunction-sections -fdata-sections -g -fstack-usage -Wall -specs=nano.specs -o Src\gpio.o ..\Src\gpio.c 
arm-atollic-eabi-gcc -c -mthumb -mcpu=cortex-m0plus -std=gnu11 -DUSE_HAL_DRIVER -DSTM32L010x6 -I../Inc -I../TrinksInc -I../Drivers/STM32L0xx_HAL_Driver/Inc -I../Drivers/STM32L0xx_HAL_Driver/Inc/Legacy -I../Drivers/CMSIS/Device/ST/STM32L0xx/Include -I../Drivers/CMSIS/Include -Os -ffunction-sections -fdata-sections -g -fstack-usage -Wall -specs=nano.specs -o Src\syscalls.o ..\Src\syscalls.c 
arm-atollic-eabi-gcc -c -mthumb -mcpu=cortex-m0plus -std=gnu11 -DUSE_HAL_DRIVER -DSTM32L010x6 -I../Inc -I../TrinksInc -I../Drivers/STM32L0xx_HAL_Driver/Inc -I../Drivers/STM32L0xx_HAL_Driver/Inc/Legacy -I../Drivers/CMSIS/Device/ST/STM32L0xx/Include -I../Drivers/CMSIS/Include -Os -ffunction-sections -fdata-sections -g -fstack-usage -Wall -specs=nano.specs -o Src\adc.o ..\Src\adc.c 
arm-atollic-eabi-gcc -c -mthumb -mcpu=cortex-m0plus -std=gnu11 -DUSE_HAL_DRIVER -DSTM32L010x6 -I../Inc -I../TrinksInc -I../Drivers/STM32L0xx_HAL_Driver/Inc -I../Drivers/STM32L0xx_HAL_Driver/Inc/Legacy -I../Drivers/CMSIS/Device/ST/STM32L0xx/Include -I../Drivers/CMSIS/Include -Os -ffunction-sections -fdata-sections -g -fstack-usage -Wall -specs=nano.specs -o Drivers\STM32L0xx_HAL_Driver\Src\stm32l0xx_hal_pwr_ex.o ..\Drivers\STM32L0xx_HAL_Driver\Src\stm32l0xx_hal_pwr_ex.c 
arm-atollic-eabi-gcc -c -mthumb -mcpu=cortex-m0plus -std=gnu11 -DUSE_HAL_DRIVER -DSTM32L010x6 -I../Inc -I../TrinksInc -I../Drivers/STM32L0xx_HAL_Driver/Inc -I../Drivers/STM32L0xx_HAL_Driver/Inc/Legacy -I../Drivers/CMSIS/Device/ST/STM32L0xx/Include -I../Drivers/CMSIS/Include -Os -ffunction-sections -fdata-sections -g -fstack-usage -Wall -specs=nano.specs -o Drivers\STM32L0xx_HAL_Driver\Src\stm32l0xx_hal_flash_ramfunc.o ..\Drivers\STM32L0xx_HAL_Driver\Src\stm32l0xx_hal_flash_ramfunc.c 
arm-atollic-eabi-gcc -c -mthumb -mcpu=cortex-m0plus -std=gnu11 -DUSE_HAL_DRIVER -DSTM32L010x6 -I../Inc -I../TrinksInc -I../Drivers/STM32L0xx_HAL_Driver/Inc -I../Drivers/STM32L0xx_HAL_Driver/Inc/Legacy -I../Drivers/CMSIS/Device/ST/STM32L0xx/Include -I../Drivers/CMSIS/Include -Os -ffunction-sections -fdata-sections -g -fstack-usage -Wall -specs=nano.specs -o Drivers\STM32L0xx_HAL_Driver\Src\stm32l0xx_hal_adc_ex.o ..\Drivers\STM32L0xx_HAL_Driver\Src\stm32l0xx_hal_adc_ex.c 
arm-atollic-eabi-gcc -o SuperStar1.elf Drivers\STM32L0xx_HAL_Driver\Src\stm32l0xx_hal.o Drivers\STM32L0xx_HAL_Driver\Src\stm32l0xx_hal_adc.o Drivers\STM32L0xx_HAL_Driver\Src\stm32l0xx_hal_adc_ex.o Drivers\STM32L0xx_HAL_Driver\Src\stm32l0xx_hal_cortex.o Drivers\STM32L0xx_HAL_Driver\Src\stm32l0xx_hal_dma.o Drivers\STM32L0xx_HAL_Driver\Src\stm32l0xx_hal_flash.o Drivers\STM32L0xx_HAL_Driver\Src\stm32l0xx_hal_flash_ex.o Drivers\STM32L0xx_HAL_Driver\Src\stm32l0xx_hal_flash_ramfunc.o Drivers\STM32L0xx_HAL_Driver\Src\stm32l0xx_hal_gpio.o Drivers\STM32L0xx_HAL_Driver\Src\stm32l0xx_hal_i2c.o Drivers\STM32L0xx_HAL_Driver\Src\stm32l0xx_hal_i2c_ex.o Drivers\STM32L0xx_HAL_Driver\Src\stm32l0xx_hal_pwr.o Drivers\STM32L0xx_HAL_Driver\Src\stm32l0xx_hal_pwr_ex.o Drivers\STM32L0xx_HAL_Driver\Src\stm32l0xx_hal_rcc.o Drivers\STM32L0xx_HAL_Driver\Src\stm32l0xx_hal_rcc_ex.o Drivers\STM32L0xx_HAL_Driver\Src\stm32l0xx_hal_tim.o Drivers\STM32L0xx_HAL_Driver\Src\stm32l0xx_hal_tim_ex.o Src\adc.o Src\gpio.o Src\main.o Src\stm32l0xx_hal_msp.o Src\stm32l0xx_it.o Src\syscalls.o Src\system_stm32l0xx.o startup\startup_stm32l010x6.o -mthumb -mcpu=cortex-m0plus -T../STM32L010C6_FLASH.ld -specs=nosys.specs -static -Wl,-Map=SuperStar1.map -Wl,--gc-sections -Wl,--defsym=malloc_getpagesize_P=0x80 -Wl,--start-group -lc -lm -Wl,--end-group -specs=nano.specs 
C:\Program Files (x86)\Atollic\TrueSTUDIO for STM32 9.3.0\ide\jre\bin\java -jar C:\Program Files (x86)\Atollic\TrueSTUDIO for STM32 9.3.0\Tools\arm-atollic-reports.jar sizeinfo list SuperStar1.elf 
Generate build reports...
Print size information
   text	   data	    bss	    dec	    hex	filename
   4820	     12	   1660	   6492	   195c	SuperStar1.elf
Print size information done
Generate listing file
Output sent to: SuperStar1.list
Generate listing file done
Generate build reports done
arm-atollic-eabi-objcopy.exe -O ihex SuperStar1.elf SuperStar1.hex 
Info: Nothing to build for SuperStar1
Info: Nothing to build for SuperStar1
Info: Nothing to build for SuperStar1
Info: Nothing to build for SuperStar1
06:45:30 **** Rebuild of configuration Debug for project SuperStar1 ****
Info: Internal Builder is used for build
arm-atollic-eabi-gcc -c -mthumb -mcpu=cortex-m0plus -std=gnu11 -DUSE_HAL_DRIVER -DSTM32L010x6 -I../Inc -I../TrinksInc -I../Drivers/STM32L0xx_HAL_Driver/Inc -I../Drivers/STM32L0xx_HAL_Driver/Inc/Legacy -I../Drivers/CMSIS/Device/ST/STM32L0xx/Include -I../Drivers/CMSIS/Include -Os -ffunction-sections -fdata-sections -g -fstack-usage -Wall -specs=nano.specs -o Src\gpio.o ..\Src\gpio.c 
arm-atollic-eabi-gcc -c -mthumb -mcpu=cortex-m0plus -std=gnu11 -DUSE_HAL_DRIVER -DSTM32L010x6 -I../Inc -I../TrinksInc -I../Drivers/STM32L0xx_HAL_Driver/Inc -I../Drivers/STM32L0xx_HAL_Driver/Inc/Legacy -I../Drivers/CMSIS/Device/ST/STM32L0xx/Include -I../Drivers/CMSIS/Include -Os -ffunction-sections -fdata-sections -g -fstack-usage -Wall -specs=nano.specs -o Drivers\STM32L0xx_HAL_Driver\Src\stm32l0xx_hal_flash.o ..\Drivers\STM32L0xx_HAL_Driver\Src\stm32l0xx_hal_flash.c 
arm-atollic-eabi-gcc -c -mthumb -mcpu=cortex-m0plus -std=gnu11 -DUSE_HAL_DRIVER -DSTM32L010x6 -I../Inc -I../TrinksInc -I../Drivers/STM32L0xx_HAL_Driver/Inc -I../Drivers/STM32L0xx_HAL_Driver/Inc/Legacy -I../Drivers/CMSIS/Device/ST/STM32L0xx/Include -I../Drivers/CMSIS/Include -Os -ffunction-sections -fdata-sections -g -fstack-usage -Wall -specs=nano.specs -o Src\system_stm32l0xx.o ..\Src\system_stm32l0xx.c 
arm-atollic-eabi-gcc -c -mthumb -mcpu=cortex-m0plus -std=gnu11 -DUSE_HAL_DRIVER -DSTM32L010x6 -I../Inc -I../TrinksInc -I../Drivers/STM32L0xx_HAL_Driver/Inc -I../Drivers/STM32L0xx_HAL_Driver/Inc/Legacy -I../Drivers/CMSIS/Device/ST/STM32L0xx/Include -I../Drivers/CMSIS/Include -Os -ffunction-sections -fdata-sections -g -fstack-usage -Wall -specs=nano.specs -o Drivers\STM32L0xx_HAL_Driver\Src\stm32l0xx_hal_i2c.o ..\Drivers\STM32L0xx_HAL_Driver\Src\stm32l0xx_hal_i2c.c 
arm-atollic-eabi-gcc -c -mthumb -mcpu=cortex-m0plus -std=gnu11 -DUSE_HAL_DRIVER -DSTM32L010x6 -I../Inc -I../TrinksInc -I../Drivers/STM32L0xx_HAL_Driver/Inc -I../Drivers/STM32L0xx_HAL_Driver/Inc/Legacy -I../Drivers/CMSIS/Device/ST/STM32L0xx/Include -I../Drivers/CMSIS/Include -Os -ffunction-sections -fdata-sections -g -fstack-usage -Wall -specs=nano.specs -o Drivers\STM32L0xx_HAL_Driver\Src\stm32l0xx_hal.o ..\Drivers\STM32L0xx_HAL_Driver\Src\stm32l0xx_hal.c 
arm-atollic-eabi-gcc -c -mthumb -mcpu=cortex-m0plus -std=gnu11 -DUSE_HAL_DRIVER -DSTM32L010x6 -I../Inc -I../TrinksInc -I../Drivers/STM32L0xx_HAL_Driver/Inc -I../Drivers/STM32L0xx_HAL_Driver/Inc/Legacy -I../Drivers/CMSIS/Device/ST/STM32L0xx/Include -I../Drivers/CMSIS/Include -Os -ffunction-sections -fdata-sections -g -fstack-usage -Wall -specs=nano.specs -o Src\adc.o ..\Src\adc.c 
arm-atollic-eabi-gcc -c -mthumb -mcpu=cortex-m0plus -std=gnu11 -DUSE_HAL_DRIVER -DSTM32L010x6 -I../Inc -I../TrinksInc -I../Drivers/STM32L0xx_HAL_Driver/Inc -I../Drivers/STM32L0xx_HAL_Driver/Inc/Legacy -I../Drivers/CMSIS/Device/ST/STM32L0xx/Include -I../Drivers/CMSIS/Include -Os -ffunction-sections -fdata-sections -g -fstack-usage -Wall -specs=nano.specs -o Drivers\STM32L0xx_HAL_Driver\Src\stm32l0xx_hal_cortex.o ..\Drivers\STM32L0xx_HAL_Driver\Src\stm32l0xx_hal_cortex.c 
arm-atollic-eabi-gcc -c -mthumb -mcpu=cortex-m0plus -std=gnu11 -DUSE_HAL_DRIVER -DSTM32L010x6 -I../Inc -I../TrinksInc -I../Drivers/STM32L0xx_HAL_Driver/Inc -I../Drivers/STM32L0xx_HAL_Driver/Inc/Legacy -I../Drivers/CMSIS/Device/ST/STM32L0xx/Include -I../Drivers/CMSIS/Include -Os -ffunction-sections -fdata-sections -g -fstack-usage -Wall -specs=nano.specs -o Drivers\STM32L0xx_HAL_Driver\Src\stm32l0xx_hal_tim.o ..\Drivers\STM32L0xx_HAL_Driver\Src\stm32l0xx_hal_tim.c 
arm-atollic-eabi-gcc -c -mthumb -mcpu=cortex-m0plus -std=gnu11 -DUSE_HAL_DRIVER -DSTM32L010x6 -I../Inc -I../TrinksInc -I../Drivers/STM32L0xx_HAL_Driver/Inc -I../Drivers/STM32L0xx_HAL_Driver/Inc/Legacy -I../Drivers/CMSIS/Device/ST/STM32L0xx/Include -I../Drivers/CMSIS/Include -Os -ffunction-sections -fdata-sections -g -fstack-usage -Wall -specs=nano.specs -o Drivers\STM32L0xx_HAL_Driver\Src\stm32l0xx_hal_adc.o ..\Drivers\STM32L0xx_HAL_Driver\Src\stm32l0xx_hal_adc.c 
arm-atollic-eabi-gcc -c -mthumb -mcpu=cortex-m0plus -std=gnu11 -DUSE_HAL_DRIVER -DSTM32L010x6 -I../Inc -I../TrinksInc -I../Drivers/STM32L0xx_HAL_Driver/Inc -I../Drivers/STM32L0xx_HAL_Driver/Inc/Legacy -I../Drivers/CMSIS/Device/ST/STM32L0xx/Include -I../Drivers/CMSIS/Include -Os -ffunction-sections -fdata-sections -g -fstack-usage -Wall -specs=nano.specs -o Drivers\STM32L0xx_HAL_Driver\Src\stm32l0xx_hal_rcc.o ..\Drivers\STM32L0xx_HAL_Driver\Src\stm32l0xx_hal_rcc.c 
arm-atollic-eabi-gcc -c -mthumb -mcpu=cortex-m0plus -std=gnu11 -DUSE_HAL_DRIVER -DSTM32L010x6 -I../Inc -I../TrinksInc -I../Drivers/STM32L0xx_HAL_Driver/Inc -I../Drivers/STM32L0xx_HAL_Driver/Inc/Legacy -I../Drivers/CMSIS/Device/ST/STM32L0xx/Include -I../Drivers/CMSIS/Include -Os -ffunction-sections -fdata-sections -g -fstack-usage -Wall -specs=nano.specs -o Src\stm32l0xx_hal_msp.o ..\Src\stm32l0xx_hal_msp.c 
arm-atollic-eabi-gcc -c -mthumb -mcpu=cortex-m0plus -std=gnu11 -DUSE_HAL_DRIVER -DSTM32L010x6 -I../Inc -I../TrinksInc -I../Drivers/STM32L0xx_HAL_Driver/Inc -I../Drivers/STM32L0xx_HAL_Driver/Inc/Legacy -I../Drivers/CMSIS/Device/ST/STM32L0xx/Include -I../Drivers/CMSIS/Include -Os -ffunction-sections -fdata-sections -g -fstack-usage -Wall -specs=nano.specs -o Src\stm32l0xx_it.o ..\Src\stm32l0xx_it.c 
arm-atollic-eabi-gcc -c -mthumb -mcpu=cortex-m0plus -g -Wa,--no-warn -x assembler-with-cpp -specs=nano.specs -o startup\startup_stm32l010x6.o ..\startup\startup_stm32l010x6.s 
arm-atollic-eabi-gcc -c -mthumb -mcpu=cortex-m0plus -std=gnu11 -DUSE_HAL_DRIVER -DSTM32L010x6 -I../Inc -I../TrinksInc -I../Drivers/STM32L0xx_HAL_Driver/Inc -I../Drivers/STM32L0xx_HAL_Driver/Inc/Legacy -I../Drivers/CMSIS/Device/ST/STM32L0xx/Include -I../Drivers/CMSIS/Include -Os -ffunction-sections -fdata-sections -g -fstack-usage -Wall -specs=nano.specs -o Drivers\STM32L0xx_HAL_Driver\Src\stm32l0xx_hal_flash_ex.o ..\Drivers\STM32L0xx_HAL_Driver\Src\stm32l0xx_hal_flash_ex.c 
arm-atollic-eabi-gcc -c -mthumb -mcpu=cortex-m0plus -std=gnu11 -DUSE_HAL_DRIVER -DSTM32L010x6 -I../Inc -I../TrinksInc -I../Drivers/STM32L0xx_HAL_Driver/Inc -I../Drivers/STM32L0xx_HAL_Driver/Inc/Legacy -I../Drivers/CMSIS/Device/ST/STM32L0xx/Include -I../Drivers/CMSIS/Include -Os -ffunction-sections -fdata-sections -g -fstack-usage -Wall -specs=nano.specs -o Drivers\STM32L0xx_HAL_Driver\Src\stm32l0xx_hal_i2c_ex.o ..\Drivers\STM32L0xx_HAL_Driver\Src\stm32l0xx_hal_i2c_ex.c 
arm-atollic-eabi-gcc -c -mthumb -mcpu=cortex-m0plus -std=gnu11 -DUSE_HAL_DRIVER -DSTM32L010x6 -I../Inc -I../TrinksInc -I../Drivers/STM32L0xx_HAL_Driver/Inc -I../Drivers/STM32L0xx_HAL_Driver/Inc/Legacy -I../Drivers/CMSIS/Device/ST/STM32L0xx/Include -I../Drivers/CMSIS/Include -Os -ffunction-sections -fdata-sections -g -fstack-usage -Wall -specs=nano.specs -o Src\syscalls.o ..\Src\syscalls.c 
arm-atollic-eabi-gcc -c -mthumb -mcpu=cortex-m0plus -std=gnu11 -DUSE_HAL_DRIVER -DSTM32L010x6 -I../Inc -I../TrinksInc -I../Drivers/STM32L0xx_HAL_Driver/Inc -I../Drivers/STM32L0xx_HAL_Driver/Inc/Legacy -I../Drivers/CMSIS/Device/ST/STM32L0xx/Include -I../Drivers/CMSIS/Include -Os -ffunction-sections -fdata-sections -g -fstack-usage -Wall -specs=nano.specs -o Drivers\STM32L0xx_HAL_Driver\Src\stm32l0xx_hal_flash_ramfunc.o ..\Drivers\STM32L0xx_HAL_Driver\Src\stm32l0xx_hal_flash_ramfunc.c 
arm-atollic-eabi-gcc -c -mthumb -mcpu=cortex-m0plus -std=gnu11 -DUSE_HAL_DRIVER -DSTM32L010x6 -I../Inc -I../TrinksInc -I../Drivers/STM32L0xx_HAL_Driver/Inc -I../Drivers/STM32L0xx_HAL_Driver/Inc/Legacy -I../Drivers/CMSIS/Device/ST/STM32L0xx/Include -I../Drivers/CMSIS/Include -Os -ffunction-sections -fdata-sections -g -fstack-usage -Wall -specs=nano.specs -o Drivers\STM32L0xx_HAL_Driver\Src\stm32l0xx_hal_pwr_ex.o ..\Drivers\STM32L0xx_HAL_Driver\Src\stm32l0xx_hal_pwr_ex.c 
arm-atollic-eabi-gcc -c -mthumb -mcpu=cortex-m0plus -std=gnu11 -DUSE_HAL_DRIVER -DSTM32L010x6 -I../Inc -I../TrinksInc -I../Drivers/STM32L0xx_HAL_Driver/Inc -I../Drivers/STM32L0xx_HAL_Driver/Inc/Legacy -I../Drivers/CMSIS/Device/ST/STM32L0xx/Include -I../Drivers/CMSIS/Include -Os -ffunction-sections -fdata-sections -g -fstack-usage -Wall -specs=nano.specs -o Drivers\STM32L0xx_HAL_Driver\Src\stm32l0xx_hal_tim_ex.o ..\Drivers\STM32L0xx_HAL_Driver\Src\stm32l0xx_hal_tim_ex.c 
arm-atollic-eabi-gcc -c -mthumb -mcpu=cortex-m0plus -std=gnu11 -DUSE_HAL_DRIVER -DSTM32L010x6 -I../Inc -I../TrinksInc -I../Drivers/STM32L0xx_HAL_Driver/Inc -I../Drivers/STM32L0xx_HAL_Driver/Inc/Legacy -I../Drivers/CMSIS/Device/ST/STM32L0xx/Include -I../Drivers/CMSIS/Include -Os -ffunction-sections -fdata-sections -g -fstack-usage -Wall -specs=nano.specs -o Src\main.o ..\Src\main.c 
arm-atollic-eabi-gcc -c -mthumb -mcpu=cortex-m0plus -std=gnu11 -DUSE_HAL_DRIVER -DSTM32L010x6 -I../Inc -I../TrinksInc -I../Drivers/STM32L0xx_HAL_Driver/Inc -I../Drivers/STM32L0xx_HAL_Driver/Inc/Legacy -I../Drivers/CMSIS/Device/ST/STM32L0xx/Include -I../Drivers/CMSIS/Include -Os -ffunction-sections -fdata-sections -g -fstack-usage -Wall -specs=nano.specs -o Drivers\STM32L0xx_HAL_Driver\Src\stm32l0xx_hal_gpio.o ..\Drivers\STM32L0xx_HAL_Driver\Src\stm32l0xx_hal_gpio.c 
arm-atollic-eabi-gcc -c -mthumb -mcpu=cortex-m0plus -std=gnu11 -DUSE_HAL_DRIVER -DSTM32L010x6 -I../Inc -I../TrinksInc -I../Drivers/STM32L0xx_HAL_Driver/Inc -I../Drivers/STM32L0xx_HAL_Driver/Inc/Legacy -I../Drivers/CMSIS/Device/ST/STM32L0xx/Include -I../Drivers/CMSIS/Include -Os -ffunction-sections -fdata-sections -g -fstack-usage -Wall -specs=nano.specs -o Drivers\STM32L0xx_HAL_Driver\Src\stm32l0xx_hal_pwr.o ..\Drivers\STM32L0xx_HAL_Driver\Src\stm32l0xx_hal_pwr.c 
arm-atollic-eabi-gcc -c -mthumb -mcpu=cortex-m0plus -std=gnu11 -DUSE_HAL_DRIVER -DSTM32L010x6 -I../Inc -I../TrinksInc -I../Drivers/STM32L0xx_HAL_Driver/Inc -I../Drivers/STM32L0xx_HAL_Driver/Inc/Legacy -I../Drivers/CMSIS/Device/ST/STM32L0xx/Include -I../Drivers/CMSIS/Include -Os -ffunction-sections -fdata-sections -g -fstack-usage -Wall -specs=nano.specs -o Drivers\STM32L0xx_HAL_Driver\Src\stm32l0xx_hal_dma.o ..\Drivers\STM32L0xx_HAL_Driver\Src\stm32l0xx_hal_dma.c 
arm-atollic-eabi-gcc -c -mthumb -mcpu=cortex-m0plus -std=gnu11 -DUSE_HAL_DRIVER -DSTM32L010x6 -I../Inc -I../TrinksInc -I../Drivers/STM32L0xx_HAL_Driver/Inc -I../Drivers/STM32L0xx_HAL_Driver/Inc/Legacy -I../Drivers/CMSIS/Device/ST/STM32L0xx/Include -I../Drivers/CMSIS/Include -Os -ffunction-sections -fdata-sections -g -fstack-usage -Wall -specs=nano.specs -o Drivers\STM32L0xx_HAL_Driver\Src\stm32l0xx_hal_rcc_ex.o ..\Drivers\STM32L0xx_HAL_Driver\Src\stm32l0xx_hal_rcc_ex.c 
arm-atollic-eabi-gcc -c -mthumb -mcpu=cortex-m0plus -std=gnu11 -DUSE_HAL_DRIVER -DSTM32L010x6 -I../Inc -I../TrinksInc -I../Drivers/STM32L0xx_HAL_Driver/Inc -I../Drivers/STM32L0xx_HAL_Driver/Inc/Legacy -I../Drivers/CMSIS/Device/ST/STM32L0xx/Include -I../Drivers/CMSIS/Include -Os -ffunction-sections -fdata-sections -g -fstack-usage -Wall -specs=nano.specs -o Drivers\STM32L0xx_HAL_Driver\Src\stm32l0xx_hal_adc_ex.o ..\Drivers\STM32L0xx_HAL_Driver\Src\stm32l0xx_hal_adc_ex.c 
arm-atollic-eabi-gcc -o SuperStar1.elf Drivers\STM32L0xx_HAL_Driver\Src\stm32l0xx_hal.o Drivers\STM32L0xx_HAL_Driver\Src\stm32l0xx_hal_adc.o Drivers\STM32L0xx_HAL_Driver\Src\stm32l0xx_hal_adc_ex.o Drivers\STM32L0xx_HAL_Driver\Src\stm32l0xx_hal_cortex.o Drivers\STM32L0xx_HAL_Driver\Src\stm32l0xx_hal_dma.o Drivers\STM32L0xx_HAL_Driver\Src\stm32l0xx_hal_flash.o Drivers\STM32L0xx_HAL_Driver\Src\stm32l0xx_hal_flash_ex.o Drivers\STM32L0xx_HAL_Driver\Src\stm32l0xx_hal_flash_ramfunc.o Drivers\STM32L0xx_HAL_Driver\Src\stm32l0xx_hal_gpio.o Drivers\STM32L0xx_HAL_Driver\Src\stm32l0xx_hal_i2c.o Drivers\STM32L0xx_HAL_Driver\Src\stm32l0xx_hal_i2c_ex.o Drivers\STM32L0xx_HAL_Driver\Src\stm32l0xx_hal_pwr.o Drivers\STM32L0xx_HAL_Driver\Src\stm32l0xx_hal_pwr_ex.o Drivers\STM32L0xx_HAL_Driver\Src\stm32l0xx_hal_rcc.o Drivers\STM32L0xx_HAL_Driver\Src\stm32l0xx_hal_rcc_ex.o Drivers\STM32L0xx_HAL_Driver\Src\stm32l0xx_hal_tim.o Drivers\STM32L0xx_HAL_Driver\Src\stm32l0xx_hal_tim_ex.o Src\adc.o Src\gpio.o Src\main.o Src\stm32l0xx_hal_msp.o Src\stm32l0xx_it.o Src\syscalls.o Src\system_stm32l0xx.o startup\startup_stm32l010x6.o -mthumb -mcpu=cortex-m0plus -T../STM32L010C6_FLASH.ld -specs=nosys.specs -static -Wl,-Map=SuperStar1.map -Wl,--gc-sections -Wl,--defsym=malloc_getpagesize_P=0x80 -Wl,--start-group -lc -lm -Wl,--end-group -specs=nano.specs 
C:\Program Files (x86)\Atollic\TrueSTUDIO for STM32 9.3.0\ide\jre\bin\java -jar C:\Program Files (x86)\Atollic\TrueSTUDIO for STM32 9.3.0\Tools\arm-atollic-reports.jar sizeinfo list SuperStar1.elf 
Generate build reports...
Print size information
   text	   data	    bss	    dec	    hex	filename
   4820	     12	   1660	   6492	   195c	SuperStar1.elf
Print size information done
Generate listing file
Output sent to: SuperStar1.list
Generate listing file done
Generate build reports done
arm-atollic-eabi-objcopy.exe -O ihex SuperStar1.elf SuperStar1.hex 
Info: Nothing to build for SuperStar1
